Archive member included to satisfy reference by file (symbol)

/Applications/ArmGNUToolchain/15.2.rel1/arm-none-eabi/bin/../lib/gcc/arm-none-eabi/15.2.1/../../../../arm-none-eabi/lib/thumb/v7-m/nofp/libc_nano.a(libc_a-exit.o)
                              /Applications/ArmGNUToolchain/15.2.rel1/arm-none-eabi/bin/../lib/gcc/arm-none-eabi/15.2.1/../../../../arm-none-eabi/lib/thumb/v7-m/nofp/crt0.o (exit)
/Applications/ArmGNUToolchain/15.2.rel1/arm-none-eabi/bin/../lib/gcc/arm-none-eabi/15.2.1/../../../../arm-none-eabi/lib/thumb/v7-m/nofp/libc_nano.a(libc_a-snprintf.o)
                              build/LCD_UI.o (snprintf)
/Applications/ArmGNUToolchain/15.2.rel1/arm-none-eabi/bin/../lib/gcc/arm-none-eabi/15.2.1/../../../../arm-none-eabi/lib/thumb/v7-m/nofp/libc_nano.a(libc_a-findfp.o)
                              /Applications/ArmGNUToolchain/15.2.rel1/arm-none-eabi/bin/../lib/gcc/arm-none-eabi/15.2.1/../../../../arm-none-eabi/lib/thumb/v7-m/nofp/libc_nano.a(libc_a-exit.o) (__stdio_exit_handler)
/Applications/ArmGNUToolchain/15.2.rel1/arm-none-eabi/bin/../lib/gcc/arm-none-eabi/15.2.1/../../../../arm-none-eabi/lib/thumb/v7-m/nofp/libc_nano.a(libc_a-vsnprintf.o)
                              build/LCD.o (vsnprintf)
/Applications/ArmGNUToolchain/15.2.rel1/arm-none-eabi/bin/../lib/gcc/arm-none-eabi/15.2.1/../../../../arm-none-eabi/lib/thumb/v7-m/nofp/libc_nano.a(libc_a-fwalk.o)
                              /Applications/ArmGNUToolchain/15.2.rel1/arm-none-eabi/bin/../lib/gcc/arm-none-eabi/15.2.1/../../../../arm-none-eabi/lib/thumb/v7-m/nofp/libc_nano.a(libc_a-findfp.o) (_fwalk_sglue)
/Applications/ArmGNUToolchain/15.2.rel1/arm-none-eabi/bin/../lib/gcc/arm-none-eabi/15.2.1/../../../../arm-none-eabi/lib/thumb/v7-m/nofp/libc_nano.a(libc_a-printf.o)
                              build/uart_cmd.o (printf)
/Applications/ArmGNUToolchain/15.2.rel1/arm-none-eabi/bin/../lib/gcc/arm-none-eabi/15.2.1/../../../../arm-none-eabi/lib/thumb/v7-m/nofp/libc_nano.a(libc_a-puts.o)
                              build/uart_cmd.o (puts)
/Applications/ArmGNUToolchain/15.2.rel1/arm-none-eabi/bin/../lib/gcc/arm-none-eabi/15.2.1/../../../../arm-none-eabi/lib/thumb/v7-m/nofp/libc_nano.a(libc_a-memset.o)
                              /Applications/ArmGNUToolchain/15.2.rel1/arm-none-eabi/bin/../lib/gcc/arm-none-eabi/15.2.1/../../../../arm-none-eabi/lib/thumb/v7-m/nofp/crt0.o (memset)
/Applications/ArmGNUToolchain/15.2.rel1/arm-none-eabi/bin/../lib/gcc/arm-none-eabi/15.2.1/../../../../arm-none-eabi/lib/thumb/v7-m/nofp/libc_nano.a(libc_a-strncmp.o)
                              build/LCD_UI.o (strncmp)
/Applications/ArmGNUToolchain/15.2.rel1/arm-none-eabi/bin/../lib/gcc/arm-none-eabi/15.2.1/../../../../arm-none-eabi/lib/thumb/v7-m/nofp/libc_nano.a(libc_a-errno.o)
                              build/sysmem.o (__errno)
/Applications/ArmGNUToolchain/15.2.rel1/arm-none-eabi/bin/../lib/gcc/arm-none-eabi/15.2.1/../../../../arm-none-eabi/lib/thumb/v7-m/nofp/libc_nano.a(libc_a-init.o)
                              /Applications/ArmGNUToolchain/15.2.rel1/arm-none-eabi/bin/../lib/gcc/arm-none-eabi/15.2.1/../../../../arm-none-eabi/lib/thumb/v7-m/nofp/crt0.o (__libc_init_array)
/Applications/ArmGNUToolchain/15.2.rel1/arm-none-eabi/bin/../lib/gcc/arm-none-eabi/15.2.1/../../../../arm-none-eabi/lib/thumb/v7-m/nofp/libc_nano.a(libc_a-lock.o)
                              /Applications/ArmGNUToolchain/15.2.rel1/arm-none-eabi/bin/../lib/gcc/arm-none-eabi/15.2.1/../../../../arm-none-eabi/lib/thumb/v7-m/nofp/libc_nano.a(libc_a-findfp.o) (__retarget_lock_init_recursive)
/Applications/ArmGNUToolchain/15.2.rel1/arm-none-eabi/bin/../lib/gcc/arm-none-eabi/15.2.1/../../../../arm-none-eabi/lib/thumb/v7-m/nofp/libc_nano.a(libc_a-impure.o)
                              /Applications/ArmGNUToolchain/15.2.rel1/arm-none-eabi/bin/../lib/gcc/arm-none-eabi/15.2.1/../../../../arm-none-eabi/lib/thumb/v7-m/nofp/libc_nano.a(libc_a-snprintf.o) (_impure_ptr)
/Applications/ArmGNUToolchain/15.2.rel1/arm-none-eabi/bin/../lib/gcc/arm-none-eabi/15.2.1/../../../../arm-none-eabi/lib/thumb/v7-m/nofp/libc_nano.a(libc_a-memcpy-stub.o)
                              build/LCD_UI.o (memcpy)
/Applications/ArmGNUToolchain/15.2.rel1/arm-none-eabi/bin/../lib/gcc/arm-none-eabi/15.2.1/../../../../arm-none-eabi/lib/thumb/v7-m/nofp/libc_nano.a(libc_a-strlen.o)
                              build/LCD.o (strlen)
/Applications/ArmGNUToolchain/15.2.rel1/arm-none-eabi/bin/../lib/gcc/arm-none-eabi/15.2.1/../../../../arm-none-eabi/lib/thumb/v7-m/nofp/libc_nano.a(libc_a-nano-svfprintf.o)
                              /Applications/ArmGNUToolchain/15.2.rel1/arm-none-eabi/bin/../lib/gcc/arm-none-eabi/15.2.1/../../../../arm-none-eabi/lib/thumb/v7-m/nofp/libc_nano.a(libc_a-snprintf.o) (_svfprintf_r)
/Applications/ArmGNUToolchain/15.2.rel1/arm-none-eabi/bin/../lib/gcc/arm-none-eabi/15.2.1/../../../../arm-none-eabi/lib/thumb/v7-m/nofp/libc_nano.a(libc_a-mallocr.o)
[...]
Memory Configuration

Name             Origin             Length             Attributes
RAM              0x20000000         0x00005000         xrw
FLASH            0x08000000         0x00020000         xr
*default*        0x00000000         0xffffffff

Linker script and memory map

LOAD /Applications/ArmGNUToolchain/15.2.rel1/arm-none-eabi/bin/../lib/gcc/arm-none-eabi/15.2.1/thumb/v7-m/nofp/crti.o
LOAD /Applications/ArmGNUToolchain/15.2.rel1/arm-none-eabi/bin/../lib/gcc/arm-none-eabi/15.2.1/thumb/v7-m/nofp/crtbegin.o
LOAD /Applications/ArmGNUToolchain/15.2.rel1/arm-none-eabi/bin/../lib/gcc/arm-none-eabi/15.2.1/../../../../arm-none-eabi/lib/thumb/v7-m/nofp/crt0.o
LOAD build/main.o
LOAD build/gpio.o
LOAD build/tim.o
LOAD build/usart.o
LOAD build/stm32f1xx_it.o
LOAD build/stm32f1xx_hal_msp.o
LOAD build/stm32f1xx_hal_gpio_ex.o
LOAD build/stm32f1xx_hal_tim.o
LOAD build/stm32f1xx_hal_tim_ex.o
LOAD build/stm32f1xx_hal.o
LOAD build/stm32f1xx_hal_rcc.o
LOAD build/stm32f1xx_hal_rcc_ex.o
LOAD build/stm32f1xx_hal_gpio.o
LOAD build/stm32f1xx_hal_dma.o
LOAD build/stm32f1xx_hal_cortex.o
LOAD build/stm32f1xx_hal_pwr.o
LOAD build/stm32f1xx_hal_flash.o
LOAD build/stm32f1xx_hal_flash_ex.o
LOAD build/stm32f1xx_hal_exti.o
LOAD build/stm32f1xx_hal_uart.o
LOAD build/system_stm32f1xx.o
LOAD build/sysmem.o
LOAD build/syscalls.o
LOAD build/LCD.o
LOAD build/LCD_UI.o
LOAD build/tachometer.o
LOAD build/fan_control.o
LOAD build/led_status.o
LOAD build/ui_lcd.o
LOAD build/uart_cmd.o
LOAD build/Profil.o
LOAD build/AFLCalcul.o
LOAD build/button.o
LOAD build/temperature_stub.o
LOAD build/startup_stm32f103xb.o
LOAD /Applications/ArmGNUToolchain/15.2.rel1/arm-none-eabi/bin/../lib/gcc/arm-none-eabi/15.2.1/../../../../arm-none-eabi/lib/thumb/v7-m/nofp/libc_nano.a
LOAD /Applications/ArmGNUToolchain/15.2.rel1/arm-none-eabi/bin/../lib/gcc/arm-none-eabi/15.2.1/../../../../arm-none-eabi/lib/thumb/v7-m/nofp/libm.a
LOAD /Applications/ArmGNUToolchain/15.2.rel1/arm-none-eabi/bin/../lib/gcc/arm-none-eabi/15.2.1/../../../../arm-none-eabi/lib/thumb/v7-m/nofp/libnosys.a
START GROUP
LOAD /Applications/ArmGNUToolchain/15.2.rel1/arm-none-eabi/bin/../lib/gcc/arm-none-eabi/15.2.1/thumb/v7-m/nofp/libgcc.a
LOAD /Applications/ArmGNUToolchain/15.2.rel1/arm-none-eabi/bin/../lib/gcc/arm-none-eabi/15.2.1/../../../../arm-none-eabi/lib/thumb/v7-m/nofp/libc_nano.a
END GROUP
START GROUP
LOAD /Applications/ArmGNUToolchain/15.2.rel1/arm-none-eabi/bin/../lib/gcc/arm-none-eabi/15.2.1/thumb/v7-m/nofp/libgcc.a
LOAD /Applications/ArmGNUToolchain/15.2.rel1/arm-none-eabi/bin/../lib/gcc/arm-none-eabi/15.2.1/../../../../arm-none-eabi/lib/thumb/v7-m/nofp/libc_nano.a
END GROUP
LOAD /Applications/ArmGNUToolchain/15.2.rel1/arm-none-eabi/bin/../lib/gcc/arm-none-eabi/15.2.1/thumb/v7-m/nofp/crtend.o
LOAD /Applications/ArmGNUToolchain/15.2.rel1/arm-none-eabi/bin/../lib/gcc/arm-none-eabi/15.2.1/thumb/v7-m/nofp/crtn.o
                0x20005000                        _estack = (ORIGIN (RAM) + LENGTH (RAM))
                0x20004c00                        _sstack = (_estack - _Min_Stack_Size)
                0x00000200                        _Min_Heap_Size = 0x200
                0x00000400                        _Min_Stack_Size = 0x400

.isr_vector     0x08000000      0x10c
                0x08000000                        . = ALIGN (0x4)
 *(.isr_vector)
 .isr_vector    0x08000000      0x10c build/startup_stm32f103xb.o
                0x08000000                g_pfnVectors
                0x0800010c                        . = ALIGN (0x4)

.text           0x0800010c     0x4948
                0x0800010c                        . = ALIGN (0x4)
 *(.text)
 .text          0x0800010c       0x10 /Applications/ArmGNUToolchain/15.2.rel1/arm-none-eabi/bin/../lib/gcc/arm-none-eabi/15.2.1/../../../../arm-none-eabi/lib/thumb/v7-m/nofp/libc_nano.a(libc_a-strlen.o)
                0x0800010c                strlen
 *(.text*)
 .text.deregister_tm_clones
                0x0800011c       0x1c /Applications/ArmGNUToolchain/15.2.rel1/arm-none-eabi/bin/../lib/gcc/arm-none-eabi/15.2.1/thumb/v7-m/nofp/crtbegin.o
 .text.register_tm_clones
                0x08000138       0x24 /Applications/ArmGNUToolchain/15.2.rel1/arm-none-eabi/bin/../lib/gcc/arm-none-eabi/15.2.1/thumb/v7-m/nofp/crtbegin.o
 .text.__do_global_dtors_aux
                0x0800015c       0x28 /Applications/ArmGNUToolchain/15.2.rel1/arm-none-eabi/bin/../lib/gcc/arm-none-eabi/15.2.1/thumb/v7-m/nofp/crtbegin.o
 .text.frame_dummy
                0x08000184       0x24 /Applications/ArmGNUToolchain/15.2.rel1/arm-none-eabi/bin/../lib/gcc/arm-none-eabi/15.2.1/thumb/v7-m/nofp/crtbegin.o
 .text.AFLC_BuildMaxRpmArray
                0x080001a8       0x30 build/main.o
 .text.AFLC_AppEnterState
                0x080001d8       0x74 build/main.o
 .text.AFLC_UpdateStartupPassMask
                0x0800024c       0x44 build/main.o
 .text.AFLC_RuntimeStep
                0x08000290       0x54 build/main.o
 .text.AFLC_AppTask
                0x080002e4      0x170 build/main.o
 .text.HAL_TIM_IC_CaptureCallback
                0x08000454        0x8 build/main.o
                0x08000454                HAL_TIM_IC_CaptureCallback
 .text.Error_Handler
                0x0800045c        0x4 build/main.o
                0x0800045c                Error_Handler
 .text.MX_AFLC_StartPeripherals
                0x08000460       0x7c build/main.o
 .text.SystemClock_Config
                0x080004dc       0x52 build/main.o
                0x080004dc                SystemClock_Config
 *fill*         0x0800052e        0x2 
 .text.main     0x08000530      0x15c build/main.o
                0x08000530                main
 .text.MX_GPIO_Init
                0x0800068c       0xf4 build/gpio.o
                0x0800068c                MX_GPIO_Init
 .text.MX_TIM2_Init
                0x08000780       0xd4 build/tim.o
                0x08000780                MX_TIM2_Init
 .text.HAL_TIM_Base_MspInit
                0x08000854       0x88 build/tim.o
                0x08000854                HAL_TIM_Base_MspInit
 .text.HAL_TIM_MspPostInit
                0x080008dc       0x70 build/tim.o
                0x080008dc                HAL_TIM_MspPostInit
 .text.MX_TIM3_Init
                0x0800094c       0xec build/tim.o
                0x0800094c                MX_TIM3_Init
 .text.MX_USART1_UART_Init
                0x08000a38       0x34 build/usart.o
                0x08000a38                MX_USART1_UART_Init
 .text.HAL_UART_MspInit
                0x08000a6c       0x78 build/usart.o
                0x08000a6c                HAL_UART_MspInit
 .text.NMI_Handler
                0x08000ae4        0x2 build/stm32f1xx_it.o
                0x08000ae4                NMI_Handler
 .text.HardFault_Handler
                0x08000ae6        0x2 build/stm32f1xx_it.o
                0x08000ae6                HardFault_Handler
 .text.MemManage_Handler
                0x08000ae8        0x2 build/stm32f1xx_it.o
                0x08000ae8                MemManage_Handler
 .text.BusFault_Handler
                0x08000aea        0x2 build/stm32f1xx_it.o
                0x08000aea                BusFault_Handler
 .text.UsageFault_Handler
                0x08000aec        0x2 build/stm32f1xx_it.o
                0x08000aec                UsageFault_Handler
 .text.SVC_Handler
                0x08000aee        0x2 build/stm32f1xx_it.o
                0x08000aee                SVC_Handler
 .text.DebugMon_Handler
                0x08000af0        0x2 build/stm32f1xx_it.o
                0x08000af0                DebugMon_Handler
 .text.PendSV_Handler
                0x08000af2        0x2 build/stm32f1xx_it.o
                0x08000af2                PendSV_Handler
 .text.SysTick_Handler
                0x08000af4        0x8 build/stm32f1xx_it.o
                0x08000af4                SysTick_Handler
 .text.TIM2_IRQHandler
                0x08000afc       0x10 build/stm32f1xx_it.o
                0x08000afc                TIM2_IRQHandler
 .text.HAL_MspInit
                0x08000b0c       0x44 build/stm32f1xx_hal_msp.o
                0x08000b0c                HAL_MspInit
 .text.TIM_OC1_SetConfig
                0x08000b50       0x68 build/stm32f1xx_hal_tim.o
 .text.TIM_OC3_SetConfig
                0x08000bb8       0x6c build/stm32f1xx_hal_tim.o
 .text.TIM_OC4_SetConfig
                0x08000c24       0x54 build/stm32f1xx_hal_tim.o
 .text.TIM_TI1_ConfigInputStage
                0x08000c78       0x26 build/stm32f1xx_hal_tim.o
 .text.TIM_TI2_SetConfig
                0x08000c9e       0x3e build/stm32f1xx_hal_tim.o
 .text.TIM_TI2_ConfigInputStage
                0x08000cdc       0x28 build/stm32f1xx_hal_tim.o
 .text.TIM_TI3_SetConfig
                0x08000d04       0x3e build/stm32f1xx_hal_tim.o
 .text.TIM_TI4_SetConfig
                0x08000d42       0x3e build/stm32f1xx_hal_tim.o
 .text.TIM_ITRx_SetConfig
                0x08000d80       0x10 build/stm32f1xx_hal_tim.o
 .text.HAL_TIM_PWM_MspInit
                0x08000d90        0x2 build/stm32f1xx_hal_tim.o
                0x08000d90                HAL_TIM_PWM_MspInit
 .text.HAL_TIM_IC_MspInit
                0x08000d92        0x2 build/stm32f1xx_hal_tim.o
                0x08000d92                HAL_TIM_IC_MspInit
 .text.HAL_TIM_ReadCapturedValue
                0x08000d94       0x30 build/stm32f1xx_hal_tim.o
                0x08000d94                HAL_TIM_ReadCapturedValue
 .text.HAL_TIM_PeriodElapsedCallback
                0x08000dc4        0x2 build/stm32f1xx_hal_tim.o
                0x08000dc4                HAL_TIM_PeriodElapsedCallback
 .text.HAL_TIM_OC_DelayElapsedCallback
                0x08000dc6        0x2 build/stm32f1xx_hal_tim.o
                0x08000dc6                HAL_TIM_OC_DelayElapsedCallback
 .text.HAL_TIM_PWM_PulseFinishedCallback
                0x08000dc8        0x2 build/stm32f1xx_hal_tim.o
                0x08000dc8                HAL_TIM_PWM_PulseFinishedCallback
 .text.HAL_TIM_TriggerCallback
                0x08000dca        0x2 build/stm32f1xx_hal_tim.o
                0x08000dca                HAL_TIM_TriggerCallback
 .text.HAL_TIM_IRQHandler
                0x08000dcc      0x15e build/stm32f1xx_hal_tim.o
                0x08000dcc                HAL_TIM_IRQHandler
 *fill*         0x08000f2a        0x2 
 .text.TIM_Base_SetConfig
                0x08000f2c       0x84 build/stm32f1xx_hal_tim.o
                0x08000f2c                TIM_Base_SetConfig
 .text.HAL_TIM_Base_Init
                0x08000fb0       0x58 build/stm32f1xx_hal_tim.o
                0x08000fb0                HAL_TIM_Base_Init
 .text.HAL_TIM_PWM_Init
                0x08001008       0x58 build/stm32f1xx_hal_tim.o
                0x08001008                HAL_TIM_PWM_Init
 .text.HAL_TIM_IC_Init
                0x08001060       0x58 build/stm32f1xx_hal_tim.o
                0x08001060                HAL_TIM_IC_Init
 .text.TIM_OC2_SetConfig
                0x080010b8       0x74 build/stm32f1xx_hal_tim.o
                0x080010b8                TIM_OC2_SetConfig
 .text.HAL_TIM_PWM_ConfigChannel
                0x0800112c       0xe2 build/stm32f1xx_hal_tim.o
                0x0800112c                HAL_TIM_PWM_ConfigChannel
 *fill*         0x0800120e        0x2 
 .text.TIM_TI1_SetConfig
                0x08001210       0x5c build/stm32f1xx_hal_tim.o
                0x08001210                TIM_TI1_SetConfig
 .text.HAL_TIM_IC_ConfigChannel
                0x0800126c       0xc4 build/stm32f1xx_hal_tim.o
                0x0800126c                HAL_TIM_IC_ConfigChannel
 .text.TIM_ETR_SetConfig
                0x08001330       0x16 build/stm32f1xx_hal_tim.o
                0x08001330                TIM_ETR_SetConfig
 .text.HAL_TIM_ConfigClockSource
                0x08001346       0xfe build/stm32f1xx_hal_tim.o
                0x08001346                HAL_TIM_ConfigClockSource
 .text.TIM_CCxChannelCmd
                0x08001444       0x1e build/stm32f1xx_hal_tim.o
                0x08001444                TIM_CCxChannelCmd
 *fill*         0x08001462        0x2 
 .text.HAL_TIM_PWM_Start
                0x08001464       0xd4 build/stm32f1xx_hal_tim.o
                0x08001464                HAL_TIM_PWM_Start
 .text.HAL_TIM_IC_Start_IT
                0x08001538      0x144 build/stm32f1xx_hal_tim.o
                0x08001538                HAL_TIM_IC_Start_IT
 .text.HAL_TIMEx_MasterConfigSynchronization
                0x0800167c       0x6c build/stm32f1xx_hal_tim_ex.o
                0x0800167c                HAL_TIMEx_MasterConfigSynchronization
 .text.HAL_TIMEx_CommutCallback
                0x080016e8        0x2 build/stm32f1xx_hal_tim_ex.o
                0x080016e8                HAL_TIMEx_CommutCallback
 .text.HAL_TIMEx_BreakCallback
                0x080016ea        0x2 build/stm32f1xx_hal_tim_ex.o
                0x080016ea                HAL_TIMEx_BreakCallback
 .text.HAL_InitTick
                0x080016ec       0x4c build/stm32f1xx_hal.o
                0x080016ec                HAL_InitTick
 .text.HAL_Init
                0x08001738       0x24 build/stm32f1xx_hal.o
                0x08001738                HAL_Init
 .text.HAL_IncTick
                0x0800175c       0x18 build/stm32f1xx_hal.o
                0x0800175c                HAL_IncTick
 .text.HAL_GetTick
                0x08001774        0xc build/stm32f1xx_hal.o
                0x08001774                HAL_GetTick
 .text.RCC_Delay
                0x08001780       0x2c build/stm32f1xx_hal_rcc.o
 .text.HAL_RCC_OscConfig
                0x080017ac      0x414 build/stm32f1xx_hal_rcc.o
                0x080017ac                HAL_RCC_OscConfig
 .text.HAL_RCC_GetSysClockFreq
                0x08001bc0       0x54 build/stm32f1xx_hal_rcc.o
                0x08001bc0                HAL_RCC_GetSysClockFreq
 .text.HAL_RCC_ClockConfig
                0x08001c14      0x16c build/stm32f1xx_hal_rcc.o
                0x08001c14                HAL_RCC_ClockConfig
 .text.HAL_RCC_GetHCLKFreq
                0x08001d80        0xc build/stm32f1xx_hal_rcc.o
                0x08001d80                HAL_RCC_GetHCLKFreq
 .text.HAL_RCC_GetPCLK1Freq
                0x08001d8c       0x20 build/stm32f1xx_hal_rcc.o
                0x08001d8c                HAL_RCC_GetPCLK1Freq
 .text.HAL_RCC_GetPCLK2Freq
                0x08001dac       0x20 build/stm32f1xx_hal_rcc.o
                0x08001dac                HAL_RCC_GetPCLK2Freq
 .text.HAL_GPIO_Init
                0x08001dcc      0x1e4 build/stm32f1xx_hal_gpio.o
                0x08001dcc                HAL_GPIO_Init
 .text.HAL_GPIO_WritePin
                0x08001fb0        0xc build/stm32f1xx_hal_gpio.o
                0x08001fb0                HAL_GPIO_WritePin
 .text.__NVIC_SetPriority
                0x08001fbc       0x28 build/stm32f1xx_hal_cortex.o
 .text.NVIC_EncodePriority
                0x08001fe4       0x46 build/stm32f1xx_hal_cortex.o
 *fill*         0x0800202a        0x2 
 .text.HAL_NVIC_SetPriorityGrouping
                0x0800202c       0x24 build/stm32f1xx_hal_cortex.o
                0x0800202c                HAL_NVIC_SetPriorityGrouping
 .text.HAL_NVIC_SetPriority
                0x08002050       0x20 build/stm32f1xx_hal_cortex.o
                0x08002050                HAL_NVIC_SetPriority
 .text.HAL_NVIC_EnableIRQ
                0x08002070       0x1c build/stm32f1xx_hal_cortex.o
                0x08002070                HAL_NVIC_EnableIRQ
 .text.HAL_SYSTICK_Config
                0x0800208c       0x28 build/stm32f1xx_hal_cortex.o
                0x0800208c                HAL_SYSTICK_Config
 .text.UART_EndRxTransfer
                0x080020b4       0x5c build/stm32f1xx_hal_uart.o
 .text.UART_SetConfig
                0x08002110       0x94 build/stm32f1xx_hal_uart.o
 .text.UART_WaitOnFlagUntilTimeout
                0x080021a4       0x84 build/stm32f1xx_hal_uart.o
 .text.HAL_UART_Init
                0x08002228       0x60 build/stm32f1xx_hal_uart.o
                0x08002228                HAL_UART_Init
 .text.HAL_UART_Transmit
                0x08002288       0xcc build/stm32f1xx_hal_uart.o
                0x08002288                HAL_UART_Transmit
 .text.HAL_UART_Receive
                0x08002354       0xd2 build/stm32f1xx_hal_uart.o
                0x08002354                HAL_UART_Receive
 .text.SystemInit
                0x08002426        0x2 build/system_stm32f1xx.o
                0x08002426                SystemInit
 .text._sbrk    0x08002428       0x4c build/sysmem.o
                0x08002428                _sbrk
 .text._read    0x08002474       0x20 build/syscalls.o
                0x08002474                _read
 .text._write   0x08002494       0x1c build/syscalls.o
                0x08002494                _write
 .text._close   0x080024b0        0x6 build/syscalls.o
                0x080024b0                _close
 .text._fstat   0x080024b6        0xa build/syscalls.o
                0x080024b6                _fstat
 .text._isatty  0x080024c0        0x4 build/syscalls.o
                0x080024c0                _isatty
 .text._lseek   0x080024c4        0x4 build/syscalls.o
                0x080024c4                _lseek
 .text.LCD_DelayMs
                0x080024c8       0x20 build/LCD.o
 .text.LCD_DelayShort
                0x080024e8       0x18 build/LCD.o
 .text.LCD_EnablePulse
                0x08002500       0x1c build/LCD.o
 .text.LCD_Send4Bits
                0x0800251c       0x1c build/LCD.o
 .text.LCD_SendCommand
                0x08002538       0x28 build/LCD.o
                0x08002538                LCD_SendCommand
 .text.LCD_SendChar
                0x08002560       0x28 build/LCD.o
                0x08002560                LCD_SendChar
 .text.LCD_SendString
                0x08002588       0x16 build/LCD.o
                0x08002588                LCD_SendString
 *fill*         0x0800259e        0x2 
 .text.LCD_SetCursor
                0x080025a0       0x20 build/LCD.o
                0x080025a0                LCD_SetCursor
 .text.LCD_Init
                0x080025c0       0x34 build/LCD.o
                0x080025c0                LCD_Init
 .text.LCD_Clear
                0x080025f4       0x10 build/LCD.o
                0x080025f4                LCD_Clear
 .text.LCD_WriteAt
                0x08002604       0x14 build/LCD.o
                0x08002604                LCD_WriteAt
 .text.Tachometer_ChannelFromHal
                0x08002618       0x30 build/tachometer.o
 .text.Tachometer_ResetSamples
                0x08002648       0x1c build/tachometer.o
 .text.Tachometer_ComputeAverage
                0x08002664       0x2e build/tachometer.o
 *fill*         0x08002692        0x2 
 .text.Tachometer_Init
                0x08002694       0x34 build/tachometer.o
                0x08002694                Tachometer_Init
 .text.Tachometer_OnCapture
                0x080026c8       0x8c build/tachometer.o
                0x080026c8                Tachometer_OnCapture
 .text.Tachometer_Task
                0x08002754       0xb8 build/tachometer.o
                0x08002754                Tachometer_Task
 .text.Tachometer_GetReading
                0x0800280c       0x18 build/tachometer.o
                0x0800280c                Tachometer_GetReading
 .text.Tachometer_GetSnapshot
                0x08002824       0x38 build/tachometer.o
                0x08002824                Tachometer_GetSnapshot
 .text.FanControl_ApplyDuty
                0x0800285c       0x50 build/fan_control.o
 .text.FanControl_DutyToPercent
                0x080028ac       0x1c build/fan_control.o
 .text.FanControl_UpdateFan
                0x080028c8       0xb0 build/fan_control.o
 .text.FanControl_SetDutyPermille
                0x08002978       0x44 build/fan_control.o
                0x08002978                FanControl_SetDutyPermille
 .text.FanControl_SetDutyPermilleAll
                0x080029bc       0x3c build/fan_control.o
                0x080029bc                FanControl_SetDutyPermilleAll
 .text.FanControl_Init
                0x080029f8       0x6c build/fan_control.o
                0x080029f8                FanControl_Init
 .text.FanControl_Task
                0x08002a64       0x60 build/fan_control.o
                0x08002a64                FanControl_Task
 .text.FanControl_SetTargetRpm
                0x08002ac4       0x48 build/fan_control.o
                0x08002ac4                FanControl_SetTargetRpm
 .text.FanControl_SetTargetRpmArray
                0x08002b0c       0x28 build/fan_control.o
                0x08002b0c                FanControl_SetTargetRpmArray
 .text.FanControl_StartRampTest
                0x08002b34       0x14 build/fan_control.o
                0x08002b34                FanControl_StartRampTest
 .text.FanControl_IsRampActive
                0x08002b48        0xc build/fan_control.o
                0x08002b48                FanControl_IsRampActive
 .text.FanControl_EnterSafeState
                0x08002b54       0x30 build/fan_control.o
                0x08002b54                FanControl_EnterSafeState
 .text.FanControl_HasAnyFault
                0x08002b84       0x28 build/fan_control.o
                0x08002b84                FanControl_HasAnyFault
 .text.FanControl_GetStatuses
                0x08002bac        0x8 build/fan_control.o
                0x08002bac                FanControl_GetStatuses
 .text.FanControl_GetDutyPermille
                0x08002bb4        0xc build/fan_control.o
                0x08002bb4                FanControl_GetDutyPermille
 .text.LedStatus_Write
                0x08002bc0        0x8 build/led_status.o
 .text.LedStatus_Init
                0x08002bc8       0x54 build/led_status.o
                0x08002bc8                LedStatus_Init
 .text.LedStatus_SetMode
                0x08002c1c        0xc build/led_status.o
                0x08002c1c                LedStatus_SetMode
 .text.LedStatus_Task
                0x08002c28       0xd8 build/led_status.o
                0x08002c28                LedStatus_Task
 .text.LedStatus_NotifyCommActivity
                0x08002d00        0xc build/led_status.o
                0x08002d00                LedStatus_NotifyCommActivity
 .text.UI_LCD_GetProfilePage
                0x08002d0c        0xc build/ui_lcd.o
 .text.UI_LCD_ClearCache
                0x08002d18       0x30 build/ui_lcd.o
 .text.UI_LCD_WriteLine
                0x08002d48       0x98 build/ui_lcd.o
 .text.UI_LCD_RenderProfileScreen
                0x08002de0       0xbc build/ui_lcd.o
 .text.UI_LCD_RenderStartupTest
                0x08002e9c       0xc0 build/ui_lcd.o
 .text.UI_LCD_RenderRuntime
                0x08002f5c       0xcc build/ui_lcd.o
 .text.UI_LCD_Render
                0x08003028       0xb4 build/ui_lcd.o
 .text.UI_LCD_Init
                0x080030dc       0x2c build/ui_lcd.o
                0x080030dc                UI_LCD_Init
 .text.UI_LCD_Task
                0x08003108       0x58 build/ui_lcd.o
                0x08003108                UI_LCD_Task
 .text.UI_LCD_ShowProfilesReady
                0x08003160       0x2c build/ui_lcd.o
                0x08003160                UI_LCD_ShowProfilesReady
 .text.UI_LCD_ShowWaitConfirm
                0x0800318c       0x2c build/ui_lcd.o
                0x0800318c                UI_LCD_ShowWaitConfirm
 .text.UI_LCD_ShowStartupTest
                0x080031b8       0x1c build/ui_lcd.o
                0x080031b8                UI_LCD_ShowStartupTest
 .text.UI_LCD_ShowRuntime
                0x080031d4       0x38 build/ui_lcd.o
                0x080031d4                UI_LCD_ShowRuntime
 .text.UI_LCD_ShowSafeState
                0x0800320c       0x14 build/ui_lcd.o
                0x0800320c                UI_LCD_ShowSafeState
 .text.UART_Cmd_PrintHelp
                0x08003220       0x54 build/uart_cmd.o
 .text.UART_Cmd_PrintSystemStatus
                0x08003274       0xa0 build/uart_cmd.o
 .text.UART_Cmd_PrintTachStatus
                0x08003314       0x4c build/uart_cmd.o
 .text.UART_Cmd_Init
                0x08003360        0x8 build/uart_cmd.o
                0x08003360                UART_Cmd_Init
 .text.UART_Cmd_Task
                0x08003368      0x104 build/uart_cmd.o
                0x08003368                UART_Cmd_Task
 .text.__io_putchar
                0x0800346c       0x24 build/uart_cmd.o
                0x0800346c                __io_putchar
 .text.__io_getchar
                0x08003490       0x28 build/uart_cmd.o
                0x08003490                __io_getchar
 .text.Profil_Init
                0x080034b8       0x10 build/Profil.o
                0x080034b8                Profil_Init
 .text.Profil_CalculateAll
                0x080034c8       0x80 build/Profil.o
                0x080034c8                Profil_CalculateAll
 .text.Profil_GetResult
                0x08003548        0x8 build/Profil.o
                0x08003548                Profil_GetResult
 .text.Profil_GetName
                0x08003550       0x3c build/Profil.o
                0x08003550                Profil_GetName
 .text.AFLCalcul_Compute
                0x0800358c       0xc2 build/AFLCalcul.o
                0x0800358c                AFLCalcul_Compute
 *fill*         0x0800364e        0x2 
 .text.Button_Init
                0x08003650        0xc build/button.o
                0x08003650                Button_Init
 .text.Button_Task
                0x0800365c        0x2 build/button.o
                0x0800365c                Button_Task
 *fill*         0x0800365e        0x2 
 .text.Button_IsConfirmPressed
                0x08003660        0xc build/button.o
                0x08003660                Button_IsConfirmPressed
 .text.Button_ClearConfirm
                0x0800366c        0xc build/button.o
                0x0800366c                Button_ClearConfirm
 .text.Button_NotifyConfirmCommand
                0x08003678        0xc build/button.o
                0x08003678                Button_NotifyConfirmCommand
 .text.TemperatureStub_Init
                0x08003684       0x18 build/temperature_stub.o
                0x08003684                TemperatureStub_Init
 .text.TemperatureStub_Task
                0x0800369c       0x2c build/temperature_stub.o
                0x0800369c                TemperatureStub_Task
 .text.TemperatureStub_GetSnapshot
                0x080036c8        0x8 build/temperature_stub.o
                0x080036c8                TemperatureStub_GetSnapshot
 .text.Reset_Handler
                0x080036d0       0x48 build/startup_stm32f103xb.o
                0x080036d0                Reset_Handler
 .text.Default_Handler
                0x08003718        0x2 build/startup_stm32f103xb.o
                0x08003718                USBWakeUp_IRQHandler
                0x08003718                EXTI2_IRQHandler
                0x08003718                TIM1_CC_IRQHandler
                0x08003718                PVD_IRQHandler
                0x08003718                EXTI3_IRQHandler
                0x08003718                EXTI0_IRQHandler
                0x08003718                I2C2_EV_IRQHandler
                0x08003718                ADC1_2_IRQHandler
                0x08003718                SPI1_IRQHandler
                0x08003718                TAMPER_IRQHandler
                0x08003718                DMA1_Channel4_IRQHandler
                0x08003718                USART3_IRQHandler
                0x08003718                RTC_IRQHandler
                0x08003718                DMA1_Channel7_IRQHandler
                0x08003718                CAN1_RX1_IRQHandler
                0x08003718                TIM4_IRQHandler
                0x08003718                I2C1_EV_IRQHandler
                0x08003718                DMA1_Channel6_IRQHandler
                0x08003718                TIM3_IRQHandler
                0x08003718                RCC_IRQHandler
                0x08003718                TIM1_TRG_COM_IRQHandler
                0x08003718                DMA1_Channel1_IRQHandler
                0x08003718                Default_Handler
                0x08003718                EXTI15_10_IRQHandler
                0x08003718                EXTI9_5_IRQHandler
                0x08003718                SPI2_IRQHandler
                0x08003718                DMA1_Channel5_IRQHandler
                0x08003718                EXTI4_IRQHandler
                0x08003718                USB_LP_CAN1_RX0_IRQHandler
                0x08003718                USB_HP_CAN1_TX_IRQHandler
                0x08003718                DMA1_Channel3_IRQHandler
                0x08003718                TIM1_UP_IRQHandler
                0x08003718                WWDG_IRQHandler
                0x08003718                TIM1_BRK_IRQHandler
                0x08003718                EXTI1_IRQHandler
                0x08003718                USART2_IRQHandler
                0x08003718                I2C2_ER_IRQHandler
                0x08003718                DMA1_Channel2_IRQHandler
                0x08003718                CAN1_SCE_IRQHandler
                0x08003718                FLASH_IRQHandler
                0x08003718                USART1_IRQHandler
                0x08003718                I2C1_ER_IRQHandler
                0x08003718                RTC_Alarm_IRQHandler
 *fill*         0x0800371a        0x2 
 .text.snprintf
                0x0800371c       0x64 /Applications/ArmGNUToolchain/15.2.rel1/arm-none-eabi/bin/../lib/gcc/arm-none-eabi/15.2.1/../../../../arm-none-eabi/lib/thumb/v7-m/nofp/libc_nano.a(libc_a-snprintf.o)
                0x0800371c                snprintf
                0x0800371c                sniprintf
 .text.std      0x08003780       0x6c /Applications/ArmGNUToolchain/15.2.rel1/arm-none-eabi/bin/../lib/gcc/arm-none-eabi/15.2.1/../../../../arm-none-eabi/lib/thumb/v7-m/nofp/libc_nano.a(libc_a-findfp.o)
 .text.stdio_exit_handler
                0x080037ec       0x18 /Applications/ArmGNUToolchain/15.2.rel1/arm-none-eabi/bin/../lib/gcc/arm-none-eabi/15.2.1/../../../../arm-none-eabi/lib/thumb/v7-m/nofp/libc_nano.a(libc_a-findfp.o)
 .text.cleanup_stdio
                0x08003804       0x40 /Applications/ArmGNUToolchain/15.2.rel1/arm-none-eabi/bin/../lib/gcc/arm-none-eabi/15.2.1/../../../../arm-none-eabi/lib/thumb/v7-m/nofp/libc_nano.a(libc_a-findfp.o)
 .text.global_stdio_init.part.0
                0x08003844       0x40 /Applications/ArmGNUToolchain/15.2.rel1/arm-none-eabi/bin/../lib/gcc/arm-none-eabi/15.2.1/../../../../arm-none-eabi/lib/thumb/v7-m/nofp/libc_nano.a(libc_a-findfp.o)
 .text.__sfp_lock_acquire
                0x08003884        0xc /Applications/ArmGNUToolchain/15.2.rel1/arm-none-eabi/bin/../lib/gcc/arm-none-eabi/15.2.1/../../../../arm-none-eabi/lib/thumb/v7-m/nofp/libc_nano.a(libc_a-findfp.o)
                0x08003884                __sfp_lock_acquire
 .text.__sfp_lock_release
                0x08003890        0xc /Applications/ArmGNUToolchain/15.2.rel1/arm-none-eabi/bin/../lib/gcc/arm-none-eabi/15.2.1/../../../../arm-none-eabi/lib/thumb/v7-m/nofp/libc_nano.a(libc_a-findfp.o)
                0x08003890                __sfp_lock_release
 .text.__sinit  0x0800389c       0x30 /Applications/ArmGNUToolchain/15.2.rel1/arm-none-eabi/bin/../lib/gcc/arm-none-eabi/15.2.1/../../../../arm-none-eabi/lib/thumb/v7-m/nofp/libc_nano.a(libc_a-findfp.o)
                0x0800389c                __sinit
 .text._fwalk_sglue
                0x080038cc       0x3a /Applications/ArmGNUToolchain/15.2.rel1/arm-none-eabi/bin/../lib/gcc/arm-none-eabi/15.2.1/../../../../arm-none-eabi/lib/thumb/v7-m/nofp/libc_nano.a(libc_a-fwalk.o)
                0x080038cc                _fwalk_sglue
 *fill*         0x08003906        0x2 
 .text.printf   0x08003908       0x24 /Applications/ArmGNUToolchain/15.2.rel1/arm-none-eabi/bin/../lib/gcc/arm-none-eabi/15.2.1/../../../../arm-none-eabi/lib/thumb/v7-m/nofp/libc_nano.a(libc_a-printf.o)
                0x08003908                printf
                0x08003908                iprintf
 .text._puts_r  0x0800392c       0xaa /Applications/ArmGNUToolchain/15.2.rel1/arm-none-eabi/bin/../lib/gcc/arm-none-eabi/15.2.1/../../../../arm-none-eabi/lib/thumb/v7-m/nofp/libc_nano.a(libc_a-puts.o)
                0x0800392c                _puts_r
 *fill*         0x080039d6        0x2 
 .text.puts     0x080039d8       0x10 /Applications/ArmGNUToolchain/15.2.rel1/arm-none-eabi/bin/../lib/gcc/arm-none-eabi/15.2.1/../../../../arm-none-eabi/lib/thumb/v7-m/nofp/libc_nano.a(libc_a-puts.o)
                0x080039d8                puts
 .text.memset   0x080039e8       0x10 /Applications/ArmGNUToolchain/15.2.rel1/arm-none-eabi/bin/../lib/gcc/arm-none-eabi/15.2.1/../../../../arm-none-eabi/lib/thumb/v7-m/nofp/libc_nano.a(libc_a-memset.o)
                0x080039e8                memset
 .text.strncmp  0x080039f8       0x24 /Applications/ArmGNUToolchain/15.2.rel1/arm-none-eabi/bin/../lib/gcc/arm-none-eabi/15.2.1/../../../../arm-none-eabi/lib/thumb/v7-m/nofp/libc_nano.a(libc_a-strncmp.o)
                0x080039f8                strncmp
 .text.__errno  0x08003a1c        0xc /Applications/ArmGNUToolchain/15.2.rel1/arm-none-eabi/bin/../lib/gcc/arm-none-eabi/15.2.1/../../../../arm-none-eabi/lib/thumb/v7-m/nofp/libc_nano.a(libc_a-errno.o)
                0x08003a1c                __errno
 .text.__libc_init_array
                0x08003a28       0x48 /Applications/ArmGNUToolchain/15.2.rel1/arm-none-eabi/bin/../lib/gcc/arm-none-eabi/15.2.1/../../../../arm-none-eabi/lib/thumb/v7-m/nofp/libc_nano.a(libc_a-init.o)
                0x08003a28                __libc_init_array
 .text.__retarget_lock_init_recursive
                0x08003a70        0x2 /Applications/ArmGNUToolchain/15.2.rel1/arm-none-eabi/bin/../lib/gcc/arm-none-eabi/15.2.1/../../../../arm-none-eabi/lib/thumb/v7-m/nofp/libc_nano.a(libc_a-lock.o)
                0x08003a70                __retarget_lock_init_recursive
 .text.__retarget_lock_acquire_recursive
                0x08003a72        0x2 /Applications/ArmGNUToolchain/15.2.rel1/arm-none-eabi/bin/../lib/gcc/arm-none-eabi/15.2.1/../../../../arm-none-eabi/lib/thumb/v7-m/nofp/libc_nano.a(libc_a-lock.o)
                0x08003a72                __retarget_lock_acquire_recursive
 .text.__retarget_lock_release_recursive
                0x08003a74        0x2 /Applications/ArmGNUToolchain/15.2.rel1/arm-none-eabi/bin/../lib/gcc/arm-none-eabi/15.2.1/../../../../arm-none-eabi/lib/thumb/v7-m/nofp/libc_nano.a(libc_a-lock.o)
                0x08003a74                __retarget_lock_release_recursive
 .text.memcpy   0x08003a76       0x1c /Applications/ArmGNUToolchain/15.2.rel1/arm-none-eabi/bin/../lib/gcc/arm-none-eabi/15.2.1/../../../../arm-none-eabi/lib/thumb/v7-m/nofp/libc_nano.a(libc_a-memcpy-stub.o)
                0x08003a76                memcpy
 .text.__ssputs_r
                0x08003a92       0xc0 /Applications/ArmGNUToolchain/15.2.rel1/arm-none-eabi/bin/../lib/gcc/arm-none-eabi/15.2.1/../../../../arm-none-eabi/lib/thumb/v7-m/nofp/libc_nano.a(libc_a-nano-svfprintf.o)
                0x08003a92                __ssputs_r
 *fill*         0x08003b52        0x2 
 .text._svfprintf_r
                0x08003b54      0x1f0 /Applications/ArmGNUToolchain/15.2.rel1/arm-none-eabi/bin/../lib/gcc/arm-none-eabi/15.2.1/../../../../arm-none-eabi/lib/thumb/v7-m/nofp/libc_nano.a(libc_a-nano-svfprintf.o)
                0x08003b54                _svfprintf_r
                0x08003b54                _svfiprintf_r
 .text.sbrk_aligned
                0x08003d44       0x44 /Applications/ArmGNUToolchain/15.2.rel1/arm-none-eabi/bin/../lib/gcc/arm-none-eabi/15.2.1/../../../../arm-none-eabi/lib/thumb/v7-m/nofp/libc_nano.a(libc_a-mallocr.o)
 .text._malloc_r
                0x08003d88       0xf8 /Applications/ArmGNUToolchain/15.2.rel1/arm-none-eabi/bin/../lib/gcc/arm-none-eabi/15.2.1/../../../../arm-none-eabi/lib/thumb/v7-m/nofp/libc_nano.a(libc_a-mallocr.o)
                0x08003d88                _malloc_r
 .text.__sfputc_r
                0x08003e80       0x2a /Applications/ArmGNUToolchain/15.2.rel1/arm-none-eabi/bin/../lib/gcc/arm-none-eabi/15.2.1/../../../../arm-none-eabi/lib/thumb/v7-m/nofp/libc_nano.a(libc_a-nano-vfprintf.o)
 .text.__sfputs_r
                0x08003eaa       0x24 /Applications/ArmGNUToolchain/15.2.rel1/arm-none-eabi/bin/../lib/gcc/arm-none-eabi/15.2.1/../../../../arm-none-eabi/lib/thumb/v7-m/nofp/libc_nano.a(libc_a-nano-vfprintf.o)
                0x08003eaa                __sfputs_r
 *fill*         0x08003ece        0x2 
 .text._vfprintf_r
                0x08003ed0      0x228 /Applications/ArmGNUToolchain/15.2.rel1/arm-none-eabi/bin/../lib/gcc/arm-none-eabi/15.2.1/../../../../arm-none-eabi/lib/thumb/v7-m/nofp/libc_nano.a(libc_a-nano-vfprintf.o)
                0x08003ed0                _vfiprintf_r
                0x08003ed0                _vfprintf_r
 .text._printf_common
                0x080040f8       0xea /Applications/ArmGNUToolchain/15.2.rel1/arm-none-eabi/bin/../lib/gcc/arm-none-eabi/15.2.1/../../../../arm-none-eabi/lib/thumb/v7-m/nofp/libc_nano.a(libc_a-nano-vfprintf_i.o)
                0x080040f8                _printf_common
 *fill*         0x080041e2        0x2 
 .text._printf_i
                0x080041e4      0x254 /Applications/ArmGNUToolchain/15.2.rel1/arm-none-eabi/bin/../lib/gcc/arm-none-eabi/15.2.1/../../../../arm-none-eabi/lib/thumb/v7-m/nofp/libc_nano.a(libc_a-nano-vfprintf_i.o)
                0x080041e4                _printf_i
 .text.__malloc_lock
                0x08004438        0xc /Applications/ArmGNUToolchain/15.2.rel1/arm-none-eabi/bin/../lib/gcc/arm-none-eabi/15.2.1/../../../../arm-none-eabi/lib/thumb/v7-m/nofp/libc_nano.a(libc_a-mlock.o)
                0x08004438                __malloc_lock
 .text.__malloc_unlock
                0x08004444        0xc /Applications/ArmGNUToolchain/15.2.rel1/arm-none-eabi/bin/../lib/gcc/arm-none-eabi/15.2.1/../../../../arm-none-eabi/lib/thumb/v7-m/nofp/libc_nano.a(libc_a-mlock.o)
                0x08004444                __malloc_unlock
 .text.__sread  0x08004450       0x22 /Applications/ArmGNUToolchain/15.2.rel1/arm-none-eabi/bin/../lib/gcc/arm-none-eabi/15.2.1/../../../../arm-none-eabi/lib/thumb/v7-m/nofp/libc_nano.a(libc_a-stdio.o)
                0x08004450                __sread
 .text.__swrite
                0x08004472       0x38 /Applications/ArmGNUToolchain/15.2.rel1/arm-none-eabi/bin/../lib/gcc/arm-none-eabi/15.2.1/../../../../arm-none-eabi/lib/thumb/v7-m/nofp/libc_nano.a(libc_a-stdio.o)
                0x08004472                __swrite
 .text.__sseek  0x080044aa       0x26 /Applications/ArmGNUToolchain/15.2.rel1/arm-none-eabi/bin/../lib/gcc/arm-none-eabi/15.2.1/../../../../arm-none-eabi/lib/thumb/v7-m/nofp/libc_nano.a(libc_a-stdio.o)
                0x080044aa                __sseek
 .text.__sclose
                0x080044d0        0x8 /Applications/ArmGNUToolchain/15.2.rel1/arm-none-eabi/bin/../lib/gcc/arm-none-eabi/15.2.1/../../../../arm-none-eabi/lib/thumb/v7-m/nofp/libc_nano.a(libc_a-stdio.o)
                0x080044d0                __sclose
 .text.__sflush_r
                0x080044d8       0xf8 /Applications/ArmGNUToolchain/15.2.rel1/arm-none-eabi/bin/../lib/gcc/arm-none-eabi/15.2.1/../../../../arm-none-eabi/lib/thumb/v7-m/nofp/libc_nano.a(libc_a-fflush.o)
                0x080044d8                __sflush_r
 .text._fflush_r
                0x080045d0       0x50 /Applications/ArmGNUToolchain/15.2.rel1/arm-none-eabi/bin/../lib/gcc/arm-none-eabi/15.2.1/../../../../arm-none-eabi/lib/thumb/v7-m/nofp/libc_nano.a(libc_a-fflush.o)
                0x080045d0                _fflush_r
 .text._realloc_r
                0x08004620       0x5c /Applications/ArmGNUToolchain/15.2.rel1/arm-none-eabi/bin/../lib/gcc/arm-none-eabi/15.2.1/../../../../arm-none-eabi/lib/thumb/v7-m/nofp/libc_nano.a(libc_a-reallocr.o)
                0x08004620                _realloc_r
 .text.__swbuf_r
                0x0800467c       0x7a /Applications/ArmGNUToolchain/15.2.rel1/arm-none-eabi/bin/../lib/gcc/arm-none-eabi/15.2.1/../../../../arm-none-eabi/lib/thumb/v7-m/nofp/libc_nano.a(libc_a-wbuf.o)
                0x0800467c                __swbuf_r
 *fill*         0x080046f6        0x2 
 .text.__swsetup_r
                0x080046f8       0xa8 /Applications/ArmGNUToolchain/15.2.rel1/arm-none-eabi/bin/../lib/gcc/arm-none-eabi/15.2.1/../../../../arm-none-eabi/lib/thumb/v7-m/nofp/libc_nano.a(libc_a-wsetup.o)
                0x080046f8                __swsetup_r
 .text.__swhatbuf_r
                0x080047a0       0x48 /Applications/ArmGNUToolchain/15.2.rel1/arm-none-eabi/bin/../lib/gcc/arm-none-eabi/15.2.1/../../../../arm-none-eabi/lib/thumb/v7-m/nofp/libc_nano.a(libc_a-makebuf.o)
                0x080047a0                __swhatbuf_r
 .text.__smakebuf_r
                0x080047e8       0x72 /Applications/ArmGNUToolchain/15.2.rel1/arm-none-eabi/bin/../lib/gcc/arm-none-eabi/15.2.1/../../../../arm-none-eabi/lib/thumb/v7-m/nofp/libc_nano.a(libc_a-makebuf.o)
                0x080047e8                __smakebuf_r
 .text.memmove  0x0800485a       0x32 /Applications/ArmGNUToolchain/15.2.rel1/arm-none-eabi/bin/../lib/gcc/arm-none-eabi/15.2.1/../../../../arm-none-eabi/lib/thumb/v7-m/nofp/libc_nano.a(libc_a-memmove.o)
                0x0800485a                memmove
 .text._isatty_r
                0x0800488c       0x20 /Applications/ArmGNUToolchain/15.2.rel1/arm-none-eabi/bin/../lib/gcc/arm-none-eabi/15.2.1/../../../../arm-none-eabi/lib/thumb/v7-m/nofp/libc_nano.a(libc_a-isattyr.o)
                0x0800488c                _isatty_r
 .text._lseek_r
                0x080048ac       0x24 /Applications/ArmGNUToolchain/15.2.rel1/arm-none-eabi/bin/../lib/gcc/arm-none-eabi/15.2.1/../../../../arm-none-eabi/lib/thumb/v7-m/nofp/libc_nano.a(libc_a-lseekr.o)
                0x080048ac                _lseek_r
 .text._read_r  0x080048d0       0x24 /Applications/ArmGNUToolchain/15.2.rel1/arm-none-eabi/bin/../lib/gcc/arm-none-eabi/15.2.1/../../../../arm-none-eabi/lib/thumb/v7-m/nofp/libc_nano.a(libc_a-readr.o)
                0x080048d0                _read_r
 .text._sbrk_r  0x080048f4       0x20 /Applications/ArmGNUToolchain/15.2.rel1/arm-none-eabi/bin/../lib/gcc/arm-none-eabi/15.2.1/../../../../arm-none-eabi/lib/thumb/v7-m/nofp/libc_nano.a(libc_a-sbrkr.o)
                0x080048f4                _sbrk_r
 .text._write_r
                0x08004914       0x24 /Applications/ArmGNUToolchain/15.2.rel1/arm-none-eabi/bin/../lib/gcc/arm-none-eabi/15.2.1/../../../../arm-none-eabi/lib/thumb/v7-m/nofp/libc_nano.a(libc_a-writer.o)
                0x08004914                _write_r
 .text._close_r
                0x08004938       0x20 /Applications/ArmGNUToolchain/15.2.rel1/arm-none-eabi/bin/../lib/gcc/arm-none-eabi/15.2.1/../../../../arm-none-eabi/lib/thumb/v7-m/nofp/libc_nano.a(libc_a-closer.o)
                0x08004938                _close_r
 .text._fstat_r
                0x08004958       0x24 /Applications/ArmGNUToolchain/15.2.rel1/arm-none-eabi/bin/../lib/gcc/arm-none-eabi/15.2.1/../../../../arm-none-eabi/lib/thumb/v7-m/nofp/libc_nano.a(libc_a-fstatr.o)
                0x08004958                _fstat_r
 .text.memchr   0x0800497c       0x1c /Applications/ArmGNUToolchain/15.2.rel1/arm-none-eabi/bin/../lib/gcc/arm-none-eabi/15.2.1/../../../../arm-none-eabi/lib/thumb/v7-m/nofp/libc_nano.a(libc_a-memchr-stub.o)
                0x0800497c                memchr
 .text._free_r  0x08004998       0x94 /Applications/ArmGNUToolchain/15.2.rel1/arm-none-eabi/bin/../lib/gcc/arm-none-eabi/15.2.1/../../../../arm-none-eabi/lib/thumb/v7-m/nofp/libc_nano.a(libc_a-freer.o)
                0x08004998                _free_r
 .text._malloc_usable_size_r
                0x08004a2c       0x10 /Applications/ArmGNUToolchain/15.2.rel1/arm-none-eabi/bin/../lib/gcc/arm-none-eabi/15.2.1/../../../../arm-none-eabi/lib/thumb/v7-m/nofp/libc_nano.a(libc_a-msizer.o)
                0x08004a2c                _malloc_usable_size_r
 *(.glue_7)
 .glue_7        0x08004a3c        0x0 linker stubs
 *(.glue_7t)
 .glue_7t       0x08004a3c        0x0 linker stubs
 *(.eh_frame)
 .eh_frame      0x08004a3c        0x0 /Applications/ArmGNUToolchain/15.2.rel1/arm-none-eabi/bin/../lib/gcc/arm-none-eabi/15.2.1/thumb/v7-m/nofp/crtbegin.o
 *(.init)
 .init          0x08004a3c        0x4 /Applications/ArmGNUToolchain/15.2.rel1/arm-none-eabi/bin/../lib/gcc/arm-none-eabi/15.2.1/thumb/v7-m/nofp/crti.o
                0x08004a3c                _init
 .init          0x08004a40        0x8 /Applications/ArmGNUToolchain/15.2.rel1/arm-none-eabi/bin/../lib/gcc/arm-none-eabi/15.2.1/thumb/v7-m/nofp/crtn.o
 *(.fini)
 .fini          0x08004a48        0x4 /Applications/ArmGNUToolchain/15.2.rel1/arm-none-eabi/bin/../lib/gcc/arm-none-eabi/15.2.1/thumb/v7-m/nofp/crti.o
                0x08004a48                _fini
 .fini          0x08004a4c        0x8 /Applications/ArmGNUToolchain/15.2.rel1/arm-none-eabi/bin/../lib/gcc/arm-none-eabi/15.2.1/thumb/v7-m/nofp/crtn.o
                0x08004a54                        . = ALIGN (0x4)
                0x08004a54                        _etext = .

.vfp11_veneer   0x08004a54        0x0
 .vfp11_veneer  0x08004a54        0x0 linker stubs

.v4_bx          0x08004a54        0x0
 .v4_bx         0x08004a54        0x0 linker stubs

.iplt           0x08004a54        0x0
 .iplt          0x08004a54        0x0 /Applications/ArmGNUToolchain/15.2.rel1/arm-none-eabi/bin/../lib/gcc/arm-none-eabi/15.2.1/thumb/v7-m/nofp/crtbegin.o

.rodata         0x08004a54      0x418
                0x08004a54                        . = ALIGN (0x4)
 *(.rodata)
 *(.rodata*)
 .rodata.aPredivFactorTable.0
                0x08004a54        0x2 build/stm32f1xx_hal_rcc.o
 *fill*         0x08004a56        0x2 
 .rodata.aPLLMULFactorTable.1
                0x08004a58       0x10 build/stm32f1xx_hal_rcc.o
 .rodata.APBPrescTable
                0x08004a68        0x8 build/system_stm32f1xx.o
                0x08004a68                APBPrescTable
 .rodata.AHBPrescTable
                0x08004a70       0x10 build/system_stm32f1xx.o
                0x08004a70                AHBPrescTable
 .rodata.RowAddress.0
                0x08004a80        0x4 build/LCD.o
 .rodata.pwm_channels.0
                0x08004a84       0x10 build/fan_control.o
 .rodata.UI_LCD_RenderProfileScreen.str1.4
                0x08004a94      0x37c build/ui_lcd.o
                                 0x3a (size before relaxing)
 .rodata.UI_LCD_RenderStartupTest.str1.4
                0x08004e10        0x0 build/ui_lcd.o
                                 0x42 (size before relaxing)
 .rodata.UI_LCD_RenderRuntime.str1.4
                0x08004e10        0x0 build/ui_lcd.o
                                 0x1f (size before relaxing)
 .rodata.UI_LCD_Render.str1.4
                0x08004e10        0x0 build/ui_lcd.o
                                 0x7d (size before relaxing)
 .rodata.UART_Cmd_PrintHelp.str1.4
                0x08004e10        0x0 build/uart_cmd.o
                                 0xca (size before relaxing)
 .rodata.UART_Cmd_PrintSystemStatus.str1.4
                0x08004e10        0x0 build/uart_cmd.o
                                 0x6d (size before relaxing)
 .rodata.UART_Cmd_PrintTachStatus.str1.4
                0x08004e10        0x0 build/uart_cmd.o
                                 0x33 (size before relaxing)
 .rodata.UART_Cmd_Task.str1.4
                0x08004e10        0x0 build/uart_cmd.o
                                 0xcf (size before relaxing)
 .rodata.Profil_GetName.str1.4
                0x08004e10        0x0 build/Profil.o
                                 0x20 (size before relaxing)
 .rodata.g_profile_defaults
                0x08004e10       0x28 build/Profil.o
 .rodata._svfprintf_r.str1.1
                0x08004e38       0x33 /Applications/ArmGNUToolchain/15.2.rel1/arm-none-eabi/bin/../lib/gcc/arm-none-eabi/15.2.1/../../../../arm-none-eabi/lib/thumb/v7-m/nofp/libc_nano.a(libc_a-nano-svfprintf.o)
                                 0x11 (size before relaxing)
 .rodata._vfprintf_r.str1.1
                0x08004e6b        0x0 /Applications/ArmGNUToolchain/15.2.rel1/arm-none-eabi/bin/../lib/gcc/arm-none-eabi/15.2.1/../../../../arm-none-eabi/lib/thumb/v7-m/nofp/libc_nano.a(libc_a-nano-vfprintf.o)
                                 0x11 (size before relaxing)
 .rodata._printf_i.str1.1
                0x08004e6b        0x0 /Applications/ArmGNUToolchain/15.2.rel1/arm-none-eabi/bin/../lib/gcc/arm-none-eabi/15.2.1/../../../../arm-none-eabi/lib/thumb/v7-m/nofp/libc_nano.a(libc_a-nano-vfprintf_i.o)
                                 0x22 (size before relaxing)
                0x08004e6c                        . = ALIGN (0x4)
 *fill*         0x08004e6b        0x1 

.ARM.extab      0x08004e6c        0x0
                0x08004e6c                        . = ALIGN (0x4)
 *(.ARM.extab* .gnu.linkonce.armextab.*)
                0x08004e6c                        . = ALIGN (0x4)

.ARM            0x08004e6c        0x8
                0x08004e6c                        . = ALIGN (0x4)
                0x08004e6c                        __exidx_start = .
 *(.ARM.exidx*)
 .ARM.exidx     0x08004e6c        0x8 /Applications/ArmGNUToolchain/15.2.rel1/arm-none-eabi/bin/../lib/gcc/arm-none-eabi/15.2.1/../../../../arm-none-eabi/lib/thumb/v7-m/nofp/libc_nano.a(libc_a-strlen.o)
                0x08004e74                        __exidx_end = .
                0x08004e74                        . = ALIGN (0x4)

.preinit_array  0x08004e74        0x0
                0x08004e74                        . = ALIGN (0x4)
                0x08004e74                        PROVIDE (__preinit_array_start = .)
 *(.preinit_array*)
                0x08004e74                        PROVIDE (__preinit_array_end = .)
                0x08004e74                        . = ALIGN (0x4)

.init_array     0x08004e74        0x4
                0x08004e74                        . = ALIGN (0x4)
                0x08004e74                        PROVIDE (__init_array_start = .)
 *(SORT_BY_NAME(.init_array.*))
 *(.init_array*)
 .init_array    0x08004e74        0x4 /Applications/ArmGNUToolchain/15.2.rel1/arm-none-eabi/bin/../lib/gcc/arm-none-eabi/15.2.1/thumb/v7-m/nofp/crtbegin.o
                0x08004e78                        PROVIDE (__init_array_end = .)
                0x08004e78                        . = ALIGN (0x4)

.fini_array     0x08004e78        0x4
                0x08004e78                        . = ALIGN (0x4)
                [!provide]                        PROVIDE (__fini_array_start = .)
 *(SORT_BY_NAME(.fini_array.*))
 *(.fini_array*)
 .fini_array    0x08004e78        0x4 /Applications/ArmGNUToolchain/15.2.rel1/arm-none-eabi/bin/../lib/gcc/arm-none-eabi/15.2.1/thumb/v7-m/nofp/crtbegin.o
                [!provide]                        PROVIDE (__fini_array_end = .)
                0x08004e7c                        . = ALIGN (0x4)
                0x08004e7c                        _sidata = LOADADDR (.data)

.rel.dyn        0x08004e7c        0x0
 .rel.iplt      0x08004e7c        0x0 /Applications/ArmGNUToolchain/15.2.rel1/arm-none-eabi/bin/../lib/gcc/arm-none-eabi/15.2.1/thumb/v7-m/nofp/crtbegin.o

.data           0x20000000       0x68 load address 0x08004e7c
                0x20000000                        . = ALIGN (0x4)
                0x20000000                        _sdata = .
 *(.data)
 *(.data*)
 .data.uwTickFreq
                0x20000000        0x1 build/stm32f1xx_hal.o
                0x20000000                uwTickFreq
 *fill*         0x20000001        0x3 
 .data.uwTickPrio
                0x20000004        0x4 build/stm32f1xx_hal.o
                0x20000004                uwTickPrio
 .data.SystemCoreClock
                0x20000008        0x4 build/system_stm32f1xx.o
                0x20000008                SystemCoreClock
 .data.__sglue  0x2000000c        0xc /Applications/ArmGNUToolchain/15.2.rel1/arm-none-eabi/bin/../lib/gcc/arm-none-eabi/15.2.1/../../../../arm-none-eabi/lib/thumb/v7-m/nofp/libc_nano.a(libc_a-findfp.o)
                0x2000000c                __sglue
 .data._impure_ptr
                0x20000018        0x4 /Applications/ArmGNUToolchain/15.2.rel1/arm-none-eabi/bin/../lib/gcc/arm-none-eabi/15.2.1/../../../../arm-none-eabi/lib/thumb/v7-m/nofp/libc_nano.a(libc_a-impure.o)
                0x20000018                _impure_ptr
 .data._impure_data
                0x2000001c       0x4c /Applications/ArmGNUToolchain/15.2.rel1/arm-none-eabi/bin/../lib/gcc/arm-none-eabi/15.2.1/../../../../arm-none-eabi/lib/thumb/v7-m/nofp/libc_nano.a(libc_a-impure.o)
                0x2000001c                _impure_data
 *(.RamFunc)
 *(.RamFunc*)
                0x20000068                        . = ALIGN (0x4)
                0x20000068                        _edata = .

.tm_clone_table
                0x20000068        0x0 load address 0x08004ee4
 .tm_clone_table
                0x20000068        0x0 /Applications/ArmGNUToolchain/15.2.rel1/arm-none-eabi/bin/../lib/gcc/arm-none-eabi/15.2.1/thumb/v7-m/nofp/crtbegin.o
 .tm_clone_table
                0x20000068        0x0 /Applications/ArmGNUToolchain/15.2.rel1/arm-none-eabi/bin/../lib/gcc/arm-none-eabi/15.2.1/thumb/v7-m/nofp/crtend.o

.igot.plt       0x20000068        0x0 load address 0x08004ee4
 .igot.plt      0x20000068        0x0 /Applications/ArmGNUToolchain/15.2.rel1/arm-none-eabi/bin/../lib/gcc/arm-none-eabi/15.2.1/thumb/v7-m/nofp/crtbegin.o
                0x20000068                        . = ALIGN (0x4)

.bss            0x20000068      0x450 load address 0x08004ee4
                0x20000068                        _sbss = .
                0x20000068                        __bss_start__ = _sbss
 *(.bss)
 *(.bss*)
 .bss.completed.1
                0x20000068        0x1 /Applications/ArmGNUToolchain/15.2.rel1/arm-none-eabi/bin/../lib/gcc/arm-none-eabi/15.2.1/thumb/v7-m/nofp/crtbegin.o
 *fill*         0x20000069        0x3 
 .bss.object.0  0x2000006c       0x18 /Applications/ArmGNUToolchain/15.2.rel1/arm-none-eabi/bin/../lib/gcc/arm-none-eabi/15.2.1/thumb/v7-m/nofp/crtbegin.o
 .bss.g_app     0x20000084       0x34 build/main.o
 .bss.g_next_temperature_task_ms
                0x200000b8        0x4 build/main.o
 .bss.g_next_led_task_ms
                0x200000bc        0x4 build/main.o
 .bss.g_next_control_task_ms
                0x200000c0        0x4 build/main.o
 .bss.g_next_fan_task_ms
                0x200000c4        0x4 build/main.o
 .bss.g_next_tach_task_ms
                0x200000c8        0x4 build/main.o
 .bss.g_next_button_task_ms
                0x200000cc        0x4 build/main.o
 .bss.htim3     0x200000d0       0x48 build/tim.o
                0x200000d0                htim3
 .bss.htim2     0x20000118       0x48 build/tim.o
                0x20000118                htim2
 .bss.huart1    0x20000160       0x48 build/usart.o
                0x20000160                huart1
 .bss.uwTick    0x200001a8        0x4 build/stm32f1xx_hal.o
                0x200001a8                uwTick
 .bss.__sbrk_heap_end
                0x200001ac        0x4 build/sysmem.o
 .bss.g_tach    0x200001b0       0x80 build/tachometer.o
 .bss.g_ramp    0x20000230        0x8 build/fan_control.o
 .bss.g_fans    0x20000238       0x70 build/fan_control.o
 .bss.g_leds    0x200002a8        0xc build/led_status.o
 .bss.g_ui      0x200002b4       0x78 build/ui_lcd.o
 .bss.g_result  0x2000032c       0x3a build/Profil.o
 .bss.g_confirm_latched
                0x20000366        0x1 build/button.o
 *fill*         0x20000367        0x1 
 .bss.g_temperatures
                0x20000368        0x4 build/temperature_stub.o
 .bss.__sf      0x2000036c      0x138 /Applications/ArmGNUToolchain/15.2.rel1/arm-none-eabi/bin/../lib/gcc/arm-none-eabi/15.2.1/../../../../arm-none-eabi/lib/thumb/v7-m/nofp/libc_nano.a(libc_a-findfp.o)
                0x2000036c                __sf
 .bss.__stdio_exit_handler
                0x200004a4        0x4 /Applications/ArmGNUToolchain/15.2.rel1/arm-none-eabi/bin/../lib/gcc/arm-none-eabi/15.2.1/../../../../arm-none-eabi/lib/thumb/v7-m/nofp/libc_nano.a(libc_a-findfp.o)
                0x200004a4                __stdio_exit_handler
 .bss.__lock___malloc_recursive_mutex
                0x200004a8        0x1 /Applications/ArmGNUToolchain/15.2.rel1/arm-none-eabi/bin/../lib/gcc/arm-none-eabi/15.2.1/../../../../arm-none-eabi/lib/thumb/v7-m/nofp/libc_nano.a(libc_a-lock.o)
                0x200004a8                __lock___malloc_recursive_mutex
 .bss.__lock___sfp_recursive_mutex
                0x200004a9        0x1 /Applications/ArmGNUToolchain/15.2.rel1/arm-none-eabi/bin/../lib/gcc/arm-none-eabi/15.2.1/../../../../arm-none-eabi/lib/thumb/v7-m/nofp/libc_nano.a(libc_a-lock.o)
                0x200004a9                __lock___sfp_recursive_mutex
 *fill*         0x200004aa        0x2 
 .bss.__malloc_sbrk_start
                0x200004ac        0x4 /Applications/ArmGNUToolchain/15.2.rel1/arm-none-eabi/bin/../lib/gcc/arm-none-eabi/15.2.1/../../../../arm-none-eabi/lib/thumb/v7-m/nofp/libc_nano.a(libc_a-mallocr.o)
                0x200004ac                __malloc_sbrk_start
 .bss.__malloc_free_list
                0x200004b0        0x4 /Applications/ArmGNUToolchain/15.2.rel1/arm-none-eabi/bin/../lib/gcc/arm-none-eabi/15.2.1/../../../../arm-none-eabi/lib/thumb/v7-m/nofp/libc_nano.a(libc_a-mallocr.o)
                0x200004b0                __malloc_free_list
 .bss.errno     0x200004b4        0x4 /Applications/ArmGNUToolchain/15.2.rel1/arm-none-eabi/bin/../lib/gcc/arm-none-eabi/15.2.1/../../../../arm-none-eabi/lib/thumb/v7-m/nofp/libc_nano.a(libc_a-reent.o)
                0x200004b4                errno
 *(COMMON)
                0x200004b8                        . = ALIGN (0x4)
                0x200004b8                        _ebss = .
                0x200004b8                        __bss_end__ = _ebss

._user_heap_stack
                0x200004b8      0x600 load address 0x08004ee4
                0x200004b8                        . = ALIGN (0x8)
                [!provide]                        PROVIDE (end = .)
                0x200004b8                        PROVIDE (_end = .)
                0x200006b8                        . = (. + _Min_Heap_Size)
 *fill*         0x200004b8      0x200 
                0x20000ab8                        . = (. + _Min_Stack_Size)
 *fill*         0x200006b8      0x400 
                0x20000ab8                        . = ALIGN (0x8)

/DISCARD/
 libc.a(*)
 libm.a(*)
 libgcc.a(*)
OUTPUT(build/Sans_titre.elf elf32-littlearm)
LOAD linker stubs
LOAD /Applications/ArmGNUToolchain/15.2.rel1/arm-none-eabi/bin/../lib/gcc/arm-none-eabi/15.2.1/../../../../arm-none-eabi/lib/thumb/v7-m/nofp/libc.a
LOAD /Applications/ArmGNUToolchain/15.2.rel1/arm-none-eabi/bin/../lib/gcc/arm-none-eabi/15.2.1/../../../../arm-none-eabi/lib/thumb/v7-m/nofp/libm.a
LOAD /Applications/ArmGNUToolchain/15.2.rel1/arm-none-eabi/bin/../lib/gcc/arm-none-eabi/15.2.1/thumb/v7-m/nofp/libgcc.a

.ARM.attributes
                0x00000000       0x29
 .ARM.attributes
                0x00000000       0x1d /Applications/ArmGNUToolchain/15.2.rel1/arm-none-eabi/bin/../lib/gcc/arm-none-eabi/15.2.1/thumb/v7-m/nofp/crti.o
 .ARM.attributes
                0x0000001d       0x2d /Applications/ArmGNUToolchain/15.2.rel1/arm-none-eabi/bin/../lib/gcc/arm-none-eabi/15.2.1/thumb/v7-m/nofp/crtbegin.o
 .ARM.attributes
                0x0000004a       0x2d build/main.o
 .ARM.attributes
                0x00000077       0x2d build/gpio.o
 .ARM.attributes
                0x000000a4       0x2d build/tim.o
 .ARM.attributes
                0x000000d1       0x2d build/usart.o
 .ARM.attributes
                0x000000fe       0x2d build/stm32f1xx_it.o
 .ARM.attributes
                0x0000012b       0x2d build/stm32f1xx_hal_msp.o
 .ARM.attributes
                0x00000158       0x2d build/stm32f1xx_hal_tim.o
 .ARM.attributes
                0x00000185       0x2d build/stm32f1xx_hal_tim_ex.o
 .ARM.attributes
                0x000001b2       0x2d build/stm32f1xx_hal.o
 .ARM.attributes
                0x000001df       0x2d build/stm32f1xx_hal_rcc.o
 .ARM.attributes
                0x0000020c       0x2d build/stm32f1xx_hal_gpio.o
 .ARM.attributes
                0x00000239       0x2d build/stm32f1xx_hal_cortex.o
 .ARM.attributes
                0x00000266       0x2d build/stm32f1xx_hal_uart.o
 .ARM.attributes
                0x00000293       0x2d build/system_stm32f1xx.o
 .ARM.attributes
                0x000002c0       0x2d build/sysmem.o
 .ARM.attributes
                0x000002ed       0x2d build/syscalls.o
 .ARM.attributes
                0x0000031a       0x2d build/LCD.o
 .ARM.attributes
                0x00000347       0x2d build/tachometer.o
 .ARM.attributes
                0x00000374       0x2d build/fan_control.o
 .ARM.attributes
                0x000003a1       0x2d build/led_status.o
 .ARM.attributes
                0x000003ce       0x2d build/ui_lcd.o
 .ARM.attributes
                0x000003fb       0x2d build/uart_cmd.o
 .ARM.attributes
                0x00000428       0x2d build/Profil.o
 .ARM.attributes
                0x00000455       0x2d build/AFLCalcul.o
 .ARM.attributes
                0x00000482       0x2d build/button.o
 .ARM.attributes
                0x000004af       0x2d build/temperature_stub.o
 .ARM.attributes
                0x000004dc       0x21 build/startup_stm32f103xb.o
 .ARM.attributes
                0x000004fd       0x2d /Applications/ArmGNUToolchain/15.2.rel1/arm-none-eabi/bin/../lib/gcc/arm-none-eabi/15.2.1/../../../../arm-none-eabi/lib/thumb/v7-m/nofp/libc_nano.a(libc_a-snprintf.o)
 .ARM.attributes
                0x0000052a       0x2d /Applications/ArmGNUToolchain/15.2.rel1/arm-none-eabi/bin/../lib/gcc/arm-none-eabi/15.2.1/../../../../arm-none-eabi/lib/thumb/v7-m/nofp/libc_nano.a(libc_a-findfp.o)
 .ARM.attributes
                0x00000557       0x2d /Applications/ArmGNUToolchain/15.2.rel1/arm-none-eabi/bin/../lib/gcc/arm-none-eabi/15.2.1/../../../../arm-none-eabi/lib/thumb/v7-m/nofp/libc_nano.a(libc_a-fwalk.o)
 .ARM.attributes
                0x00000584       0x2d /Applications/ArmGNUToolchain/15.2.rel1/arm-none-eabi/bin/../lib/gcc/arm-none-eabi/15.2.1/../../../../arm-none-eabi/lib/thumb/v7-m/nofp/libc_nano.a(libc_a-printf.o)
 .ARM.attributes
                0x000005b1       0x2d /Applications/ArmGNUToolchain/15.2.rel1/arm-none-eabi/bin/../lib/gcc/arm-none-eabi/15.2.1/../../../../arm-none-eabi/lib/thumb/v7-m/nofp/libc_nano.a(libc_a-puts.o)
 .ARM.attributes
                0x000005de       0x2d /Applications/ArmGNUToolchain/15.2.rel1/arm-none-eabi/bin/../lib/gcc/arm-none-eabi/15.2.1/../../../../arm-none-eabi/lib/thumb/v7-m/nofp/libc_nano.a(libc_a-memset.o)
 .ARM.attributes
                0x0000060b       0x2d /Applications/ArmGNUToolchain/15.2.rel1/arm-none-eabi/bin/../lib/gcc/arm-none-eabi/15.2.1/../../../../arm-none-eabi/lib/thumb/v7-m/nofp/libc_nano.a(libc_a-strncmp.o)
 .ARM.attributes
                0x00000638       0x2d /Applications/ArmGNUToolchain/15.2.rel1/arm-none-eabi/bin/../lib/gcc/arm-none-eabi/15.2.1/../../../../arm-none-eabi/lib/thumb/v7-m/nofp/libc_nano.a(libc_a-errno.o)
 .ARM.attributes
                0x00000665       0x2d /Applications/ArmGNUToolchain/15.2.rel1/arm-none-eabi/bin/../lib/gcc/arm-none-eabi/15.2.1/../../../../arm-none-eabi/lib/thumb/v7-m/nofp/libc_nano.a(libc_a-init.o)
 .ARM.attributes
                0x00000692       0x2d /Applications/ArmGNUToolchain/15.2.rel1/arm-none-eabi/bin/../lib/gcc/arm-none-eabi/15.2.1/../../../../arm-none-eabi/lib/thumb/v7-m/nofp/libc_nano.a(libc_a-lock.o)
 .ARM.attributes
                0x000006bf       0x2d /Applications/ArmGNUToolchain/15.2.rel1/arm-none-eabi/bin/../lib/gcc/arm-none-eabi/15.2.1/../../../../arm-none-eabi/lib/thumb/v7-m/nofp/libc_nano.a(libc_a-impure.o)
 .ARM.attributes
                0x000006ec       0x2d /Applications/ArmGNUToolchain/15.2.rel1/arm-none-eabi/bin/../lib/gcc/arm-none-eabi/15.2.1/../../../../arm-none-eabi/lib/thumb/v7-m/nofp/libc_nano.a(libc_a-memcpy-stub.o)
 .ARM.attributes
                0x00000719       0x17 /Applications/ArmGNUToolchain/15.2.rel1/arm-none-eabi/bin/../lib/gcc/arm-none-eabi/15.2.1/../../../../arm-none-eabi/lib/thumb/v7-m/nofp/libc_nano.a(libc_a-strlen.o)
 .ARM.attributes
                0x00000730       0x2d /Applications/ArmGNUToolchain/15.2.rel1/arm-none-eabi/bin/../lib/gcc/arm-none-eabi/15.2.1/../../../../arm-none-eabi/lib/thumb/v7-m/nofp/libc_nano.a(libc_a-nano-svfprintf.o)
 .ARM.attributes
                0x0000075d       0x2d /Applications/ArmGNUToolchain/15.2.rel1/arm-none-eabi/bin/../lib/gcc/arm-none-eabi/15.2.1/../../../../arm-none-eabi/lib/thumb/v7-m/nofp/libc_nano.a(libc_a-mallocr.o)
 .ARM.attributes
                0x0000078a       0x2d /Applications/ArmGNUToolchain/15.2.rel1/arm-none-eabi/bin/../lib/gcc/arm-none-eabi/15.2.1/../../../../arm-none-eabi/lib/thumb/v7-m/nofp/libc_nano.a(libc_a-nano-vfprintf.o)
 .ARM.attributes
                0x000007b7       0x2d /Applications/ArmGNUToolchain/15.2.rel1/arm-none-eabi/bin/../lib/gcc/arm-none-eabi/15.2.1/../../../../arm-none-eabi/lib/thumb/v7-m/nofp/libc_nano.a(libc_a-nano-vfprintf_i.o)
 .ARM.attributes
                0x000007e4       0x2d /Applications/ArmGNUToolchain/15.2.rel1/arm-none-eabi/bin/../lib/gcc/arm-none-eabi/15.2.1/../../../../arm-none-eabi/lib/thumb/v7-m/nofp/libc_nano.a(libc_a-mlock.o)
 .ARM.attributes
                0x00000811       0x2d /Applications/ArmGNUToolchain/15.2.rel1/arm-none-eabi/bin/../lib/gcc/arm-none-eabi/15.2.1/../../../../arm-none-eabi/lib/thumb/v7-m/nofp/libc_nano.a(libc_a-stdio.o)
 .ARM.attributes
                0x0000083e       0x2d /Applications/ArmGNUToolchain/15.2.rel1/arm-none-eabi/bin/../lib/gcc/arm-none-eabi/15.2.1/../../../../arm-none-eabi/lib/thumb/v7-m/nofp/libc_nano.a(libc_a-fflush.o)
 .ARM.attributes
                0x0000086b       0x2d /Applications/ArmGNUToolchain/15.2.rel1/arm-none-eabi/bin/../lib/gcc/arm-none-eabi/15.2.1/../../../../arm-none-eabi/lib/thumb/v7-m/nofp/libc_nano.a(libc_a-reallocr.o)
 .ARM.attributes
                0x00000898       0x2d /Applications/ArmGNUToolchain/15.2.rel1/arm-none-eabi/bin/../lib/gcc/arm-none-eabi/15.2.1/../../../../arm-none-eabi/lib/thumb/v7-m/nofp/libc_nano.a(libc_a-wbuf.o)
 .ARM.attributes
                0x000008c5       0x2d /Applications/ArmGNUToolchain/15.2.rel1/arm-none-eabi/bin/../lib/gcc/arm-none-eabi/15.2.1/../../../../arm-none-eabi/lib/thumb/v7-m/nofp/libc_nano.a(libc_a-wsetup.o)
 .ARM.attributes
                0x000008f2       0x2d /Applications/ArmGNUToolchain/15.2.rel1/arm-none-eabi/bin/../lib/gcc/arm-none-eabi/15.2.1/../../../../arm-none-eabi/lib/thumb/v7-m/nofp/libc_nano.a(libc_a-makebuf.o)
 .ARM.attributes
                0x0000091f       0x2d /Applications/ArmGNUToolchain/15.2.rel1/arm-none-eabi/bin/../lib/gcc/arm-none-eabi/15.2.1/../../../../arm-none-eabi/lib/thumb/v7-m/nofp/libc_nano.a(libc_a-memmove.o)
 .ARM.attributes
                0x0000094c       0x2d /Applications/ArmGNUToolchain/15.2.rel1/arm-none-eabi/bin/../lib/gcc/arm-none-eabi/15.2.1/../../../../arm-none-eabi/lib/thumb/v7-m/nofp/libc_nano.a(libc_a-isattyr.o)
 .ARM.attributes
                0x00000979       0x2d /Applications/ArmGNUToolchain/15.2.rel1/arm-none-eabi/bin/../lib/gcc/arm-none-eabi/15.2.1/../../../../arm-none-eabi/lib/thumb/v7-m/nofp/libc_nano.a(libc_a-lseekr.o)
 .ARM.attributes
                0x000009a6       0x2d /Applications/ArmGNUToolchain/15.2.rel1/arm-none-eabi/bin/../lib/gcc/arm-none-eabi/15.2.1/../../../../arm-none-eabi/lib/thumb/v7-m/nofp/libc_nano.a(libc_a-readr.o)
 .ARM.attributes
                0x000009d3       0x2d /Applications/ArmGNUToolchain/15.2.rel1/arm-none-eabi/bin/../lib/gcc/arm-none-eabi/15.2.1/../../../../arm-none-eabi/lib/thumb/v7-m/nofp/libc_nano.a(libc_a-sbrkr.o)
 .ARM.attributes
                0x00000a00       0x2d /Applications/ArmGNUToolchain/15.2.rel1/arm-none-eabi/bin/../lib/gcc/arm-none-eabi/15.2.1/../../../../arm-none-eabi/lib/thumb/v7-m/nofp/libc_nano.a(libc_a-writer.o)
 .ARM.attributes
                0x00000a2d       0x2d /Applications/ArmGNUToolchain/15.2.rel1/arm-none-eabi/bin/../lib/gcc/arm-none-eabi/15.2.1/../../../../arm-none-eabi/lib/thumb/v7-m/nofp/libc_nano.a(libc_a-closer.o)
 .ARM.attributes
                0x00000a5a       0x2d /Applications/ArmGNUToolchain/15.2.rel1/arm-none-eabi/bin/../lib/gcc/arm-none-eabi/15.2.1/../../../../arm-none-eabi/lib/thumb/v7-m/nofp/libc_nano.a(libc_a-reent.o)
 .ARM.attributes
                0x00000a87       0x2d /Applications/ArmGNUToolchain/15.2.rel1/arm-none-eabi/bin/../lib/gcc/arm-none-eabi/15.2.1/../../../../arm-none-eabi/lib/thumb/v7-m/nofp/libc_nano.a(libc_a-fstatr.o)
 .ARM.attributes
                0x00000ab4       0x2d /Applications/ArmGNUToolchain/15.2.rel1/arm-none-eabi/bin/../lib/gcc/arm-none-eabi/15.2.1/../../../../arm-none-eabi/lib/thumb/v7-m/nofp/libc_nano.a(libc_a-memchr-stub.o)
 .ARM.attributes
                0x00000ae1       0x2d /Applications/ArmGNUToolchain/15.2.rel1/arm-none-eabi/bin/../lib/gcc/arm-none-eabi/15.2.1/../../../../arm-none-eabi/lib/thumb/v7-m/nofp/libc_nano.a(libc_a-freer.o)
 .ARM.attributes
                0x00000b0e       0x2d /Applications/ArmGNUToolchain/15.2.rel1/arm-none-eabi/bin/../lib/gcc/arm-none-eabi/15.2.1/../../../../arm-none-eabi/lib/thumb/v7-m/nofp/libc_nano.a(libc_a-msizer.o)
 .ARM.attributes
                0x00000b3b       0x2d /Applications/ArmGNUToolchain/15.2.rel1/arm-none-eabi/bin/../lib/gcc/arm-none-eabi/15.2.1/thumb/v7-m/nofp/crtend.o
 .ARM.attributes
                0x00000b68       0x1d /Applications/ArmGNUToolchain/15.2.rel1/arm-none-eabi/bin/../lib/gcc/arm-none-eabi/15.2.1/thumb/v7-m/nofp/crtn.o

.comment        0x00000000       0x45
 .comment       0x00000000       0x45 build/main.o
                                 0x46 (size before relaxing)
 .comment       0x00000045        0x0 build/gpio.o
                                 0x46 (size before relaxing)
 .comment       0x00000045        0x0 build/tim.o
                                 0x46 (size before relaxing)
 .comment       0x00000045        0x0 build/usart.o
                                 0x46 (size before relaxing)
 .comment       0x00000045        0x0 build/stm32f1xx_it.o
                                 0x46 (size before relaxing)
 .comment       0x00000045        0x0 build/stm32f1xx_hal_msp.o
                                 0x46 (size before relaxing)
 .comment       0x00000045        0x0 build/stm32f1xx_hal_tim.o
                                 0x46 (size before relaxing)
 .comment       0x00000045        0x0 build/stm32f1xx_hal_tim_ex.o
                                 0x46 (size before relaxing)
 .comment       0x00000045        0x0 build/stm32f1xx_hal.o
                                 0x46 (size before relaxing)
 .comment       0x00000045        0x0 build/stm32f1xx_hal_rcc.o
                                 0x46 (size before relaxing)
 .comment       0x00000045        0x0 build/stm32f1xx_hal_gpio.o
                                 0x46 (size before relaxing)
 .comment       0x00000045        0x0 build/stm32f1xx_hal_cortex.o
                                 0x46 (size before relaxing)
 .comment       0x00000045        0x0 build/stm32f1xx_hal_uart.o
                                 0x46 (size before relaxing)
 .comment       0x00000045        0x0 build/system_stm32f1xx.o
                                 0x46 (size before relaxing)
 .comment       0x00000045        0x0 build/sysmem.o
                                 0x46 (size before relaxing)
 .comment       0x00000045        0x0 build/syscalls.o
                                 0x46 (size before relaxing)
 .comment       0x00000045        0x0 build/LCD.o
                                 0x46 (size before relaxing)
 .comment       0x00000045        0x0 build/tachometer.o
                                 0x46 (size before relaxing)
 .comment       0x00000045        0x0 build/fan_control.o
                                 0x46 (size before relaxing)
 .comment       0x00000045        0x0 build/led_status.o
                                 0x46 (size before relaxing)
 .comment       0x00000045        0x0 build/ui_lcd.o
                                 0x46 (size before relaxing)
 .comment       0x00000045        0x0 build/uart_cmd.o
                                 0x46 (size before relaxing)
 .comment       0x00000045        0x0 build/Profil.o
                                 0x46 (size before relaxing)
 .comment       0x00000045        0x0 build/AFLCalcul.o
                                 0x46 (size before relaxing)
 .comment       0x00000045        0x0 build/button.o
                                 0x46 (size before relaxing)
 .comment       0x00000045        0x0 build/temperature_stub.o
                                 0x46 (size before relaxing)

.debug_info     0x00000000    0x16160
 .debug_info    0x00000000     0x1818 build/main.o
 .debug_info    0x00001818      0x40b build/gpio.o
 .debug_info    0x00001c23     0x11e0 build/tim.o
 .debug_info    0x00002e03      0x945 build/usart.o
 .debug_info    0x00003748      0x7b8 build/stm32f1xx_it.o
 .debug_info    0x00003f00      0x238 build/stm32f1xx_hal_msp.o
 .debug_info    0x00004138     0x41d9 build/stm32f1xx_hal_tim.o
 .debug_info    0x00008311     0x1d68 build/stm32f1xx_hal_tim_ex.o
 .debug_info    0x0000a079      0x87b build/stm32f1xx_hal.o
 .debug_info    0x0000a8f4      0xb10 build/stm32f1xx_hal_rcc.o
 .debug_info    0x0000b404      0x6d7 build/stm32f1xx_hal_gpio.o
 .debug_info    0x0000badb      0xe3f build/stm32f1xx_hal_cortex.o
 .debug_info    0x0000c91a     0x3f51 build/stm32f1xx_hal_uart.o
 .debug_info    0x0001086b      0x26e build/system_stm32f1xx.o
 .debug_info    0x00010ad9      0x18c build/sysmem.o
 .debug_info    0x00010c65      0x854 build/syscalls.o
 .debug_info    0x000114b9      0x963 build/LCD.o
 .debug_info    0x00011e1c      0xb77 build/tachometer.o
 .debug_info    0x00012993      0xe6a build/fan_control.o
 .debug_info    0x000137fd      0x4a1 build/led_status.o
 .debug_info    0x00013c9e      0xe41 build/ui_lcd.o
 .debug_info    0x00014adf      0xcf4 build/uart_cmd.o
 .debug_info    0x000157d3      0x366 build/Profil.o
 .debug_info    0x00015b39      0x3dd build/AFLCalcul.o
 .debug_info    0x00015f16       0xb5 build/button.o
 .debug_info    0x00015fcb      0x165 build/temperature_stub.o
 .debug_info    0x00016130       0x30 build/startup_stm32f103xb.o

.debug_abbrev   0x00000000     0x3590
 .debug_abbrev  0x00000000      0x32e build/main.o
 .debug_abbrev  0x0000032e      0x14e build/gpio.o
 .debug_abbrev  0x0000047c      0x257 build/tim.o
 .debug_abbrev  0x000006d3      0x1fd build/usart.o
 .debug_abbrev  0x000008d0      0x190 build/stm32f1xx_it.o
 .debug_abbrev  0x00000a60       0xe7 build/stm32f1xx_hal_msp.o
 .debug_abbrev  0x00000b47      0x2bd build/stm32f1xx_hal_tim.o
 .debug_abbrev  0x00000e04      0x2b7 build/stm32f1xx_hal_tim_ex.o
 .debug_abbrev  0x000010bb      0x232 build/stm32f1xx_hal.o
 .debug_abbrev  0x000012ed      0x2d6 build/stm32f1xx_hal_rcc.o
 .debug_abbrev  0x000015c3      0x222 build/stm32f1xx_hal_gpio.o
 .debug_abbrev  0x000017e5      0x3aa build/stm32f1xx_hal_cortex.o
 .debug_abbrev  0x00001b8f      0x363 build/stm32f1xx_hal_uart.o
 .debug_abbrev  0x00001ef2      0x140 build/system_stm32f1xx.o
 .debug_abbrev  0x00002032       0xeb build/sysmem.o
 .debug_abbrev  0x0000211d      0x1ec build/syscalls.o
 .debug_abbrev  0x00002309      0x225 build/LCD.o
 .debug_abbrev  0x0000252e      0x26e build/tachometer.o
 .debug_abbrev  0x0000279c      0x2cf build/fan_control.o
 .debug_abbrev  0x00002a6b      0x1f1 build/led_status.o
 .debug_abbrev  0x00002c5c      0x2cd build/ui_lcd.o
 .debug_abbrev  0x00002f29      0x290 build/uart_cmd.o
 .debug_abbrev  0x000031b9      0x149 build/Profil.o
 .debug_abbrev  0x00003302      0x101 build/AFLCalcul.o
 .debug_abbrev  0x00003403       0x68 build/button.o
 .debug_abbrev  0x0000346b      0x108 build/temperature_stub.o
 .debug_abbrev  0x00003573       0x1d build/startup_stm32f103xb.o

.debug_loc      0x00000000    0x118a7
 .debug_loc     0x00000000      0x592 build/main.o
 .debug_loc     0x00000592       0x39 build/gpio.o
 .debug_loc     0x000005cb      0x236 build/tim.o
 .debug_loc     0x00000801      0x120 build/usart.o
 .debug_loc     0x00000921       0x40 build/stm32f1xx_it.o
 .debug_loc     0x00000961       0x41 build/stm32f1xx_hal_msp.o
 .debug_loc     0x000009a2     0x61e6 build/stm32f1xx_hal_tim.o
 .debug_loc     0x00006b88     0x231d build/stm32f1xx_hal_tim_ex.o
 .debug_loc     0x00008ea5      0x1f9 build/stm32f1xx_hal.o
 .debug_loc     0x0000909e      0x7c6 build/stm32f1xx_hal_rcc.o
 .debug_loc     0x00009864      0x538 build/stm32f1xx_hal_gpio.o
 .debug_loc     0x00009d9c      0x84b build/stm32f1xx_hal_cortex.o
 .debug_loc     0x0000a5e7     0x4715 build/stm32f1xx_hal_uart.o
 .debug_loc     0x0000ecfc      0x11b build/system_stm32f1xx.o
 .debug_loc     0x0000ee17       0x90 build/sysmem.o
 .debug_loc     0x0000eea7      0x583 build/syscalls.o
 .debug_loc     0x0000f42a      0x79d build/LCD.o
 .debug_loc     0x0000fbc7      0x60d build/tachometer.o
 .debug_loc     0x000101d4      0x6f1 build/fan_control.o
 .debug_loc     0x000108c5      0x1fe build/led_status.o
 .debug_loc     0x00010ac3      0x698 build/ui_lcd.o
 .debug_loc     0x0001115b      0x29a build/uart_cmd.o
 .debug_loc     0x000113f5      0x224 build/Profil.o
 .debug_loc     0x00011619      0x23f build/AFLCalcul.o
 .debug_loc     0x00011858       0x4f build/temperature_stub.o

.debug_aranges  0x00000000      0xfc0
 .debug_aranges
                0x00000000       0x68 build/main.o
 .debug_aranges
                0x00000068       0x20 build/gpio.o
 .debug_aranges
                0x00000088       0x40 build/tim.o
 .debug_aranges
                0x000000c8       0x30 build/usart.o
 .debug_aranges
                0x000000f8       0x68 build/stm32f1xx_it.o
 .debug_aranges
                0x00000160       0x20 build/stm32f1xx_hal_msp.o
 .debug_aranges
                0x00000180      0x3d0 build/stm32f1xx_hal_tim.o
 .debug_aranges
                0x00000550      0x168 build/stm32f1xx_hal_tim_ex.o
 .debug_aranges
                0x000006b8       0xe0 build/stm32f1xx_hal.o
 .debug_aranges
                0x00000798       0x90 build/stm32f1xx_hal_rcc.o
 .debug_aranges
                0x00000828       0x58 build/stm32f1xx_hal_gpio.o
 .debug_aranges
                0x00000880       0xc0 build/stm32f1xx_hal_cortex.o
 .debug_aranges
                0x00000940      0x208 build/stm32f1xx_hal_uart.o
 .debug_aranges
                0x00000b48       0x28 build/system_stm32f1xx.o
 .debug_aranges
                0x00000b70       0x20 build/sysmem.o
 .debug_aranges
                0x00000b90       0xa8 build/syscalls.o
 .debug_aranges
                0x00000c38       0x90 build/LCD.o
 .debug_aranges
                0x00000cc8       0x58 build/tachometer.o
 .debug_aranges
                0x00000d20       0x98 build/fan_control.o
 .debug_aranges
                0x00000db8       0x40 build/led_status.o
 .debug_aranges
                0x00000df8       0x88 build/ui_lcd.o
 .debug_aranges
                0x00000e80       0x50 build/uart_cmd.o
 .debug_aranges
                0x00000ed0       0x38 build/Profil.o
 .debug_aranges
                0x00000f08       0x20 build/AFLCalcul.o
 .debug_aranges
                0x00000f28       0x40 build/button.o
 .debug_aranges
                0x00000f68       0x30 build/temperature_stub.o
 .debug_aranges
                0x00000f98       0x28 build/startup_stm32f103xb.o

.debug_ranges   0x00000000      0xf70
 .debug_ranges  0x00000000       0x70 build/main.o
 .debug_ranges  0x00000070       0x10 build/gpio.o
 .debug_ranges  0x00000080       0x30 build/tim.o
 .debug_ranges  0x000000b0       0x20 build/usart.o
 .debug_ranges  0x000000d0       0x58 build/stm32f1xx_it.o
 .debug_ranges  0x00000128       0x10 build/stm32f1xx_hal_msp.o
 .debug_ranges  0x00000138      0x3c0 build/stm32f1xx_hal_tim.o
 .debug_ranges  0x000004f8      0x158 build/stm32f1xx_hal_tim_ex.o
 .debug_ranges  0x00000650       0xd0 build/stm32f1xx_hal.o
 .debug_ranges  0x00000720       0xa0 build/stm32f1xx_hal_rcc.o
 .debug_ranges  0x000007c0       0x48 build/stm32f1xx_hal_gpio.o
 .debug_ranges  0x00000808       0xb0 build/stm32f1xx_hal_cortex.o
 .debug_ranges  0x000008b8      0x210 build/stm32f1xx_hal_uart.o
 .debug_ranges  0x00000ac8       0x18 build/system_stm32f1xx.o
 .debug_ranges  0x00000ae0       0x10 build/sysmem.o
 .debug_ranges  0x00000af0       0x98 build/syscalls.o
 .debug_ranges  0x00000b88       0xe0 build/LCD.o
 .debug_ranges  0x00000c68       0x78 build/tachometer.o
 .debug_ranges  0x00000ce0       0x88 build/fan_control.o
 .debug_ranges  0x00000d68       0x30 build/led_status.o
 .debug_ranges  0x00000d98       0xa8 build/ui_lcd.o
 .debug_ranges  0x00000e40       0x58 build/uart_cmd.o
 .debug_ranges  0x00000e98       0x40 build/Profil.o
 .debug_ranges  0x00000ed8       0x28 build/AFLCalcul.o
 .debug_ranges  0x00000f00       0x30 build/button.o
 .debug_ranges  0x00000f30       0x20 build/temperature_stub.o
 .debug_ranges  0x00000f50       0x20 build/startup_stm32f103xb.o

.debug_line     0x00000000     0xf93a
 .debug_line    0x00000000      0x808 build/main.o
 .debug_line    0x00000808      0x21f build/gpio.o
 .debug_line    0x00000a27      0x540 build/tim.o
 .debug_line    0x00000f67      0x2e1 build/usart.o
 .debug_line    0x00001248      0x29b build/stm32f1xx_it.o
 .debug_line    0x000014e3      0x166 build/stm32f1xx_hal_msp.o
 .debug_line    0x00001649     0x45e6 build/stm32f1xx_hal_tim.o
 .debug_line    0x00005c2f     0x1963 build/stm32f1xx_hal_tim_ex.o
 .debug_line    0x00007592      0x51a build/stm32f1xx_hal.o
 .debug_line    0x00007aac      0xc9d build/stm32f1xx_hal_rcc.o
 .debug_line    0x00008749      0x5d1 build/stm32f1xx_hal_gpio.o
 .debug_line    0x00008d1a      0x6a0 build/stm32f1xx_hal_cortex.o
 .debug_line    0x000093ba     0x337f build/stm32f1xx_hal_uart.o
 .debug_line    0x0000c739      0x22f build/system_stm32f1xx.o
 .debug_line    0x0000c968      0x1cf build/sysmem.o
 .debug_line    0x0000cb37      0x3e2 build/syscalls.o
 .debug_line    0x0000cf19      0x5f5 build/LCD.o
 .debug_line    0x0000d50e      0x58d build/tachometer.o
 .debug_line    0x0000da9b      0x7b7 build/fan_control.o
 .debug_line    0x0000e252      0x30f build/led_status.o
 .debug_line    0x0000e561      0x7e3 build/ui_lcd.o
 .debug_line    0x0000ed44      0x49a build/uart_cmd.o
 .debug_line    0x0000f1de      0x258 build/Profil.o
 .debug_line    0x0000f436      0x235 build/AFLCalcul.o
 .debug_line    0x0000f66b       0xab build/button.o
 .debug_line    0x0000f716      0x1b3 build/temperature_stub.o
 .debug_line    0x0000f8c9       0x71 build/startup_stm32f103xb.o

.debug_str      0x00000000     0x473c
 .debug_str     0x00000000     0x473c build/main.o
                               0x10ec (size before relaxing)
 .debug_str     0x0000473c        0x0 build/gpio.o
                                0x263 (size before relaxing)
 .debug_str     0x0000473c        0x0 build/tim.o
                                0xcb5 (size before relaxing)
 .debug_str     0x0000473c        0x0 build/usart.o
                                0x6aa (size before relaxing)
 .debug_str     0x0000473c        0x0 build/stm32f1xx_it.o
                                0x6eb (size before relaxing)
 .debug_str     0x0000473c        0x0 build/stm32f1xx_hal_msp.o
                                0x1f7 (size before relaxing)
 .debug_str     0x0000473c        0x0 build/stm32f1xx_hal_tim.o
                               0x165d (size before relaxing)
 .debug_str     0x0000473c        0x0 build/stm32f1xx_hal_tim_ex.o
                                0xe69 (size before relaxing)
 .debug_str     0x0000473c        0x0 build/stm32f1xx_hal.o
                                0x806 (size before relaxing)
 .debug_str     0x0000473c        0x0 build/stm32f1xx_hal_rcc.o
                                0x603 (size before relaxing)
 .debug_str     0x0000473c        0x0 build/stm32f1xx_hal_gpio.o
                                0x3d8 (size before relaxing)
 .debug_str     0x0000473c        0x0 build/stm32f1xx_hal_cortex.o
                                0x8ab (size before relaxing)
 .debug_str     0x0000473c        0x0 build/stm32f1xx_hal_uart.o
                                0xccc (size before relaxing)
 .debug_str     0x0000473c        0x0 build/system_stm32f1xx.o
                                0x22c (size before relaxing)
 .debug_str     0x0000473c        0x0 build/sysmem.o
                                0x1f0 (size before relaxing)
 .debug_str     0x0000473c        0x0 build/syscalls.o
                                0x3c4 (size before relaxing)
 .debug_str     0x0000473c        0x0 build/LCD.o
                                0x2e8 (size before relaxing)
 .debug_str     0x0000473c        0x0 build/tachometer.o
                                0x873 (size before relaxing)
 .debug_str     0x0000473c        0x0 build/fan_control.o
                                0xa2f (size before relaxing)
 .debug_str     0x0000473c        0x0 build/led_status.o
                                0x377 (size before relaxing)
 .debug_str     0x0000473c        0x0 build/ui_lcd.o
                                0x6e4 (size before relaxing)
 .debug_str     0x0000473c        0x0 build/uart_cmd.o
                                0x8f0 (size before relaxing)
 .debug_str     0x0000473c        0x0 build/Profil.o
                                0x2f7 (size before relaxing)
 .debug_str     0x0000473c        0x0 build/AFLCalcul.o
                                0x36d (size before relaxing)
 .debug_str     0x0000473c        0x0 build/button.o
                                0x140 (size before relaxing)
 .debug_str     0x0000473c        0x0 build/temperature_stub.o
                                0x1fd (size before relaxing)
 .debug_str     0x0000473c        0x0 build/startup_stm32f103xb.o
                                 0x63 (size before relaxing)

.debug_frame    0x00000000     0x31f8
 .debug_frame   0x00000000      0x104 build/main.o
 .debug_frame   0x00000104       0x38 build/gpio.o
 .debug_frame   0x0000013c       0xa8 build/tim.o
 .debug_frame   0x000001e4       0x60 build/usart.o
 .debug_frame   0x00000244       0xc0 build/stm32f1xx_it.o
 .debug_frame   0x00000304       0x28 build/stm32f1xx_hal_msp.o
 .debug_frame   0x0000032c      0xab0 build/stm32f1xx_hal_tim.o
 .debug_frame   0x00000ddc      0x3e8 build/stm32f1xx_hal_tim_ex.o
 .debug_frame   0x000011c4      0x1cc build/stm32f1xx_hal.o
 .debug_frame   0x00001390      0x184 build/stm32f1xx_hal_rcc.o
 .debug_frame   0x00001514       0xe4 build/stm32f1xx_hal_gpio.o
 .debug_frame   0x000015f8      0x19c build/stm32f1xx_hal_cortex.o
 .debug_frame   0x00001794      0x5e0 build/stm32f1xx_hal_uart.o
 .debug_frame   0x00001d74       0x30 build/system_stm32f1xx.o
 .debug_frame   0x00001da4       0x28 build/sysmem.o
 .debug_frame   0x00001dcc      0x190 build/syscalls.o
 .debug_frame   0x00001f5c      0x1d8 build/LCD.o
 .debug_frame   0x00002134       0xc8 build/tachometer.o
 .debug_frame   0x000021fc      0x188 build/fan_control.o
 .debug_frame   0x00002384       0x84 build/led_status.o
 .debug_frame   0x00002408      0x198 build/ui_lcd.o
 .debug_frame   0x000025a0       0xe4 build/uart_cmd.o
 .debug_frame   0x00002684       0x64 build/Profil.o
 .debug_frame   0x000026e8       0x38 build/AFLCalcul.o
 .debug_frame   0x00002720       0x60 build/button.o
 .debug_frame   0x00002780       0x40 build/temperature_stub.o
 .debug_frame   0x000027c0       0x7c /Applications/ArmGNUToolchain/15.2.rel1/arm-none-eabi/bin/../lib/gcc/arm-none-eabi/15.2.1/../../../../arm-none-eabi/lib/thumb/v7-m/nofp/libc_nano.a(libc_a-snprintf.o)
 .debug_frame   0x0000283c      0x144 /Applications/ArmGNUToolchain/15.2.rel1/arm-none-eabi/bin/../lib/gcc/arm-none-eabi/15.2.1/../../../../arm-none-eabi/lib/thumb/v7-m/nofp/libc_nano.a(libc_a-findfp.o)
 .debug_frame   0x00002980       0x34 /Applications/ArmGNUToolchain/15.2.rel1/arm-none-eabi/bin/../lib/gcc/arm-none-eabi/15.2.1/../../../../arm-none-eabi/lib/thumb/v7-m/nofp/libc_nano.a(libc_a-fwalk.o)
 .debug_frame   0x000029b4       0x6c /Applications/ArmGNUToolchain/15.2.rel1/arm-none-eabi/bin/../lib/gcc/arm-none-eabi/15.2.1/../../../../arm-none-eabi/lib/thumb/v7-m/nofp/libc_nano.a(libc_a-printf.o)
 .debug_frame   0x00002a20       0x3c /Applications/ArmGNUToolchain/15.2.rel1/arm-none-eabi/bin/../lib/gcc/arm-none-eabi/15.2.1/../../../../arm-none-eabi/lib/thumb/v7-m/nofp/libc_nano.a(libc_a-puts.o)
 .debug_frame   0x00002a5c       0x20 /Applications/ArmGNUToolchain/15.2.rel1/arm-none-eabi/bin/../lib/gcc/arm-none-eabi/15.2.1/../../../../arm-none-eabi/lib/thumb/v7-m/nofp/libc_nano.a(libc_a-memset.o)
 .debug_frame   0x00002a7c       0x28 /Applications/ArmGNUToolchain/15.2.rel1/arm-none-eabi/bin/../lib/gcc/arm-none-eabi/15.2.1/../../../../arm-none-eabi/lib/thumb/v7-m/nofp/libc_nano.a(libc_a-strncmp.o)
 .debug_frame   0x00002aa4       0x20 /Applications/ArmGNUToolchain/15.2.rel1/arm-none-eabi/bin/../lib/gcc/arm-none-eabi/15.2.1/../../../../arm-none-eabi/lib/thumb/v7-m/nofp/libc_nano.a(libc_a-errno.o)
 .debug_frame   0x00002ac4       0x2c /Applications/ArmGNUToolchain/15.2.rel1/arm-none-eabi/bin/../lib/gcc/arm-none-eabi/15.2.1/../../../../arm-none-eabi/lib/thumb/v7-m/nofp/libc_nano.a(libc_a-init.o)
 .debug_frame   0x00002af0       0xb0 /Applications/ArmGNUToolchain/15.2.rel1/arm-none-eabi/bin/../lib/gcc/arm-none-eabi/15.2.1/../../../../arm-none-eabi/lib/thumb/v7-m/nofp/libc_nano.a(libc_a-lock.o)
 .debug_frame   0x00002ba0       0x28 /Applications/ArmGNUToolchain/15.2.rel1/arm-none-eabi/bin/../lib/gcc/arm-none-eabi/15.2.1/../../../../arm-none-eabi/lib/thumb/v7-m/nofp/libc_nano.a(libc_a-memcpy-stub.o)
 .debug_frame   0x00002bc8       0x20 /Applications/ArmGNUToolchain/15.2.rel1/arm-none-eabi/bin/../lib/gcc/arm-none-eabi/15.2.1/../../../../arm-none-eabi/lib/thumb/v7-m/nofp/libc_nano.a(libc_a-strlen.o)
 .debug_frame   0x00002be8       0x90 /Applications/ArmGNUToolchain/15.2.rel1/arm-none-eabi/bin/../lib/gcc/arm-none-eabi/15.2.1/../../../../arm-none-eabi/lib/thumb/v7-m/nofp/libc_nano.a(libc_a-nano-svfprintf.o)
 .debug_frame   0x00002c78       0x50 /Applications/ArmGNUToolchain/15.2.rel1/arm-none-eabi/bin/../lib/gcc/arm-none-eabi/15.2.1/../../../../arm-none-eabi/lib/thumb/v7-m/nofp/libc_nano.a(libc_a-mallocr.o)
 .debug_frame   0x00002cc8       0xa8 /Applications/ArmGNUToolchain/15.2.rel1/arm-none-eabi/bin/../lib/gcc/arm-none-eabi/15.2.1/../../../../arm-none-eabi/lib/thumb/v7-m/nofp/libc_nano.a(libc_a-nano-vfprintf.o)
 .debug_frame   0x00002d70       0x60 /Applications/ArmGNUToolchain/15.2.rel1/arm-none-eabi/bin/../lib/gcc/arm-none-eabi/15.2.1/../../../../arm-none-eabi/lib/thumb/v7-m/nofp/libc_nano.a(libc_a-nano-vfprintf_i.o)
 .debug_frame   0x00002dd0       0x30 /Applications/ArmGNUToolchain/15.2.rel1/arm-none-eabi/bin/../lib/gcc/arm-none-eabi/15.2.1/../../../../arm-none-eabi/lib/thumb/v7-m/nofp/libc_nano.a(libc_a-mlock.o)
 .debug_frame   0x00002e00       0x88 /Applications/ArmGNUToolchain/15.2.rel1/arm-none-eabi/bin/../lib/gcc/arm-none-eabi/15.2.1/../../../../arm-none-eabi/lib/thumb/v7-m/nofp/libc_nano.a(libc_a-stdio.o)
 .debug_frame   0x00002e88       0x5c /Applications/ArmGNUToolchain/15.2.rel1/arm-none-eabi/bin/../lib/gcc/arm-none-eabi/15.2.1/../../../../arm-none-eabi/lib/thumb/v7-m/nofp/libc_nano.a(libc_a-fflush.o)
 .debug_frame   0x00002ee4       0x3c /Applications/ArmGNUToolchain/15.2.rel1/arm-none-eabi/bin/../lib/gcc/arm-none-eabi/15.2.1/../../../../arm-none-eabi/lib/thumb/v7-m/nofp/libc_nano.a(libc_a-reallocr.o)
 .debug_frame   0x00002f20       0x40 /Applications/ArmGNUToolchain/15.2.rel1/arm-none-eabi/bin/../lib/gcc/arm-none-eabi/15.2.1/../../../../arm-none-eabi/lib/thumb/v7-m/nofp/libc_nano.a(libc_a-wbuf.o)
 .debug_frame   0x00002f60       0x2c /Applications/ArmGNUToolchain/15.2.rel1/arm-none-eabi/bin/../lib/gcc/arm-none-eabi/15.2.1/../../../../arm-none-eabi/lib/thumb/v7-m/nofp/libc_nano.a(libc_a-wsetup.o)
 .debug_frame   0x00002f8c       0x58 /Applications/ArmGNUToolchain/15.2.rel1/arm-none-eabi/bin/../lib/gcc/arm-none-eabi/15.2.1/../../../../arm-none-eabi/lib/thumb/v7-m/nofp/libc_nano.a(libc_a-makebuf.o)
 .debug_frame   0x00002fe4       0x28 /Applications/ArmGNUToolchain/15.2.rel1/arm-none-eabi/bin/../lib/gcc/arm-none-eabi/15.2.1/../../../../arm-none-eabi/lib/thumb/v7-m/nofp/libc_nano.a(libc_a-memmove.o)
 .debug_frame   0x0000300c       0x2c /Applications/ArmGNUToolchain/15.2.rel1/arm-none-eabi/bin/../lib/gcc/arm-none-eabi/15.2.1/../../../../arm-none-eabi/lib/thumb/v7-m/nofp/libc_nano.a(libc_a-isattyr.o)
 .debug_frame   0x00003038       0x2c /Applications/ArmGNUToolchain/15.2.rel1/arm-none-eabi/bin/../lib/gcc/arm-none-eabi/15.2.1/../../../../arm-none-eabi/lib/thumb/v7-m/nofp/libc_nano.a(libc_a-lseekr.o)
 .debug_frame   0x00003064       0x2c /Applications/ArmGNUToolchain/15.2.rel1/arm-none-eabi/bin/../lib/gcc/arm-none-eabi/15.2.1/../../../../arm-none-eabi/lib/thumb/v7-m/nofp/libc_nano.a(libc_a-readr.o)
 .debug_frame   0x00003090       0x2c /Applications/ArmGNUToolchain/15.2.rel1/arm-none-eabi/bin/../lib/gcc/arm-none-eabi/15.2.1/../../../../arm-none-eabi/lib/thumb/v7-m/nofp/libc_nano.a(libc_a-sbrkr.o)
 .debug_frame   0x000030bc       0x2c /Applications/ArmGNUToolchain/15.2.rel1/arm-none-eabi/bin/../lib/gcc/arm-none-eabi/15.2.1/../../../../arm-none-eabi/lib/thumb/v7-m/nofp/libc_nano.a(libc_a-writer.o)
 .debug_frame   0x000030e8       0x2c /Applications/ArmGNUToolchain/15.2.rel1/arm-none-eabi/bin/../lib/gcc/arm-none-eabi/15.2.1/../../../../arm-none-eabi/lib/thumb/v7-m/nofp/libc_nano.a(libc_a-closer.o)
 .debug_frame   0x00003114       0x38 /Applications/ArmGNUToolchain/15.2.rel1/arm-none-eabi/bin/../lib/gcc/arm-none-eabi/15.2.1/../../../../arm-none-eabi/lib/thumb/v7-m/nofp/libc_nano.a(libc_a-reent.o)
 .debug_frame   0x0000314c       0x2c /Applications/ArmGNUToolchain/15.2.rel1/arm-none-eabi/bin/../lib/gcc/arm-none-eabi/15.2.1/../../../../arm-none-eabi/lib/thumb/v7-m/nofp/libc_nano.a(libc_a-fstatr.o)
 .debug_frame   0x00003178       0x28 /Applications/ArmGNUToolchain/15.2.rel1/arm-none-eabi/bin/../lib/gcc/arm-none-eabi/15.2.1/../../../../arm-none-eabi/lib/thumb/v7-m/nofp/libc_nano.a(libc_a-memchr-stub.o)
 .debug_frame   0x000031a0       0x38 /Applications/ArmGNUToolchain/15.2.rel1/arm-none-eabi/bin/../lib/gcc/arm-none-eabi/15.2.1/../../../../arm-none-eabi/lib/thumb/v7-m/nofp/libc_nano.a(libc_a-freer.o)
 .debug_frame   0x000031d8       0x20 /Applications/ArmGNUToolchain/15.2.rel1/arm-none-eabi/bin/../lib/gcc/arm-none-eabi/15.2.1/../../../../arm-none-eabi/lib/thumb/v7-m/nofp/libc_nano.a(libc_a-msizer.o)

.debug_line_str
                0x00000000       0xf0
 .debug_line_str
                0x00000000       0xf0 /Applications/ArmGNUToolchain/15.2.rel1/arm-none-eabi/bin/../lib/gcc/arm-none-eabi/15.2.1/../../../../arm-none-eabi/lib/thumb/v7-m/nofp/libc_nano.a(libc_a-strlen.o)

Cross Reference Table
