Archive member included to satisfy reference by file (symbol)

/Applications/ArmGNUToolchain/15.2.rel1/arm-none-eabi/bin/../lib/gcc/arm-none-eabi/15.2.1/../../../../arm-none-eabi/lib/thumb/v7-m/nofp/libc_nano.a(libc_a-exit.o)
                              /Applications/ArmGNUToolchain/15.2.rel1/arm-none-eabi/bin/../lib/gcc/arm-none-eabi/15.2.1/../../../../arm-none-eabi/lib/thumb/v7-m/nofp/crt0.o (exit)
/Applications/ArmGNUToolchain/15.2.rel1/arm-none-eabi/bin/../lib/gcc/arm-none-eabi/15.2.1/../../../../arm-none-eabi/lib/thumb/v7-m/nofp/libc_nano.a(libc_a-snprintf.o)
                              build/LCD_UI.o (snprintf)
/Applications/ArmGNUToolchain/15.2.rel1/arm-none-eabi/bin/../lib/gcc/arm-none-eabi/15.2.1/../../../../arm-none-eabi/lib/thumb/v7-m/nofp/libc_nano.a(libc_a-findfp.o)
                              /Applications/ArmGNUToolchain/15.2.rel1/arm-none-eabi/bin/../lib/gcc/arm-none-eabi/15.2.1/../../../../arm-none-eabi/lib/thumb/v7-m/nofp/libc_nano.a(libc_a-exit.o) (__stdio_exit_handler)
/Applications/ArmGNUToolchain/15.2.rel1/arm-none-eabi/bin/../lib/gcc/arm-none-eabi/15.2.1/../../../../arm-none-eabi/lib/thumb/v7-m/nofp/libc_nano.a(libc_a-vsnprintf.o)
                              build/LCD.o (vsnprintf)
/Applications/ArmGNUToolchain/15.2.rel1/arm-none-eabi/bin/../lib/gcc/arm-none-eabi/15.2.1/../../../../arm-none-eabi/lib/thumb/v7-m/nofp/libc_nano.a(libc_a-fwalk.o)
                              /Applications/ArmGNUToolchain/15.2.rel1/arm-none-eabi/bin/../lib/gcc/arm-none-eabi/15.2.1/../../../../arm-none-eabi/lib/thumb/v7-m/nofp/libc_nano.a(libc_a-findfp.o) (_fwalk_sglue)
/Applications/ArmGNUToolchain/15.2.rel1/arm-none-eabi/bin/../lib/gcc/arm-none-eabi/15.2.1/../../../../arm-none-eabi/lib/thumb/v7-m/nofp/libc_nano.a(libc_a-printf.o)
                              build/uart_cmd.o (printf)
/Applications/ArmGNUToolchain/15.2.rel1/arm-none-eabi/bin/../lib/gcc/arm-none-eabi/15.2.1/../../../../arm-none-eabi/lib/thumb/v7-m/nofp/libc_nano.a(libc_a-puts.o)
                              build/uart_cmd.o (puts)
/Applications/ArmGNUToolchain/15.2.rel1/arm-none-eabi/bin/../lib/gcc/arm-none-eabi/15.2.1/../../../../arm-none-eabi/lib/thumb/v7-m/nofp/libc_nano.a(libc_a-memset.o)
                              /Applications/ArmGNUToolchain/15.2.rel1/arm-none-eabi/bin/../lib/gcc/arm-none-eabi/15.2.1/../../../../arm-none-eabi/lib/thumb/v7-m/nofp/crt0.o (memset)
/Applications/ArmGNUToolchain/15.2.rel1/arm-none-eabi/bin/../lib/gcc/arm-none-eabi/15.2.1/../../../../arm-none-eabi/lib/thumb/v7-m/nofp/libc_nano.a(libc_a-strncmp.o)
                              build/LCD_UI.o (strncmp)
/Applications/ArmGNUToolchain/15.2.rel1/arm-none-eabi/bin/../lib/gcc/arm-none-eabi/15.2.1/../../../../arm-none-eabi/lib/thumb/v7-m/nofp/libc_nano.a(libc_a-errno.o)
                              build/sysmem.o (__errno)
/Applications/ArmGNUToolchain/15.2.rel1/arm-none-eabi/bin/../lib/gcc/arm-none-eabi/15.2.1/../../../../arm-none-eabi/lib/thumb/v7-m/nofp/libc_nano.a(libc_a-init.o)
                              /Applications/ArmGNUToolchain/15.2.rel1/arm-none-eabi/bin/../lib/gcc/arm-none-eabi/15.2.1/../../../../arm-none-eabi/lib/thumb/v7-m/nofp/crt0.o (__libc_init_array)
/Applications/ArmGNUToolchain/15.2.rel1/arm-none-eabi/bin/../lib/gcc/arm-none-eabi/15.2.1/../../../../arm-none-eabi/lib/thumb/v7-m/nofp/libc_nano.a(libc_a-lock.o)
                              /Applications/ArmGNUToolchain/15.2.rel1/arm-none-eabi/bin/../lib/gcc/arm-none-eabi/15.2.1/../../../../arm-none-eabi/lib/thumb/v7-m/nofp/libc_nano.a(libc_a-findfp.o) (__retarget_lock_init_recursive)
/Applications/ArmGNUToolchain/15.2.rel1/arm-none-eabi/bin/../lib/gcc/arm-none-eabi/15.2.1/../../../../arm-none-eabi/lib/thumb/v7-m/nofp/libc_nano.a(libc_a-impure.o)
                              /Applications/ArmGNUToolchain/15.2.rel1/arm-none-eabi/bin/../lib/gcc/arm-none-eabi/15.2.1/../../../../arm-none-eabi/lib/thumb/v7-m/nofp/libc_nano.a(libc_a-snprintf.o) (_impure_ptr)
/Applications/ArmGNUToolchain/15.2.rel1/arm-none-eabi/bin/../lib/gcc/arm-none-eabi/15.2.1/../../../../arm-none-eabi/lib/thumb/v7-m/nofp/libc_nano.a(libc_a-memcpy-stub.o)
                              build/LCD_UI.o (memcpy)
/Applications/ArmGNUToolchain/15.2.rel1/arm-none-eabi/bin/../lib/gcc/arm-none-eabi/15.2.1/../../../../arm-none-eabi/lib/thumb/v7-m/nofp/libc_nano.a(libc_a-strlen.o)
                              build/LCD.o (strlen)
/Applications/ArmGNUToolchain/15.2.rel1/arm-none-eabi/bin/../lib/gcc/arm-none-eabi/15.2.1/../../../../arm-none-eabi/lib/thumb/v7-m/nofp/libc_nano.a(libc_a-nano-svfprintf.o)
                              /Applications/ArmGNUToolchain/15.2.rel1/arm-none-eabi/bin/../lib/gcc/arm-none-eabi/15.2.1/../../../../arm-none-eabi/lib/thumb/v7-m/nofp/libc_nano.a(libc_a-snprintf.o) (_svfprintf_r)
/Applications/ArmGNUToolchain/15.2.rel1/arm-none-eabi/bin/../lib/gcc/arm-none-eabi/15.2.1/../../../../arm-none-eabi/lib/thumb/v7-m/nofp/libc_nano.a(libc_a-mallocr.o)
[...]
Memory Configuration

Name             Origin             Length             Attributes
RAM              0x20000000         0x00005000         xrw
FLASH            0x08000000         0x00020000         xr
*default*        0x00000000         0xffffffff

Linker script and memory map

LOAD /Applications/ArmGNUToolchain/15.2.rel1/arm-none-eabi/bin/../lib/gcc/arm-none-eabi/15.2.1/thumb/v7-m/nofp/crti.o
LOAD /Applications/ArmGNUToolchain/15.2.rel1/arm-none-eabi/bin/../lib/gcc/arm-none-eabi/15.2.1/thumb/v7-m/nofp/crtbegin.o
LOAD /Applications/ArmGNUToolchain/15.2.rel1/arm-none-eabi/bin/../lib/gcc/arm-none-eabi/15.2.1/../../../../arm-none-eabi/lib/thumb/v7-m/nofp/crt0.o
LOAD build/main.o
LOAD build/gpio.o
LOAD build/tim.o
LOAD build/usart.o
LOAD build/stm32f1xx_it.o
LOAD build/stm32f1xx_hal_msp.o
LOAD build/stm32f1xx_hal_gpio_ex.o
LOAD build/stm32f1xx_hal_tim.o
LOAD build/stm32f1xx_hal_tim_ex.o
LOAD build/stm32f1xx_hal.o
LOAD build/stm32f1xx_hal_rcc.o
LOAD build/stm32f1xx_hal_rcc_ex.o
LOAD build/stm32f1xx_hal_gpio.o
LOAD build/stm32f1xx_hal_dma.o
LOAD build/stm32f1xx_hal_cortex.o
LOAD build/stm32f1xx_hal_pwr.o
LOAD build/stm32f1xx_hal_flash.o
LOAD build/stm32f1xx_hal_flash_ex.o
LOAD build/stm32f1xx_hal_exti.o
LOAD build/stm32f1xx_hal_uart.o
LOAD build/system_stm32f1xx.o
LOAD build/sysmem.o
LOAD build/syscalls.o
LOAD build/LCD.o
LOAD build/LCD_UI.o
LOAD build/tachometer.o
LOAD build/fan_control.o
LOAD build/led_status.o
LOAD build/ui_lcd.o
LOAD build/uart_cmd.o
LOAD build/Profil.o
LOAD build/AFLCalcul.o
LOAD build/button.o
LOAD build/temperature_stub.o
LOAD build/startup_stm32f103xb.o
LOAD /Applications/ArmGNUToolchain/15.2.rel1/arm-none-eabi/bin/../lib/gcc/arm-none-eabi/15.2.1/../../../../arm-none-eabi/lib/thumb/v7-m/nofp/libc_nano.a
LOAD /Applications/ArmGNUToolchain/15.2.rel1/arm-none-eabi/bin/../lib/gcc/arm-none-eabi/15.2.1/../../../../arm-none-eabi/lib/thumb/v7-m/nofp/libm.a
LOAD /Applications/ArmGNUToolchain/15.2.rel1/arm-none-eabi/bin/../lib/gcc/arm-none-eabi/15.2.1/../../../../arm-none-eabi/lib/thumb/v7-m/nofp/libnosys.a
START GROUP
LOAD /Applications/ArmGNUToolchain/15.2.rel1/arm-none-eabi/bin/../lib/gcc/arm-none-eabi/15.2.1/thumb/v7-m/nofp/libgcc.a
LOAD /Applications/ArmGNUToolchain/15.2.rel1/arm-none-eabi/bin/../lib/gcc/arm-none-eabi/15.2.1/../../../../arm-none-eabi/lib/thumb/v7-m/nofp/libc_nano.a
END GROUP
START GROUP
LOAD /Applications/ArmGNUToolchain/15.2.rel1/arm-none-eabi/bin/../lib/gcc/arm-none-eabi/15.2.1/thumb/v7-m/nofp/libgcc.a
LOAD /Applications/ArmGNUToolchain/15.2.rel1/arm-none-eabi/bin/../lib/gcc/arm-none-eabi/15.2.1/../../../../arm-none-eabi/lib/thumb/v7-m/nofp/libc_nano.a
END GROUP
LOAD /Applications/ArmGNUToolchain/15.2.rel1/arm-none-eabi/bin/../lib/gcc/arm-none-eabi/15.2.1/thumb/v7-m/nofp/crtend.o
LOAD /Applications/ArmGNUToolchain/15.2.rel1/arm-none-eabi/bin/../lib/gcc/arm-none-eabi/15.2.1/thumb/v7-m/nofp/crtn.o
                0x20005000                        _estack = (ORIGIN (RAM) + LENGTH (RAM))
                0x20004c00                        _sstack = (_estack - _Min_Stack_Size)
                0x00000200                        _Min_Heap_Size = 0x200
                0x00000400                        _Min_Stack_Size = 0x400

.isr_vector     0x08000000      0x10c
                0x08000000                        . = ALIGN (0x4)
 *(.isr_vector)
 .isr_vector    0x08000000      0x10c build/startup_stm32f103xb.o
                0x08000000                g_pfnVectors
                0x0800010c                        . = ALIGN (0x4)

.text           0x0800010c     0x4bc4
                0x0800010c                        . = ALIGN (0x4)
 *(.text)
 .text          0x0800010c       0x10 /Applications/ArmGNUToolchain/15.2.rel1/arm-none-eabi/bin/../lib/gcc/arm-none-eabi/15.2.1/../../../../arm-none-eabi/lib/thumb/v7-m/nofp/libc_nano.a(libc_a-strlen.o)
                0x0800010c                strlen
 *(.text*)
 .text.deregister_tm_clones
                0x0800011c       0x1c /Applications/ArmGNUToolchain/15.2.rel1/arm-none-eabi/bin/../lib/gcc/arm-none-eabi/15.2.1/thumb/v7-m/nofp/crtbegin.o
 .text.register_tm_clones
                0x08000138       0x24 /Applications/ArmGNUToolchain/15.2.rel1/arm-none-eabi/bin/../lib/gcc/arm-none-eabi/15.2.1/thumb/v7-m/nofp/crtbegin.o
 .text.__do_global_dtors_aux
                0x0800015c       0x28 /Applications/ArmGNUToolchain/15.2.rel1/arm-none-eabi/bin/../lib/gcc/arm-none-eabi/15.2.1/thumb/v7-m/nofp/crtbegin.o
 .text.frame_dummy
                0x08000184       0x24 /Applications/ArmGNUToolchain/15.2.rel1/arm-none-eabi/bin/../lib/gcc/arm-none-eabi/15.2.1/thumb/v7-m/nofp/crtbegin.o
 .text.AFLC_BuildMaxRpmArray
                0x080001a8       0x30 build/main.o
 .text.BootTrace
                0x080001d8       0x24 build/main.o
 .text.AFLC_AppEnterState
                0x080001fc       0x74 build/main.o
 .text.AFLC_UpdateStartupPassMask
                0x08000270       0x44 build/main.o
 .text.AFLC_RuntimeStep
                0x080002b4       0x54 build/main.o
 .text.AFLC_AppTask
                0x08000308      0x170 build/main.o
 .text.HAL_TIM_IC_CaptureCallback
                0x08000478        0x8 build/main.o
                0x08000478                HAL_TIM_IC_CaptureCallback
 .text.Error_Handler
                0x08000480        0x4 build/main.o
                0x08000480                Error_Handler
 .text.MX_AFLC_StartPeripherals
                0x08000484       0x7c build/main.o
 .text.SystemClock_Config
                0x08000500       0x62 build/main.o
                0x08000500                SystemClock_Config
 *fill*         0x08000562        0x2 
 .text.main     0x08000564      0x1d4 build/main.o
                0x08000564                main
 .text.MX_GPIO_Init
                0x08000738       0xf4 build/gpio.o
                0x08000738                MX_GPIO_Init
 .text.MX_TIM2_Init
                0x0800082c       0xd4 build/tim.o
                0x0800082c                MX_TIM2_Init
 .text.HAL_TIM_Base_MspInit
                0x08000900       0x88 build/tim.o
                0x08000900                HAL_TIM_Base_MspInit
 .text.HAL_TIM_MspPostInit
                0x08000988       0x70 build/tim.o
                0x08000988                HAL_TIM_MspPostInit
 .text.MX_TIM3_Init
                0x080009f8       0xec build/tim.o
                0x080009f8                MX_TIM3_Init
 .text.MX_USART1_UART_Init
                0x08000ae4       0x34 build/usart.o
                0x08000ae4                MX_USART1_UART_Init
 .text.HAL_UART_MspInit
                0x08000b18       0x78 build/usart.o
                0x08000b18                HAL_UART_MspInit
 .text.NMI_Handler
                0x08000b90        0x2 build/stm32f1xx_it.o
                0x08000b90                NMI_Handler
 .text.HardFault_Handler
                0x08000b92        0x2 build/stm32f1xx_it.o
                0x08000b92                HardFault_Handler
 .text.MemManage_Handler
                0x08000b94        0x2 build/stm32f1xx_it.o
                0x08000b94                MemManage_Handler
 .text.BusFault_Handler
                0x08000b96        0x2 build/stm32f1xx_it.o
                0x08000b96                BusFault_Handler
 .text.UsageFault_Handler
                0x08000b98        0x2 build/stm32f1xx_it.o
                0x08000b98                UsageFault_Handler
 .text.SVC_Handler
                0x08000b9a        0x2 build/stm32f1xx_it.o
                0x08000b9a                SVC_Handler
 .text.DebugMon_Handler
                0x08000b9c        0x2 build/stm32f1xx_it.o
                0x08000b9c                DebugMon_Handler
 .text.PendSV_Handler
                0x08000b9e        0x2 build/stm32f1xx_it.o
                0x08000b9e                PendSV_Handler
 .text.SysTick_Handler
                0x08000ba0        0x8 build/stm32f1xx_it.o
                0x08000ba0                SysTick_Handler
 .text.TIM2_IRQHandler
                0x08000ba8       0x10 build/stm32f1xx_it.o
                0x08000ba8                TIM2_IRQHandler
 .text.HAL_MspInit
                0x08000bb8       0x44 build/stm32f1xx_hal_msp.o
                0x08000bb8                HAL_MspInit
 .text.TIM_OC1_SetConfig
                0x08000bfc       0x68 build/stm32f1xx_hal_tim.o
 .text.TIM_OC3_SetConfig
                0x08000c64       0x6c build/stm32f1xx_hal_tim.o
 .text.TIM_OC4_SetConfig
                0x08000cd0       0x54 build/stm32f1xx_hal_tim.o
 .text.TIM_TI1_ConfigInputStage
                0x08000d24       0x26 build/stm32f1xx_hal_tim.o
 .text.TIM_TI2_SetConfig
                0x08000d4a       0x3e build/stm32f1xx_hal_tim.o
 .text.TIM_TI2_ConfigInputStage
                0x08000d88       0x28 build/stm32f1xx_hal_tim.o
 .text.TIM_TI3_SetConfig
                0x08000db0       0x3e build/stm32f1xx_hal_tim.o
 .text.TIM_TI4_SetConfig
                0x08000dee       0x3e build/stm32f1xx_hal_tim.o
 .text.TIM_ITRx_SetConfig
                0x08000e2c       0x10 build/stm32f1xx_hal_tim.o
 .text.HAL_TIM_PWM_MspInit
                0x08000e3c        0x2 build/stm32f1xx_hal_tim.o
                0x08000e3c                HAL_TIM_PWM_MspInit
 .text.HAL_TIM_IC_MspInit
                0x08000e3e        0x2 build/stm32f1xx_hal_tim.o
                0x08000e3e                HAL_TIM_IC_MspInit
 .text.HAL_TIM_ReadCapturedValue
                0x08000e40       0x30 build/stm32f1xx_hal_tim.o
                0x08000e40                HAL_TIM_ReadCapturedValue
 .text.HAL_TIM_PeriodElapsedCallback
                0x08000e70        0x2 build/stm32f1xx_hal_tim.o
                0x08000e70                HAL_TIM_PeriodElapsedCallback
 .text.HAL_TIM_OC_DelayElapsedCallback
                0x08000e72        0x2 build/stm32f1xx_hal_tim.o
                0x08000e72                HAL_TIM_OC_DelayElapsedCallback
 .text.HAL_TIM_PWM_PulseFinishedCallback
                0x08000e74        0x2 build/stm32f1xx_hal_tim.o
                0x08000e74                HAL_TIM_PWM_PulseFinishedCallback
 .text.HAL_TIM_TriggerCallback
                0x08000e76        0x2 build/stm32f1xx_hal_tim.o
                0x08000e76                HAL_TIM_TriggerCallback
 .text.HAL_TIM_IRQHandler
                0x08000e78      0x15e build/stm32f1xx_hal_tim.o
                0x08000e78                HAL_TIM_IRQHandler
 *fill*         0x08000fd6        0x2 
 .text.TIM_Base_SetConfig
                0x08000fd8       0x84 build/stm32f1xx_hal_tim.o
                0x08000fd8                TIM_Base_SetConfig
 .text.HAL_TIM_Base_Init
                0x0800105c       0x58 build/stm32f1xx_hal_tim.o
                0x0800105c                HAL_TIM_Base_Init
 .text.HAL_TIM_PWM_Init
                0x080010b4       0x58 build/stm32f1xx_hal_tim.o
                0x080010b4                HAL_TIM_PWM_Init
 .text.HAL_TIM_IC_Init
                0x0800110c       0x58 build/stm32f1xx_hal_tim.o
                0x0800110c                HAL_TIM_IC_Init
 .text.TIM_OC2_SetConfig
                0x08001164       0x74 build/stm32f1xx_hal_tim.o
                0x08001164                TIM_OC2_SetConfig
 .text.HAL_TIM_PWM_ConfigChannel
                0x080011d8       0xe2 build/stm32f1xx_hal_tim.o
                0x080011d8                HAL_TIM_PWM_ConfigChannel
 *fill*         0x080012ba        0x2 
 .text.TIM_TI1_SetConfig
                0x080012bc       0x5c build/stm32f1xx_hal_tim.o
                0x080012bc                TIM_TI1_SetConfig
 .text.HAL_TIM_IC_ConfigChannel
                0x08001318       0xc4 build/stm32f1xx_hal_tim.o
                0x08001318                HAL_TIM_IC_ConfigChannel
 .text.TIM_ETR_SetConfig
                0x080013dc       0x16 build/stm32f1xx_hal_tim.o
                0x080013dc                TIM_ETR_SetConfig
 .text.HAL_TIM_ConfigClockSource
                0x080013f2       0xfe build/stm32f1xx_hal_tim.o
                0x080013f2                HAL_TIM_ConfigClockSource
 .text.TIM_CCxChannelCmd
                0x080014f0       0x1e build/stm32f1xx_hal_tim.o
                0x080014f0                TIM_CCxChannelCmd
 *fill*         0x0800150e        0x2 
 .text.HAL_TIM_PWM_Start
                0x08001510       0xd4 build/stm32f1xx_hal_tim.o
                0x08001510                HAL_TIM_PWM_Start
 .text.HAL_TIM_IC_Start_IT
                0x080015e4      0x144 build/stm32f1xx_hal_tim.o
                0x080015e4                HAL_TIM_IC_Start_IT
 .text.HAL_TIMEx_MasterConfigSynchronization
                0x08001728       0x6c build/stm32f1xx_hal_tim_ex.o
                0x08001728                HAL_TIMEx_MasterConfigSynchronization
 .text.HAL_TIMEx_CommutCallback
                0x08001794        0x2 build/stm32f1xx_hal_tim_ex.o
                0x08001794                HAL_TIMEx_CommutCallback
 .text.HAL_TIMEx_BreakCallback
                0x08001796        0x2 build/stm32f1xx_hal_tim_ex.o
                0x08001796                HAL_TIMEx_BreakCallback
 .text.HAL_InitTick
                0x08001798       0x4c build/stm32f1xx_hal.o
                0x08001798                HAL_InitTick
 .text.HAL_Init
                0x080017e4       0x24 build/stm32f1xx_hal.o
                0x080017e4                HAL_Init
 .text.HAL_IncTick
                0x08001808       0x18 build/stm32f1xx_hal.o
                0x08001808                HAL_IncTick
 .text.HAL_GetTick
                0x08001820        0xc build/stm32f1xx_hal.o
                0x08001820                HAL_GetTick
 .text.RCC_Delay
                0x0800182c       0x2c build/stm32f1xx_hal_rcc.o
 .text.HAL_RCC_OscConfig
                0x08001858      0x414 build/stm32f1xx_hal_rcc.o
                0x08001858                HAL_RCC_OscConfig
 .text.HAL_RCC_GetSysClockFreq
                0x08001c6c       0x54 build/stm32f1xx_hal_rcc.o
                0x08001c6c                HAL_RCC_GetSysClockFreq
 .text.HAL_RCC_ClockConfig
                0x08001cc0      0x16c build/stm32f1xx_hal_rcc.o
                0x08001cc0                HAL_RCC_ClockConfig
 .text.HAL_RCC_GetHCLKFreq
                0x08001e2c        0xc build/stm32f1xx_hal_rcc.o
                0x08001e2c                HAL_RCC_GetHCLKFreq
 .text.HAL_RCC_GetPCLK1Freq
                0x08001e38       0x20 build/stm32f1xx_hal_rcc.o
                0x08001e38                HAL_RCC_GetPCLK1Freq
 .text.HAL_RCC_GetPCLK2Freq
                0x08001e58       0x20 build/stm32f1xx_hal_rcc.o
                0x08001e58                HAL_RCC_GetPCLK2Freq
 .text.HAL_GPIO_Init
                0x08001e78      0x1e4 build/stm32f1xx_hal_gpio.o
                0x08001e78                HAL_GPIO_Init
 .text.HAL_GPIO_WritePin
                0x0800205c        0xc build/stm32f1xx_hal_gpio.o
                0x0800205c                HAL_GPIO_WritePin
 .text.__NVIC_SetPriority
                0x08002068       0x28 build/stm32f1xx_hal_cortex.o
 .text.NVIC_EncodePriority
                0x08002090       0x46 build/stm32f1xx_hal_cortex.o
 *fill*         0x080020d6        0x2 
 .text.HAL_NVIC_SetPriorityGrouping
                0x080020d8       0x24 build/stm32f1xx_hal_cortex.o
                0x080020d8                HAL_NVIC_SetPriorityGrouping
 .text.HAL_NVIC_SetPriority
                0x080020fc       0x20 build/stm32f1xx_hal_cortex.o
                0x080020fc                HAL_NVIC_SetPriority
 .text.HAL_NVIC_EnableIRQ
                0x0800211c       0x1c build/stm32f1xx_hal_cortex.o
                0x0800211c                HAL_NVIC_EnableIRQ
 .text.HAL_SYSTICK_Config
                0x08002138       0x28 build/stm32f1xx_hal_cortex.o
                0x08002138                HAL_SYSTICK_Config
 .text.UART_EndRxTransfer
                0x08002160       0x5c build/stm32f1xx_hal_uart.o
 .text.UART_SetConfig
                0x080021bc       0x94 build/stm32f1xx_hal_uart.o
 .text.UART_WaitOnFlagUntilTimeout
                0x08002250       0x84 build/stm32f1xx_hal_uart.o
 .text.HAL_UART_Init
                0x080022d4       0x60 build/stm32f1xx_hal_uart.o
                0x080022d4                HAL_UART_Init
 .text.HAL_UART_Transmit
                0x08002334       0xcc build/stm32f1xx_hal_uart.o
                0x08002334                HAL_UART_Transmit
 .text.HAL_UART_Receive
                0x08002400       0xd2 build/stm32f1xx_hal_uart.o
                0x08002400                HAL_UART_Receive
 .text.SystemInit
                0x080024d2        0x2 build/system_stm32f1xx.o
                0x080024d2                SystemInit
 .text._sbrk    0x080024d4       0x4c build/sysmem.o
                0x080024d4                _sbrk
 .text._read    0x08002520       0x20 build/syscalls.o
                0x08002520                _read
 .text._write   0x08002540       0x1c build/syscalls.o
                0x08002540                _write
 .text._close   0x0800255c        0x6 build/syscalls.o
                0x0800255c                _close
 .text._fstat   0x08002562        0xa build/syscalls.o
                0x08002562                _fstat
 .text._isatty  0x0800256c        0x4 build/syscalls.o
                0x0800256c                _isatty
 .text._lseek   0x08002570        0x4 build/syscalls.o
                0x08002570                _lseek
 .text.LCD_DelayMs
                0x08002574       0x20 build/LCD.o
 .text.LCD_DelayShort
                0x08002594       0x18 build/LCD.o
 .text.LCD_EnablePulse
                0x080025ac       0x1c build/LCD.o
 .text.LCD_Send4Bits
                0x080025c8       0x1c build/LCD.o
 .text.LCD_SendCommand
                0x080025e4       0x28 build/LCD.o
                0x080025e4                LCD_SendCommand
 .text.LCD_SendChar
                0x0800260c       0x28 build/LCD.o
                0x0800260c                LCD_SendChar
 .text.LCD_SendString
                0x08002634       0x16 build/LCD.o
                0x08002634                LCD_SendString
 *fill*         0x0800264a        0x2 
 .text.LCD_SetCursor
                0x0800264c       0x20 build/LCD.o
                0x0800264c                LCD_SetCursor
 .text.LCD_Init
                0x0800266c       0x34 build/LCD.o
                0x0800266c                LCD_Init
 .text.LCD_Clear
                0x080026a0       0x10 build/LCD.o
                0x080026a0                LCD_Clear
 .text.LCD_WriteAt
                0x080026b0       0x14 build/LCD.o
                0x080026b0                LCD_WriteAt
 .text.Tachometer_ChannelFromHal
                0x080026c4       0x30 build/tachometer.o
 .text.Tachometer_ResetSamples
                0x080026f4       0x1c build/tachometer.o
 .text.Tachometer_ComputeAverage
                0x08002710       0x2e build/tachometer.o
 *fill*         0x0800273e        0x2 
 .text.Tachometer_Init
                0x08002740       0x34 build/tachometer.o
                0x08002740                Tachometer_Init
 .text.Tachometer_OnCapture
                0x08002774       0x8c build/tachometer.o
                0x08002774                Tachometer_OnCapture
 .text.Tachometer_Task
                0x08002800       0xb8 build/tachometer.o
                0x08002800                Tachometer_Task
 .text.Tachometer_GetReading
                0x080028b8       0x18 build/tachometer.o
                0x080028b8                Tachometer_GetReading
 .text.Tachometer_GetSnapshot
                0x080028d0       0x38 build/tachometer.o
                0x080028d0                Tachometer_GetSnapshot
 .text.FanControl_DutyToPercent
                0x08002908       0x1c build/fan_control.o
 .text.FanControl_SetPinAsOutput
                0x08002924       0x34 build/fan_control.o
 .text.FanControl_SetPinAsPwm
                0x08002958       0x24 build/fan_control.o
 .text.FanControl_ApplyDuty
                0x0800297c       0x8c build/fan_control.o
 .text.FanControl_UpdateFan
                0x08002a08       0xb0 build/fan_control.o
 .text.FanControl_SetDutyPermille
                0x08002ab8       0x44 build/fan_control.o
                0x08002ab8                FanControl_SetDutyPermille
 .text.FanControl_SetDutyPermilleAll
                0x08002afc       0x3c build/fan_control.o
                0x08002afc                FanControl_SetDutyPermilleAll
 .text.FanControl_Init
                0x08002b38       0x88 build/fan_control.o
                0x08002b38                FanControl_Init
 .text.FanControl_Task
                0x08002bc0       0x60 build/fan_control.o
                0x08002bc0                FanControl_Task
 .text.FanControl_SetTargetRpm
                0x08002c20       0x48 build/fan_control.o
                0x08002c20                FanControl_SetTargetRpm
 .text.FanControl_SetTargetRpmArray
                0x08002c68       0x28 build/fan_control.o
                0x08002c68                FanControl_SetTargetRpmArray
 .text.FanControl_StartRampTest
                0x08002c90       0x14 build/fan_control.o
                0x08002c90                FanControl_StartRampTest
 .text.FanControl_IsRampActive
                0x08002ca4        0xc build/fan_control.o
                0x08002ca4                FanControl_IsRampActive
 .text.FanControl_EnterSafeState
                0x08002cb0       0x30 build/fan_control.o
                0x08002cb0                FanControl_EnterSafeState
 .text.FanControl_HasAnyFault
                0x08002ce0       0x28 build/fan_control.o
                0x08002ce0                FanControl_HasAnyFault
 .text.FanControl_GetStatuses
                0x08002d08        0x8 build/fan_control.o
                0x08002d08                FanControl_GetStatuses
 .text.FanControl_GetDutyPermille
                0x08002d10        0xc build/fan_control.o
                0x08002d10                FanControl_GetDutyPermille
 .text.LedStatus_Write
                0x08002d1c        0x8 build/led_status.o
 .text.LedStatus_Init
                0x08002d24       0x54 build/led_status.o
                0x08002d24                LedStatus_Init
 .text.LedStatus_SetMode
                0x08002d78        0xc build/led_status.o
                0x08002d78                LedStatus_SetMode
 .text.LedStatus_Task
                0x08002d84       0xd8 build/led_status.o
                0x08002d84                LedStatus_Task
 .text.LedStatus_NotifyCommActivity
                0x08002e5c        0xc build/led_status.o
                0x08002e5c                LedStatus_NotifyCommActivity
 .text.UI_LCD_GetProfilePage
                0x08002e68        0xc build/ui_lcd.o
 .text.UI_LCD_StateShort
                0x08002e74       0x2c build/ui_lcd.o
 .text.UI_LCD_ClearCache
                0x08002ea0       0x30 build/ui_lcd.o
 .text.UI_LCD_WriteLine
                0x08002ed0       0x98 build/ui_lcd.o
 .text.UI_LCD_RenderFanDebug
                0x08002f68       0xa0 build/ui_lcd.o
 .text.UI_LCD_RenderProfileScreen
                0x08003008       0xbc build/ui_lcd.o
 .text.UI_LCD_RenderStartupTest
                0x080030c4       0xc0 build/ui_lcd.o
 .text.UI_LCD_RenderRuntime
                0x08003184       0xcc build/ui_lcd.o
 .text.UI_LCD_Render
                0x08003250       0xc0 build/ui_lcd.o
 .text.UI_LCD_Init
                0x08003310       0x30 build/ui_lcd.o
                0x08003310                UI_LCD_Init
 .text.UI_LCD_Task
                0x08003340       0x5c build/ui_lcd.o
                0x08003340                UI_LCD_Task
 .text.UI_LCD_ShowProfilesReady
                0x0800339c       0x2c build/ui_lcd.o
                0x0800339c                UI_LCD_ShowProfilesReady
 .text.UI_LCD_ShowWaitConfirm
                0x080033c8       0x2c build/ui_lcd.o
                0x080033c8                UI_LCD_ShowWaitConfirm
 .text.UI_LCD_ShowStartupTest
                0x080033f4       0x1c build/ui_lcd.o
                0x080033f4                UI_LCD_ShowStartupTest
 .text.UI_LCD_ShowRuntime
                0x08003410       0x38 build/ui_lcd.o
                0x08003410                UI_LCD_ShowRuntime
 .text.UI_LCD_ShowSafeState
                0x08003448       0x14 build/ui_lcd.o
                0x08003448                UI_LCD_ShowSafeState
 .text.UI_LCD_ToggleFanDebug
                0x0800345c       0x20 build/ui_lcd.o
                0x0800345c                UI_LCD_ToggleFanDebug
 .text.UART_Cmd_PrintHelp
                0x0800347c       0x60 build/uart_cmd.o
 .text.UART_Cmd_PrintSystemStatus
                0x080034dc       0xa0 build/uart_cmd.o
 .text.UART_Cmd_PrintTachStatus
                0x0800357c       0x4c build/uart_cmd.o
 .text.UART_Cmd_Init
                0x080035c8        0x8 build/uart_cmd.o
                0x080035c8                UART_Cmd_Init
 .text.UART_Cmd_Task
                0x080035d0      0x118 build/uart_cmd.o
                0x080035d0                UART_Cmd_Task
 .text.__io_putchar
                0x080036e8       0x24 build/uart_cmd.o
                0x080036e8                __io_putchar
 .text.__io_getchar
                0x0800370c       0x28 build/uart_cmd.o
                0x0800370c                __io_getchar
 .text.Profil_Init
                0x08003734       0x10 build/Profil.o
                0x08003734                Profil_Init
 .text.Profil_CalculateAll
                0x08003744       0x80 build/Profil.o
                0x08003744                Profil_CalculateAll
 .text.Profil_GetResult
                0x080037c4        0x8 build/Profil.o
                0x080037c4                Profil_GetResult
 .text.Profil_GetName
                0x080037cc       0x3c build/Profil.o
                0x080037cc                Profil_GetName
 .text.AFLCalcul_Compute
                0x08003808       0xc2 build/AFLCalcul.o
                0x08003808                AFLCalcul_Compute
 *fill*         0x080038ca        0x2 
 .text.Button_Init
                0x080038cc        0xc build/button.o
                0x080038cc                Button_Init
 .text.Button_Task
                0x080038d8        0x2 build/button.o
                0x080038d8                Button_Task
 *fill*         0x080038da        0x2 
 .text.Button_IsConfirmPressed
                0x080038dc        0xc build/button.o
                0x080038dc                Button_IsConfirmPressed
 .text.Button_ClearConfirm
                0x080038e8        0xc build/button.o
                0x080038e8                Button_ClearConfirm
 .text.Button_NotifyConfirmCommand
                0x080038f4        0xc build/button.o
                0x080038f4                Button_NotifyConfirmCommand
 .text.TemperatureStub_Init
                0x08003900       0x18 build/temperature_stub.o
                0x08003900                TemperatureStub_Init
 .text.TemperatureStub_Task
                0x08003918       0x2c build/temperature_stub.o
                0x08003918                TemperatureStub_Task
 .text.TemperatureStub_GetSnapshot
                0x08003944        0x8 build/temperature_stub.o
                0x08003944                TemperatureStub_GetSnapshot
 .text.Reset_Handler
                0x0800394c       0x48 build/startup_stm32f103xb.o
                0x0800394c                Reset_Handler
 .text.Default_Handler
                0x08003994        0x2 build/startup_stm32f103xb.o
                0x08003994                USBWakeUp_IRQHandler
                0x08003994                EXTI2_IRQHandler
                0x08003994                TIM1_CC_IRQHandler
                0x08003994                PVD_IRQHandler
                0x08003994                EXTI3_IRQHandler
                0x08003994                EXTI0_IRQHandler
                0x08003994                I2C2_EV_IRQHandler
                0x08003994                ADC1_2_IRQHandler
                0x08003994                SPI1_IRQHandler
                0x08003994                TAMPER_IRQHandler
                0x08003994                DMA1_Channel4_IRQHandler
                0x08003994                USART3_IRQHandler
                0x08003994                RTC_IRQHandler
                0x08003994                DMA1_Channel7_IRQHandler
                0x08003994                CAN1_RX1_IRQHandler
                0x08003994                TIM4_IRQHandler
                0x08003994                I2C1_EV_IRQHandler
                0x08003994                DMA1_Channel6_IRQHandler
                0x08003994                TIM3_IRQHandler
                0x08003994                RCC_IRQHandler
                0x08003994                TIM1_TRG_COM_IRQHandler
                0x08003994                DMA1_Channel1_IRQHandler
                0x08003994                Default_Handler
                0x08003994                EXTI15_10_IRQHandler
                0x08003994                EXTI9_5_IRQHandler
                0x08003994                SPI2_IRQHandler
                0x08003994                DMA1_Channel5_IRQHandler
                0x08003994                EXTI4_IRQHandler
                0x08003994                USB_LP_CAN1_RX0_IRQHandler
                0x08003994                USB_HP_CAN1_TX_IRQHandler
                0x08003994                DMA1_Channel3_IRQHandler
                0x08003994                TIM1_UP_IRQHandler
                0x08003994                WWDG_IRQHandler
                0x08003994                TIM1_BRK_IRQHandler
                0x08003994                EXTI1_IRQHandler
                0x08003994                USART2_IRQHandler
                0x08003994                I2C2_ER_IRQHandler
                0x08003994                DMA1_Channel2_IRQHandler
                0x08003994                CAN1_SCE_IRQHandler
                0x08003994                FLASH_IRQHandler
                0x08003994                USART1_IRQHandler
                0x08003994                I2C1_ER_IRQHandler
                0x08003994                RTC_Alarm_IRQHandler
 *fill*         0x08003996        0x2 
 .text.snprintf
                0x08003998       0x64 /Applications/ArmGNUToolchain/15.2.rel1/arm-none-eabi/bin/../lib/gcc/arm-none-eabi/15.2.1/../../../../arm-none-eabi/lib/thumb/v7-m/nofp/libc_nano.a(libc_a-snprintf.o)
                0x08003998                snprintf
                0x08003998                sniprintf
 .text.std      0x080039fc       0x6c /Applications/ArmGNUToolchain/15.2.rel1/arm-none-eabi/bin/../lib/gcc/arm-none-eabi/15.2.1/../../../../arm-none-eabi/lib/thumb/v7-m/nofp/libc_nano.a(libc_a-findfp.o)
 .text.stdio_exit_handler
                0x08003a68       0x18 /Applications/ArmGNUToolchain/15.2.rel1/arm-none-eabi/bin/../lib/gcc/arm-none-eabi/15.2.1/../../../../arm-none-eabi/lib/thumb/v7-m/nofp/libc_nano.a(libc_a-findfp.o)
 .text.cleanup_stdio
                0x08003a80       0x40 /Applications/ArmGNUToolchain/15.2.rel1/arm-none-eabi/bin/../lib/gcc/arm-none-eabi/15.2.1/../../../../arm-none-eabi/lib/thumb/v7-m/nofp/libc_nano.a(libc_a-findfp.o)
 .text.global_stdio_init.part.0
                0x08003ac0       0x40 /Applications/ArmGNUToolchain/15.2.rel1/arm-none-eabi/bin/../lib/gcc/arm-none-eabi/15.2.1/../../../../arm-none-eabi/lib/thumb/v7-m/nofp/libc_nano.a(libc_a-findfp.o)
 .text.__sfp_lock_acquire
                0x08003b00        0xc /Applications/ArmGNUToolchain/15.2.rel1/arm-none-eabi/bin/../lib/gcc/arm-none-eabi/15.2.1/../../../../arm-none-eabi/lib/thumb/v7-m/nofp/libc_nano.a(libc_a-findfp.o)
                0x08003b00                __sfp_lock_acquire
 .text.__sfp_lock_release
                0x08003b0c        0xc /Applications/ArmGNUToolchain/15.2.rel1/arm-none-eabi/bin/../lib/gcc/arm-none-eabi/15.2.1/../../../../arm-none-eabi/lib/thumb/v7-m/nofp/libc_nano.a(libc_a-findfp.o)
                0x08003b0c                __sfp_lock_release
 .text.__sinit  0x08003b18       0x30 /Applications/ArmGNUToolchain/15.2.rel1/arm-none-eabi/bin/../lib/gcc/arm-none-eabi/15.2.1/../../../../arm-none-eabi/lib/thumb/v7-m/nofp/libc_nano.a(libc_a-findfp.o)
                0x08003b18                __sinit
 .text._fwalk_sglue
                0x08003b48       0x3a /Applications/ArmGNUToolchain/15.2.rel1/arm-none-eabi/bin/../lib/gcc/arm-none-eabi/15.2.1/../../../../arm-none-eabi/lib/thumb/v7-m/nofp/libc_nano.a(libc_a-fwalk.o)
                0x08003b48                _fwalk_sglue
 *fill*         0x08003b82        0x2 
 .text.printf   0x08003b84       0x24 /Applications/ArmGNUToolchain/15.2.rel1/arm-none-eabi/bin/../lib/gcc/arm-none-eabi/15.2.1/../../../../arm-none-eabi/lib/thumb/v7-m/nofp/libc_nano.a(libc_a-printf.o)
                0x08003b84                printf
                0x08003b84                iprintf
 .text._puts_r  0x08003ba8       0xaa /Applications/ArmGNUToolchain/15.2.rel1/arm-none-eabi/bin/../lib/gcc/arm-none-eabi/15.2.1/../../../../arm-none-eabi/lib/thumb/v7-m/nofp/libc_nano.a(libc_a-puts.o)
                0x08003ba8                _puts_r
 *fill*         0x08003c52        0x2 
 .text.puts     0x08003c54       0x10 /Applications/ArmGNUToolchain/15.2.rel1/arm-none-eabi/bin/../lib/gcc/arm-none-eabi/15.2.1/../../../../arm-none-eabi/lib/thumb/v7-m/nofp/libc_nano.a(libc_a-puts.o)
                0x08003c54                puts
 .text.memset   0x08003c64       0x10 /Applications/ArmGNUToolchain/15.2.rel1/arm-none-eabi/bin/../lib/gcc/arm-none-eabi/15.2.1/../../../../arm-none-eabi/lib/thumb/v7-m/nofp/libc_nano.a(libc_a-memset.o)
                0x08003c64                memset
 .text.strncmp  0x08003c74       0x24 /Applications/ArmGNUToolchain/15.2.rel1/arm-none-eabi/bin/../lib/gcc/arm-none-eabi/15.2.1/../../../../arm-none-eabi/lib/thumb/v7-m/nofp/libc_nano.a(libc_a-strncmp.o)
                0x08003c74                strncmp
 .text.__errno  0x08003c98        0xc /Applications/ArmGNUToolchain/15.2.rel1/arm-none-eabi/bin/../lib/gcc/arm-none-eabi/15.2.1/../../../../arm-none-eabi/lib/thumb/v7-m/nofp/libc_nano.a(libc_a-errno.o)
                0x08003c98                __errno
 .text.__libc_init_array
                0x08003ca4       0x48 /Applications/ArmGNUToolchain/15.2.rel1/arm-none-eabi/bin/../lib/gcc/arm-none-eabi/15.2.1/../../../../arm-none-eabi/lib/thumb/v7-m/nofp/libc_nano.a(libc_a-init.o)
                0x08003ca4                __libc_init_array
 .text.__retarget_lock_init_recursive
                0x08003cec        0x2 /Applications/ArmGNUToolchain/15.2.rel1/arm-none-eabi/bin/../lib/gcc/arm-none-eabi/15.2.1/../../../../arm-none-eabi/lib/thumb/v7-m/nofp/libc_nano.a(libc_a-lock.o)
                0x08003cec                __retarget_lock_init_recursive
 .text.__retarget_lock_acquire_recursive
                0x08003cee        0x2 /Applications/ArmGNUToolchain/15.2.rel1/arm-none-eabi/bin/../lib/gcc/arm-none-eabi/15.2.1/../../../../arm-none-eabi/lib/thumb/v7-m/nofp/libc_nano.a(libc_a-lock.o)
                0x08003cee                __retarget_lock_acquire_recursive
 .text.__retarget_lock_release_recursive
                0x08003cf0        0x2 /Applications/ArmGNUToolchain/15.2.rel1/arm-none-eabi/bin/../lib/gcc/arm-none-eabi/15.2.1/../../../../arm-none-eabi/lib/thumb/v7-m/nofp/libc_nano.a(libc_a-lock.o)
                0x08003cf0                __retarget_lock_release_recursive
 .text.memcpy   0x08003cf2       0x1c /Applications/ArmGNUToolchain/15.2.rel1/arm-none-eabi/bin/../lib/gcc/arm-none-eabi/15.2.1/../../../../arm-none-eabi/lib/thumb/v7-m/nofp/libc_nano.a(libc_a-memcpy-stub.o)
                0x08003cf2                memcpy
 .text.__ssputs_r
                0x08003d0e       0xc0 /Applications/ArmGNUToolchain/15.2.rel1/arm-none-eabi/bin/../lib/gcc/arm-none-eabi/15.2.1/../../../../arm-none-eabi/lib/thumb/v7-m/nofp/libc_nano.a(libc_a-nano-svfprintf.o)
                0x08003d0e                __ssputs_r
 *fill*         0x08003dce        0x2 
 .text._svfprintf_r
                0x08003dd0      0x1f0 /Applications/ArmGNUToolchain/15.2.rel1/arm-none-eabi/bin/../lib/gcc/arm-none-eabi/15.2.1/../../../../arm-none-eabi/lib/thumb/v7-m/nofp/libc_nano.a(libc_a-nano-svfprintf.o)
                0x08003dd0                _svfprintf_r
                0x08003dd0                _svfiprintf_r
 .text.sbrk_aligned
                0x08003fc0       0x44 /Applications/ArmGNUToolchain/15.2.rel1/arm-none-eabi/bin/../lib/gcc/arm-none-eabi/15.2.1/../../../../arm-none-eabi/lib/thumb/v7-m/nofp/libc_nano.a(libc_a-mallocr.o)
 .text._malloc_r
                0x08004004       0xf8 /Applications/ArmGNUToolchain/15.2.rel1/arm-none-eabi/bin/../lib/gcc/arm-none-eabi/15.2.1/../../../../arm-none-eabi/lib/thumb/v7-m/nofp/libc_nano.a(libc_a-mallocr.o)
                0x08004004                _malloc_r
 .text.__sfputc_r
                0x080040fc       0x2a /Applications/ArmGNUToolchain/15.2.rel1/arm-none-eabi/bin/../lib/gcc/arm-none-eabi/15.2.1/../../../../arm-none-eabi/lib/thumb/v7-m/nofp/libc_nano.a(libc_a-nano-vfprintf.o)
 .text.__sfputs_r
                0x08004126       0x24 /Applications/ArmGNUToolchain/15.2.rel1/arm-none-eabi/bin/../lib/gcc/arm-none-eabi/15.2.1/../../../../arm-none-eabi/lib/thumb/v7-m/nofp/libc_nano.a(libc_a-nano-vfprintf.o)
                0x08004126                __sfputs_r
 *fill*         0x0800414a        0x2 
 .text._vfprintf_r
                0x0800414c      0x228 /Applications/ArmGNUToolchain/15.2.rel1/arm-none-eabi/bin/../lib/gcc/arm-none-eabi/15.2.1/../../../../arm-none-eabi/lib/thumb/v7-m/nofp/libc_nano.a(libc_a-nano-vfprintf.o)
                0x0800414c                _vfiprintf_r
                0x0800414c                _vfprintf_r
 .text._printf_common
                0x08004374       0xea /Applications/ArmGNUToolchain/15.2.rel1/arm-none-eabi/bin/../lib/gcc/arm-none-eabi/15.2.1/../../../../arm-none-eabi/lib/thumb/v7-m/nofp/libc_nano.a(libc_a-nano-vfprintf_i.o)
                0x08004374                _printf_common
 *fill*         0x0800445e        0x2 
 .text._printf_i
                0x08004460      0x254 /Applications/ArmGNUToolchain/15.2.rel1/arm-none-eabi/bin/../lib/gcc/arm-none-eabi/15.2.1/../../../../arm-none-eabi/lib/thumb/v7-m/nofp/libc_nano.a(libc_a-nano-vfprintf_i.o)
                0x08004460                _printf_i
 .text.__malloc_lock
                0x080046b4        0xc /Applications/ArmGNUToolchain/15.2.rel1/arm-none-eabi/bin/../lib/gcc/arm-none-eabi/15.2.1/../../../../arm-none-eabi/lib/thumb/v7-m/nofp/libc_nano.a(libc_a-mlock.o)
                0x080046b4                __malloc_lock
 .text.__malloc_unlock
                0x080046c0        0xc /Applications/ArmGNUToolchain/15.2.rel1/arm-none-eabi/bin/../lib/gcc/arm-none-eabi/15.2.1/../../../../arm-none-eabi/lib/thumb/v7-m/nofp/libc_nano.a(libc_a-mlock.o)
                0x080046c0                __malloc_unlock
 .text.__sread  0x080046cc       0x22 /Applications/ArmGNUToolchain/15.2.rel1/arm-none-eabi/bin/../lib/gcc/arm-none-eabi/15.2.1/../../../../arm-none-eabi/lib/thumb/v7-m/nofp/libc_nano.a(libc_a-stdio.o)
                0x080046cc                __sread
 .text.__swrite
                0x080046ee       0x38 /Applications/ArmGNUToolchain/15.2.rel1/arm-none-eabi/bin/../lib/gcc/arm-none-eabi/15.2.1/../../../../arm-none-eabi/lib/thumb/v7-m/nofp/libc_nano.a(libc_a-stdio.o)
                0x080046ee                __swrite
 .text.__sseek  0x08004726       0x26 /Applications/ArmGNUToolchain/15.2.rel1/arm-none-eabi/bin/../lib/gcc/arm-none-eabi/15.2.1/../../../../arm-none-eabi/lib/thumb/v7-m/nofp/libc_nano.a(libc_a-stdio.o)
                0x08004726                __sseek
 .text.__sclose
                0x0800474c        0x8 /Applications/ArmGNUToolchain/15.2.rel1/arm-none-eabi/bin/../lib/gcc/arm-none-eabi/15.2.1/../../../../arm-none-eabi/lib/thumb/v7-m/nofp/libc_nano.a(libc_a-stdio.o)
                0x0800474c                __sclose
 .text.__sflush_r
                0x08004754       0xf8 /Applications/ArmGNUToolchain/15.2.rel1/arm-none-eabi/bin/../lib/gcc/arm-none-eabi/15.2.1/../../../../arm-none-eabi/lib/thumb/v7-m/nofp/libc_nano.a(libc_a-fflush.o)
                0x08004754                __sflush_r
 .text._fflush_r
                0x0800484c       0x50 /Applications/ArmGNUToolchain/15.2.rel1/arm-none-eabi/bin/../lib/gcc/arm-none-eabi/15.2.1/../../../../arm-none-eabi/lib/thumb/v7-m/nofp/libc_nano.a(libc_a-fflush.o)
                0x0800484c                _fflush_r
 .text._realloc_r
                0x0800489c       0x5c /Applications/ArmGNUToolchain/15.2.rel1/arm-none-eabi/bin/../lib/gcc/arm-none-eabi/15.2.1/../../../../arm-none-eabi/lib/thumb/v7-m/nofp/libc_nano.a(libc_a-reallocr.o)
                0x0800489c                _realloc_r
 .text.__swbuf_r
                0x080048f8       0x7a /Applications/ArmGNUToolchain/15.2.rel1/arm-none-eabi/bin/../lib/gcc/arm-none-eabi/15.2.1/../../../../arm-none-eabi/lib/thumb/v7-m/nofp/libc_nano.a(libc_a-wbuf.o)
                0x080048f8                __swbuf_r
 *fill*         0x08004972        0x2 
 .text.__swsetup_r
                0x08004974       0xa8 /Applications/ArmGNUToolchain/15.2.rel1/arm-none-eabi/bin/../lib/gcc/arm-none-eabi/15.2.1/../../../../arm-none-eabi/lib/thumb/v7-m/nofp/libc_nano.a(libc_a-wsetup.o)
                0x08004974                __swsetup_r
 .text.__swhatbuf_r
                0x08004a1c       0x48 /Applications/ArmGNUToolchain/15.2.rel1/arm-none-eabi/bin/../lib/gcc/arm-none-eabi/15.2.1/../../../../arm-none-eabi/lib/thumb/v7-m/nofp/libc_nano.a(libc_a-makebuf.o)
                0x08004a1c                __swhatbuf_r
 .text.__smakebuf_r
                0x08004a64       0x72 /Applications/ArmGNUToolchain/15.2.rel1/arm-none-eabi/bin/../lib/gcc/arm-none-eabi/15.2.1/../../../../arm-none-eabi/lib/thumb/v7-m/nofp/libc_nano.a(libc_a-makebuf.o)
                0x08004a64                __smakebuf_r
 .text.memmove  0x08004ad6       0x32 /Applications/ArmGNUToolchain/15.2.rel1/arm-none-eabi/bin/../lib/gcc/arm-none-eabi/15.2.1/../../../../arm-none-eabi/lib/thumb/v7-m/nofp/libc_nano.a(libc_a-memmove.o)
                0x08004ad6                memmove
 .text._isatty_r
                0x08004b08       0x20 /Applications/ArmGNUToolchain/15.2.rel1/arm-none-eabi/bin/../lib/gcc/arm-none-eabi/15.2.1/../../../../arm-none-eabi/lib/thumb/v7-m/nofp/libc_nano.a(libc_a-isattyr.o)
                0x08004b08                _isatty_r
 .text._lseek_r
                0x08004b28       0x24 /Applications/ArmGNUToolchain/15.2.rel1/arm-none-eabi/bin/../lib/gcc/arm-none-eabi/15.2.1/../../../../arm-none-eabi/lib/thumb/v7-m/nofp/libc_nano.a(libc_a-lseekr.o)
                0x08004b28                _lseek_r
 .text._read_r  0x08004b4c       0x24 /Applications/ArmGNUToolchain/15.2.rel1/arm-none-eabi/bin/../lib/gcc/arm-none-eabi/15.2.1/../../../../arm-none-eabi/lib/thumb/v7-m/nofp/libc_nano.a(libc_a-readr.o)
                0x08004b4c                _read_r
 .text._sbrk_r  0x08004b70       0x20 /Applications/ArmGNUToolchain/15.2.rel1/arm-none-eabi/bin/../lib/gcc/arm-none-eabi/15.2.1/../../../../arm-none-eabi/lib/thumb/v7-m/nofp/libc_nano.a(libc_a-sbrkr.o)
                0x08004b70                _sbrk_r
 .text._write_r
                0x08004b90       0x24 /Applications/ArmGNUToolchain/15.2.rel1/arm-none-eabi/bin/../lib/gcc/arm-none-eabi/15.2.1/../../../../arm-none-eabi/lib/thumb/v7-m/nofp/libc_nano.a(libc_a-writer.o)
                0x08004b90                _write_r
 .text._close_r
                0x08004bb4       0x20 /Applications/ArmGNUToolchain/15.2.rel1/arm-none-eabi/bin/../lib/gcc/arm-none-eabi/15.2.1/../../../../arm-none-eabi/lib/thumb/v7-m/nofp/libc_nano.a(libc_a-closer.o)
                0x08004bb4                _close_r
 .text._fstat_r
                0x08004bd4       0x24 /Applications/ArmGNUToolchain/15.2.rel1/arm-none-eabi/bin/../lib/gcc/arm-none-eabi/15.2.1/../../../../arm-none-eabi/lib/thumb/v7-m/nofp/libc_nano.a(libc_a-fstatr.o)
                0x08004bd4                _fstat_r
 .text.memchr   0x08004bf8       0x1c /Applications/ArmGNUToolchain/15.2.rel1/arm-none-eabi/bin/../lib/gcc/arm-none-eabi/15.2.1/../../../../arm-none-eabi/lib/thumb/v7-m/nofp/libc_nano.a(libc_a-memchr-stub.o)
                0x08004bf8                memchr
 .text._free_r  0x08004c14       0x94 /Applications/ArmGNUToolchain/15.2.rel1/arm-none-eabi/bin/../lib/gcc/arm-none-eabi/15.2.1/../../../../arm-none-eabi/lib/thumb/v7-m/nofp/libc_nano.a(libc_a-freer.o)
                0x08004c14                _free_r
 .text._malloc_usable_size_r
                0x08004ca8       0x10 /Applications/ArmGNUToolchain/15.2.rel1/arm-none-eabi/bin/../lib/gcc/arm-none-eabi/15.2.1/../../../../arm-none-eabi/lib/thumb/v7-m/nofp/libc_nano.a(libc_a-msizer.o)
                0x08004ca8                _malloc_usable_size_r
 *(.glue_7)
 .glue_7        0x08004cb8        0x0 linker stubs
 *(.glue_7t)
 .glue_7t       0x08004cb8        0x0 linker stubs
 *(.eh_frame)
 .eh_frame      0x08004cb8        0x0 /Applications/ArmGNUToolchain/15.2.rel1/arm-none-eabi/bin/../lib/gcc/arm-none-eabi/15.2.1/thumb/v7-m/nofp/crtbegin.o
 *(.init)
 .init          0x08004cb8        0x4 /Applications/ArmGNUToolchain/15.2.rel1/arm-none-eabi/bin/../lib/gcc/arm-none-eabi/15.2.1/thumb/v7-m/nofp/crti.o
                0x08004cb8                _init
 .init          0x08004cbc        0x8 /Applications/ArmGNUToolchain/15.2.rel1/arm-none-eabi/bin/../lib/gcc/arm-none-eabi/15.2.1/thumb/v7-m/nofp/crtn.o
 *(.fini)
 .fini          0x08004cc4        0x4 /Applications/ArmGNUToolchain/15.2.rel1/arm-none-eabi/bin/../lib/gcc/arm-none-eabi/15.2.1/thumb/v7-m/nofp/crti.o
                0x08004cc4                _fini
 .fini          0x08004cc8        0x8 /Applications/ArmGNUToolchain/15.2.rel1/arm-none-eabi/bin/../lib/gcc/arm-none-eabi/15.2.1/thumb/v7-m/nofp/crtn.o
                0x08004cd0                        . = ALIGN (0x4)
                0x08004cd0                        _etext = .

.vfp11_veneer   0x08004cd0        0x0
 .vfp11_veneer  0x08004cd0        0x0 linker stubs

.v4_bx          0x08004cd0        0x0
 .v4_bx         0x08004cd0        0x0 linker stubs

.iplt           0x08004cd0        0x0
 .iplt          0x08004cd0        0x0 /Applications/ArmGNUToolchain/15.2.rel1/arm-none-eabi/bin/../lib/gcc/arm-none-eabi/15.2.1/thumb/v7-m/nofp/crtbegin.o

.rodata         0x08004cd0      0x590
                0x08004cd0                        . = ALIGN (0x4)
 *(.rodata)
 *(.rodata*)
 .rodata.main.str1.4
                0x08004cd0      0x4dc build/main.o
                                 0xdc (size before relaxing)
 .rodata.aPredivFactorTable.0
                0x080051ac        0x2 build/stm32f1xx_hal_rcc.o
 *fill*         0x080051ae        0x2 
 .rodata.aPLLMULFactorTable.1
                0x080051b0       0x10 build/stm32f1xx_hal_rcc.o
 .rodata.APBPrescTable
                0x080051c0        0x8 build/system_stm32f1xx.o
                0x080051c0                APBPrescTable
 .rodata.AHBPrescTable
                0x080051c8       0x10 build/system_stm32f1xx.o
                0x080051c8                AHBPrescTable
 .rodata.RowAddress.0
                0x080051d8        0x4 build/LCD.o
 .rodata.pwm_pins.0
                0x080051dc        0x8 build/fan_control.o
 .rodata.pwm_ports.1
                0x080051e4       0x10 build/fan_control.o
 .rodata.pwm_channels.2
                0x080051f4       0x10 build/fan_control.o
 .rodata.UI_LCD_StateShort.str1.4
                0x08005204        0x0 build/ui_lcd.o
                                 0x10 (size before relaxing)
 .rodata.UI_LCD_RenderFanDebug.str1.4
                0x08005204        0x0 build/ui_lcd.o
                                 0x49 (size before relaxing)
 .rodata.UI_LCD_RenderProfileScreen.str1.4
                0x08005204        0x0 build/ui_lcd.o
                                 0x2e (size before relaxing)
 .rodata.UI_LCD_RenderStartupTest.str1.4
                0x08005204        0x0 build/ui_lcd.o
                                 0x42 (size before relaxing)
 .rodata.UI_LCD_RenderRuntime.str1.4
                0x08005204        0x0 build/ui_lcd.o
                                 0x1f (size before relaxing)
 .rodata.UI_LCD_Render.str1.4
                0x08005204        0x0 build/ui_lcd.o
                                 0x7d (size before relaxing)
 .rodata.UART_Cmd_PrintHelp.str1.4
                0x08005204        0x0 build/uart_cmd.o
                                 0xe6 (size before relaxing)
 .rodata.UART_Cmd_PrintSystemStatus.str1.4
                0x08005204        0x0 build/uart_cmd.o
                                 0x6d (size before relaxing)
 .rodata.UART_Cmd_PrintTachStatus.str1.4
                0x08005204        0x0 build/uart_cmd.o
                                 0x33 (size before relaxing)
 .rodata.UART_Cmd_Task.str1.4
                0x08005204        0x0 build/uart_cmd.o
                                 0xe7 (size before relaxing)
 .rodata.Profil_GetName.str1.4
                0x08005204        0x0 build/Profil.o
                                 0x24 (size before relaxing)
 .rodata.g_profile_defaults
                0x08005204       0x28 build/Profil.o
 .rodata._svfprintf_r.str1.1
                0x0800522c       0x33 /Applications/ArmGNUToolchain/15.2.rel1/arm-none-eabi/bin/../lib/gcc/arm-none-eabi/15.2.1/../../../../arm-none-eabi/lib/thumb/v7-m/nofp/libc_nano.a(libc_a-nano-svfprintf.o)
                                 0x11 (size before relaxing)
 .rodata._vfprintf_r.str1.1
                0x0800525f        0x0 /Applications/ArmGNUToolchain/15.2.rel1/arm-none-eabi/bin/../lib/gcc/arm-none-eabi/15.2.1/../../../../arm-none-eabi/lib/thumb/v7-m/nofp/libc_nano.a(libc_a-nano-vfprintf.o)
                                 0x11 (size before relaxing)
 .rodata._printf_i.str1.1
                0x0800525f        0x0 /Applications/ArmGNUToolchain/15.2.rel1/arm-none-eabi/bin/../lib/gcc/arm-none-eabi/15.2.1/../../../../arm-none-eabi/lib/thumb/v7-m/nofp/libc_nano.a(libc_a-nano-vfprintf_i.o)
                                 0x22 (size before relaxing)
                0x08005260                        . = ALIGN (0x4)
 *fill*         0x0800525f        0x1 

.ARM.extab      0x08005260        0x0
                0x08005260                        . = ALIGN (0x4)
 *(.ARM.extab* .gnu.linkonce.armextab.*)
                0x08005260                        . = ALIGN (0x4)

.ARM            0x08005260        0x8
                0x08005260                        . = ALIGN (0x4)
                0x08005260                        __exidx_start = .
 *(.ARM.exidx*)
 .ARM.exidx     0x08005260        0x8 /Applications/ArmGNUToolchain/15.2.rel1/arm-none-eabi/bin/../lib/gcc/arm-none-eabi/15.2.1/../../../../arm-none-eabi/lib/thumb/v7-m/nofp/libc_nano.a(libc_a-strlen.o)
                0x08005268                        __exidx_end = .
                0x08005268                        . = ALIGN (0x4)

.preinit_array  0x08005268        0x0
                0x08005268                        . = ALIGN (0x4)
                0x08005268                        PROVIDE (__preinit_array_start = .)
 *(.preinit_array*)
                0x08005268                        PROVIDE (__preinit_array_end = .)
                0x08005268                        . = ALIGN (0x4)

.init_array     0x08005268        0x4
                0x08005268                        . = ALIGN (0x4)
                0x08005268                        PROVIDE (__init_array_start = .)
 *(SORT_BY_NAME(.init_array.*))
 *(.init_array*)
 .init_array    0x08005268        0x4 /Applications/ArmGNUToolchain/15.2.rel1/arm-none-eabi/bin/../lib/gcc/arm-none-eabi/15.2.1/thumb/v7-m/nofp/crtbegin.o
                0x0800526c                        PROVIDE (__init_array_end = .)
                0x0800526c                        . = ALIGN (0x4)

.fini_array     0x0800526c        0x4
                0x0800526c                        . = ALIGN (0x4)
                [!provide]                        PROVIDE (__fini_array_start = .)
 *(SORT_BY_NAME(.fini_array.*))
 *(.fini_array*)
 .fini_array    0x0800526c        0x4 /Applications/ArmGNUToolchain/15.2.rel1/arm-none-eabi/bin/../lib/gcc/arm-none-eabi/15.2.1/thumb/v7-m/nofp/crtbegin.o
                [!provide]                        PROVIDE (__fini_array_end = .)
                0x08005270                        . = ALIGN (0x4)
                0x08005270                        _sidata = LOADADDR (.data)

.rel.dyn        0x08005270        0x0
 .rel.iplt      0x08005270        0x0 /Applications/ArmGNUToolchain/15.2.rel1/arm-none-eabi/bin/../lib/gcc/arm-none-eabi/15.2.1/thumb/v7-m/nofp/crtbegin.o

.data           0x20000000       0x68 load address 0x08005270
                0x20000000                        . = ALIGN (0x4)
                0x20000000                        _sdata = .
 *(.data)
 *(.data*)
 .data.uwTickFreq
                0x20000000        0x1 build/stm32f1xx_hal.o
                0x20000000                uwTickFreq
 *fill*         0x20000001        0x3 
 .data.uwTickPrio
                0x20000004        0x4 build/stm32f1xx_hal.o
                0x20000004                uwTickPrio
 .data.SystemCoreClock
                0x20000008        0x4 build/system_stm32f1xx.o
                0x20000008                SystemCoreClock
 .data.__sglue  0x2000000c        0xc /Applications/ArmGNUToolchain/15.2.rel1/arm-none-eabi/bin/../lib/gcc/arm-none-eabi/15.2.1/../../../../arm-none-eabi/lib/thumb/v7-m/nofp/libc_nano.a(libc_a-findfp.o)
                0x2000000c                __sglue
 .data._impure_ptr
                0x20000018        0x4 /Applications/ArmGNUToolchain/15.2.rel1/arm-none-eabi/bin/../lib/gcc/arm-none-eabi/15.2.1/../../../../arm-none-eabi/lib/thumb/v7-m/nofp/libc_nano.a(libc_a-impure.o)
                0x20000018                _impure_ptr
 .data._impure_data
                0x2000001c       0x4c /Applications/ArmGNUToolchain/15.2.rel1/arm-none-eabi/bin/../lib/gcc/arm-none-eabi/15.2.1/../../../../arm-none-eabi/lib/thumb/v7-m/nofp/libc_nano.a(libc_a-impure.o)
                0x2000001c                _impure_data
 *(.RamFunc)
 *(.RamFunc*)
                0x20000068                        . = ALIGN (0x4)
                0x20000068                        _edata = .

.tm_clone_table
                0x20000068        0x0 load address 0x080052d8
 .tm_clone_table
                0x20000068        0x0 /Applications/ArmGNUToolchain/15.2.rel1/arm-none-eabi/bin/../lib/gcc/arm-none-eabi/15.2.1/thumb/v7-m/nofp/crtbegin.o
 .tm_clone_table
                0x20000068        0x0 /Applications/ArmGNUToolchain/15.2.rel1/arm-none-eabi/bin/../lib/gcc/arm-none-eabi/15.2.1/thumb/v7-m/nofp/crtend.o

.igot.plt       0x20000068        0x0 load address 0x080052d8
 .igot.plt      0x20000068        0x0 /Applications/ArmGNUToolchain/15.2.rel1/arm-none-eabi/bin/../lib/gcc/arm-none-eabi/15.2.1/thumb/v7-m/nofp/crtbegin.o
                0x20000068                        . = ALIGN (0x4)

.bss            0x20000068      0x470 load address 0x080052d8
                0x20000068                        _sbss = .
                0x20000068                        __bss_start__ = _sbss
 *(.bss)
 *(.bss*)
 .bss.completed.1
                0x20000068        0x1 /Applications/ArmGNUToolchain/15.2.rel1/arm-none-eabi/bin/../lib/gcc/arm-none-eabi/15.2.1/thumb/v7-m/nofp/crtbegin.o
 *fill*         0x20000069        0x3 
 .bss.object.0  0x2000006c       0x18 /Applications/ArmGNUToolchain/15.2.rel1/arm-none-eabi/bin/../lib/gcc/arm-none-eabi/15.2.1/thumb/v7-m/nofp/crtbegin.o
 .bss.g_app     0x20000084       0x34 build/main.o
 .bss.g_next_temperature_task_ms
                0x200000b8        0x4 build/main.o
 .bss.g_next_led_task_ms
                0x200000bc        0x4 build/main.o
 .bss.g_next_control_task_ms
                0x200000c0        0x4 build/main.o
 .bss.g_next_fan_task_ms
                0x200000c4        0x4 build/main.o
 .bss.g_next_tach_task_ms
                0x200000c8        0x4 build/main.o
 .bss.g_next_button_task_ms
                0x200000cc        0x4 build/main.o
 .bss.htim3     0x200000d0       0x48 build/tim.o
                0x200000d0                htim3
 .bss.htim2     0x20000118       0x48 build/tim.o
                0x20000118                htim2
 .bss.huart1    0x20000160       0x48 build/usart.o
                0x20000160                huart1
 .bss.uwTick    0x200001a8        0x4 build/stm32f1xx_hal.o
                0x200001a8                uwTick
 .bss.__sbrk_heap_end
                0x200001ac        0x4 build/sysmem.o
 .bss.g_tach    0x200001b0       0x80 build/tachometer.o
 .bss.g_ramp    0x20000230        0x8 build/fan_control.o
 .bss.g_fans    0x20000238       0x90 build/fan_control.o
 .bss.g_leds    0x200002c8        0xc build/led_status.o
 .bss.g_ui      0x200002d4       0x78 build/ui_lcd.o
 .bss.g_result  0x2000034c       0x3a build/Profil.o
 .bss.g_confirm_latched
                0x20000386        0x1 build/button.o
 *fill*         0x20000387        0x1 
 .bss.g_temperatures
                0x20000388        0x4 build/temperature_stub.o
 .bss.__sf      0x2000038c      0x138 /Applications/ArmGNUToolchain/15.2.rel1/arm-none-eabi/bin/../lib/gcc/arm-none-eabi/15.2.1/../../../../arm-none-eabi/lib/thumb/v7-m/nofp/libc_nano.a(libc_a-findfp.o)
                0x2000038c                __sf
 .bss.__stdio_exit_handler
                0x200004c4        0x4 /Applications/ArmGNUToolchain/15.2.rel1/arm-none-eabi/bin/../lib/gcc/arm-none-eabi/15.2.1/../../../../arm-none-eabi/lib/thumb/v7-m/nofp/libc_nano.a(libc_a-findfp.o)
                0x200004c4                __stdio_exit_handler
 .bss.__lock___malloc_recursive_mutex
                0x200004c8        0x1 /Applications/ArmGNUToolchain/15.2.rel1/arm-none-eabi/bin/../lib/gcc/arm-none-eabi/15.2.1/../../../../arm-none-eabi/lib/thumb/v7-m/nofp/libc_nano.a(libc_a-lock.o)
                0x200004c8                __lock___malloc_recursive_mutex
 .bss.__lock___sfp_recursive_mutex
                0x200004c9        0x1 /Applications/ArmGNUToolchain/15.2.rel1/arm-none-eabi/bin/../lib/gcc/arm-none-eabi/15.2.1/../../../../arm-none-eabi/lib/thumb/v7-m/nofp/libc_nano.a(libc_a-lock.o)
                0x200004c9                __lock___sfp_recursive_mutex
 *fill*         0x200004ca        0x2 
 .bss.__malloc_sbrk_start
                0x200004cc        0x4 /Applications/ArmGNUToolchain/15.2.rel1/arm-none-eabi/bin/../lib/gcc/arm-none-eabi/15.2.1/../../../../arm-none-eabi/lib/thumb/v7-m/nofp/libc_nano.a(libc_a-mallocr.o)
                0x200004cc                __malloc_sbrk_start
 .bss.__malloc_free_list
                0x200004d0        0x4 /Applications/ArmGNUToolchain/15.2.rel1/arm-none-eabi/bin/../lib/gcc/arm-none-eabi/15.2.1/../../../../arm-none-eabi/lib/thumb/v7-m/nofp/libc_nano.a(libc_a-mallocr.o)
                0x200004d0                __malloc_free_list
 .bss.errno     0x200004d4        0x4 /Applications/ArmGNUToolchain/15.2.rel1/arm-none-eabi/bin/../lib/gcc/arm-none-eabi/15.2.1/../../../../arm-none-eabi/lib/thumb/v7-m/nofp/libc_nano.a(libc_a-reent.o)
                0x200004d4                errno
 *(COMMON)
                0x200004d8                        . = ALIGN (0x4)
                0x200004d8                        _ebss = .
                0x200004d8                        __bss_end__ = _ebss

._user_heap_stack
                0x200004d8      0x600 load address 0x080052d8
                0x200004d8                        . = ALIGN (0x8)
                [!provide]                        PROVIDE (end = .)
                0x200004d8                        PROVIDE (_end = .)
                0x200006d8                        . = (. + _Min_Heap_Size)
 *fill*         0x200004d8      0x200 
                0x20000ad8                        . = (. + _Min_Stack_Size)
 *fill*         0x200006d8      0x400 
                0x20000ad8                        . = ALIGN (0x8)

/DISCARD/
 libc.a(*)
 libm.a(*)
 libgcc.a(*)
OUTPUT(build/Sans_titre.elf elf32-littlearm)
LOAD linker stubs
LOAD /Applications/ArmGNUToolchain/15.2.rel1/arm-none-eabi/bin/../lib/gcc/arm-none-eabi/15.2.1/../../../../arm-none-eabi/lib/thumb/v7-m/nofp/libc.a
LOAD /Applications/ArmGNUToolchain/15.2.rel1/arm-none-eabi/bin/../lib/gcc/arm-none-eabi/15.2.1/../../../../arm-none-eabi/lib/thumb/v7-m/nofp/libm.a
LOAD /Applications/ArmGNUToolchain/15.2.rel1/arm-none-eabi/bin/../lib/gcc/arm-none-eabi/15.2.1/thumb/v7-m/nofp/libgcc.a

.ARM.attributes
                0x00000000       0x29
 .ARM.attributes
                0x00000000       0x1d /Applications/ArmGNUToolchain/15.2.rel1/arm-none-eabi/bin/../lib/gcc/arm-none-eabi/15.2.1/thumb/v7-m/nofp/crti.o
 .ARM.attributes
                0x0000001d       0x2d /Applications/ArmGNUToolchain/15.2.rel1/arm-none-eabi/bin/../lib/gcc/arm-none-eabi/15.2.1/thumb/v7-m/nofp/crtbegin.o
 .ARM.attributes
                0x0000004a       0x2d build/main.o
 .ARM.attributes
                0x00000077       0x2d build/gpio.o
 .ARM.attributes
                0x000000a4       0x2d build/tim.o
 .ARM.attributes
                0x000000d1       0x2d build/usart.o
 .ARM.attributes
                0x000000fe       0x2d build/stm32f1xx_it.o
 .ARM.attributes
                0x0000012b       0x2d build/stm32f1xx_hal_msp.o
 .ARM.attributes
                0x00000158       0x2d build/stm32f1xx_hal_tim.o
 .ARM.attributes
                0x00000185       0x2d build/stm32f1xx_hal_tim_ex.o
 .ARM.attributes
                0x000001b2       0x2d build/stm32f1xx_hal.o
 .ARM.attributes
                0x000001df       0x2d build/stm32f1xx_hal_rcc.o
 .ARM.attributes
                0x0000020c       0x2d build/stm32f1xx_hal_gpio.o
 .ARM.attributes
                0x00000239       0x2d build/stm32f1xx_hal_cortex.o
 .ARM.attributes
                0x00000266       0x2d build/stm32f1xx_hal_uart.o
 .ARM.attributes
                0x00000293       0x2d build/system_stm32f1xx.o
 .ARM.attributes
                0x000002c0       0x2d build/sysmem.o
 .ARM.attributes
                0x000002ed       0x2d build/syscalls.o
 .ARM.attributes
                0x0000031a       0x2d build/LCD.o
 .ARM.attributes
                0x00000347       0x2d build/tachometer.o
 .ARM.attributes
                0x00000374       0x2d build/fan_control.o
 .ARM.attributes
                0x000003a1       0x2d build/led_status.o
 .ARM.attributes
                0x000003ce       0x2d build/ui_lcd.o
 .ARM.attributes
                0x000003fb       0x2d build/uart_cmd.o
 .ARM.attributes
                0x00000428       0x2d build/Profil.o
 .ARM.attributes
                0x00000455       0x2d build/AFLCalcul.o
 .ARM.attributes
                0x00000482       0x2d build/button.o
 .ARM.attributes
                0x000004af       0x2d build/temperature_stub.o
 .ARM.attributes
                0x000004dc       0x21 build/startup_stm32f103xb.o
 .ARM.attributes
                0x000004fd       0x2d /Applications/ArmGNUToolchain/15.2.rel1/arm-none-eabi/bin/../lib/gcc/arm-none-eabi/15.2.1/../../../../arm-none-eabi/lib/thumb/v7-m/nofp/libc_nano.a(libc_a-snprintf.o)
 .ARM.attributes
                0x0000052a       0x2d /Applications/ArmGNUToolchain/15.2.rel1/arm-none-eabi/bin/../lib/gcc/arm-none-eabi/15.2.1/../../../../arm-none-eabi/lib/thumb/v7-m/nofp/libc_nano.a(libc_a-findfp.o)
 .ARM.attributes
                0x00000557       0x2d /Applications/ArmGNUToolchain/15.2.rel1/arm-none-eabi/bin/../lib/gcc/arm-none-eabi/15.2.1/../../../../arm-none-eabi/lib/thumb/v7-m/nofp/libc_nano.a(libc_a-fwalk.o)
 .ARM.attributes
                0x00000584       0x2d /Applications/ArmGNUToolchain/15.2.rel1/arm-none-eabi/bin/../lib/gcc/arm-none-eabi/15.2.1/../../../../arm-none-eabi/lib/thumb/v7-m/nofp/libc_nano.a(libc_a-printf.o)
 .ARM.attributes
                0x000005b1       0x2d /Applications/ArmGNUToolchain/15.2.rel1/arm-none-eabi/bin/../lib/gcc/arm-none-eabi/15.2.1/../../../../arm-none-eabi/lib/thumb/v7-m/nofp/libc_nano.a(libc_a-puts.o)
 .ARM.attributes
                0x000005de       0x2d /Applications/ArmGNUToolchain/15.2.rel1/arm-none-eabi/bin/../lib/gcc/arm-none-eabi/15.2.1/../../../../arm-none-eabi/lib/thumb/v7-m/nofp/libc_nano.a(libc_a-memset.o)
 .ARM.attributes
                0x0000060b       0x2d /Applications/ArmGNUToolchain/15.2.rel1/arm-none-eabi/bin/../lib/gcc/arm-none-eabi/15.2.1/../../../../arm-none-eabi/lib/thumb/v7-m/nofp/libc_nano.a(libc_a-strncmp.o)
 .ARM.attributes
                0x00000638       0x2d /Applications/ArmGNUToolchain/15.2.rel1/arm-none-eabi/bin/../lib/gcc/arm-none-eabi/15.2.1/../../../../arm-none-eabi/lib/thumb/v7-m/nofp/libc_nano.a(libc_a-errno.o)
 .ARM.attributes
                0x00000665       0x2d /Applications/ArmGNUToolchain/15.2.rel1/arm-none-eabi/bin/../lib/gcc/arm-none-eabi/15.2.1/../../../../arm-none-eabi/lib/thumb/v7-m/nofp/libc_nano.a(libc_a-init.o)
 .ARM.attributes
                0x00000692       0x2d /Applications/ArmGNUToolchain/15.2.rel1/arm-none-eabi/bin/../lib/gcc/arm-none-eabi/15.2.1/../../../../arm-none-eabi/lib/thumb/v7-m/nofp/libc_nano.a(libc_a-lock.o)
 .ARM.attributes
                0x000006bf       0x2d /Applications/ArmGNUToolchain/15.2.rel1/arm-none-eabi/bin/../lib/gcc/arm-none-eabi/15.2.1/../../../../arm-none-eabi/lib/thumb/v7-m/nofp/libc_nano.a(libc_a-impure.o)
 .ARM.attributes
                0x000006ec       0x2d /Applications/ArmGNUToolchain/15.2.rel1/arm-none-eabi/bin/../lib/gcc/arm-none-eabi/15.2.1/../../../../arm-none-eabi/lib/thumb/v7-m/nofp/libc_nano.a(libc_a-memcpy-stub.o)
 .ARM.attributes
                0x00000719       0x17 /Applications/ArmGNUToolchain/15.2.rel1/arm-none-eabi/bin/../lib/gcc/arm-none-eabi/15.2.1/../../../../arm-none-eabi/lib/thumb/v7-m/nofp/libc_nano.a(libc_a-strlen.o)
 .ARM.attributes
                0x00000730       0x2d /Applications/ArmGNUToolchain/15.2.rel1/arm-none-eabi/bin/../lib/gcc/arm-none-eabi/15.2.1/../../../../arm-none-eabi/lib/thumb/v7-m/nofp/libc_nano.a(libc_a-nano-svfprintf.o)
 .ARM.attributes
                0x0000075d       0x2d /Applications/ArmGNUToolchain/15.2.rel1/arm-none-eabi/bin/../lib/gcc/arm-none-eabi/15.2.1/../../../../arm-none-eabi/lib/thumb/v7-m/nofp/libc_nano.a(libc_a-mallocr.o)
 .ARM.attributes
                0x0000078a       0x2d /Applications/ArmGNUToolchain/15.2.rel1/arm-none-eabi/bin/../lib/gcc/arm-none-eabi/15.2.1/../../../../arm-none-eabi/lib/thumb/v7-m/nofp/libc_nano.a(libc_a-nano-vfprintf.o)
 .ARM.attributes
                0x000007b7       0x2d /Applications/ArmGNUToolchain/15.2.rel1/arm-none-eabi/bin/../lib/gcc/arm-none-eabi/15.2.1/../../../../arm-none-eabi/lib/thumb/v7-m/nofp/libc_nano.a(libc_a-nano-vfprintf_i.o)
 .ARM.attributes
                0x000007e4       0x2d /Applications/ArmGNUToolchain/15.2.rel1/arm-none-eabi/bin/../lib/gcc/arm-none-eabi/15.2.1/../../../../arm-none-eabi/lib/thumb/v7-m/nofp/libc_nano.a(libc_a-mlock.o)
 .ARM.attributes
                0x00000811       0x2d /Applications/ArmGNUToolchain/15.2.rel1/arm-none-eabi/bin/../lib/gcc/arm-none-eabi/15.2.1/../../../../arm-none-eabi/lib/thumb/v7-m/nofp/libc_nano.a(libc_a-stdio.o)
 .ARM.attributes
                0x0000083e       0x2d /Applications/ArmGNUToolchain/15.2.rel1/arm-none-eabi/bin/../lib/gcc/arm-none-eabi/15.2.1/../../../../arm-none-eabi/lib/thumb/v7-m/nofp/libc_nano.a(libc_a-fflush.o)
 .ARM.attributes
                0x0000086b       0x2d /Applications/ArmGNUToolchain/15.2.rel1/arm-none-eabi/bin/../lib/gcc/arm-none-eabi/15.2.1/../../../../arm-none-eabi/lib/thumb/v7-m/nofp/libc_nano.a(libc_a-reallocr.o)
 .ARM.attributes
                0x00000898       0x2d /Applications/ArmGNUToolchain/15.2.rel1/arm-none-eabi/bin/../lib/gcc/arm-none-eabi/15.2.1/../../../../arm-none-eabi/lib/thumb/v7-m/nofp/libc_nano.a(libc_a-wbuf.o)
 .ARM.attributes
                0x000008c5       0x2d /Applications/ArmGNUToolchain/15.2.rel1/arm-none-eabi/bin/../lib/gcc/arm-none-eabi/15.2.1/../../../../arm-none-eabi/lib/thumb/v7-m/nofp/libc_nano.a(libc_a-wsetup.o)
 .ARM.attributes
                0x000008f2       0x2d /Applications/ArmGNUToolchain/15.2.rel1/arm-none-eabi/bin/../lib/gcc/arm-none-eabi/15.2.1/../../../../arm-none-eabi/lib/thumb/v7-m/nofp/libc_nano.a(libc_a-makebuf.o)
 .ARM.attributes
                0x0000091f       0x2d /Applications/ArmGNUToolchain/15.2.rel1/arm-none-eabi/bin/../lib/gcc/arm-none-eabi/15.2.1/../../../../arm-none-eabi/lib/thumb/v7-m/nofp/libc_nano.a(libc_a-memmove.o)
 .ARM.attributes
                0x0000094c       0x2d /Applications/ArmGNUToolchain/15.2.rel1/arm-none-eabi/bin/../lib/gcc/arm-none-eabi/15.2.1/../../../../arm-none-eabi/lib/thumb/v7-m/nofp/libc_nano.a(libc_a-isattyr.o)
 .ARM.attributes
                0x00000979       0x2d /Applications/ArmGNUToolchain/15.2.rel1/arm-none-eabi/bin/../lib/gcc/arm-none-eabi/15.2.1/../../../../arm-none-eabi/lib/thumb/v7-m/nofp/libc_nano.a(libc_a-lseekr.o)
 .ARM.attributes
                0x000009a6       0x2d /Applications/ArmGNUToolchain/15.2.rel1/arm-none-eabi/bin/../lib/gcc/arm-none-eabi/15.2.1/../../../../arm-none-eabi/lib/thumb/v7-m/nofp/libc_nano.a(libc_a-readr.o)
 .ARM.attributes
                0x000009d3       0x2d /Applications/ArmGNUToolchain/15.2.rel1/arm-none-eabi/bin/../lib/gcc/arm-none-eabi/15.2.1/../../../../arm-none-eabi/lib/thumb/v7-m/nofp/libc_nano.a(libc_a-sbrkr.o)
 .ARM.attributes
                0x00000a00       0x2d /Applications/ArmGNUToolchain/15.2.rel1/arm-none-eabi/bin/../lib/gcc/arm-none-eabi/15.2.1/../../../../arm-none-eabi/lib/thumb/v7-m/nofp/libc_nano.a(libc_a-writer.o)
 .ARM.attributes
                0x00000a2d       0x2d /Applications/ArmGNUToolchain/15.2.rel1/arm-none-eabi/bin/../lib/gcc/arm-none-eabi/15.2.1/../../../../arm-none-eabi/lib/thumb/v7-m/nofp/libc_nano.a(libc_a-closer.o)
 .ARM.attributes
                0x00000a5a       0x2d /Applications/ArmGNUToolchain/15.2.rel1/arm-none-eabi/bin/../lib/gcc/arm-none-eabi/15.2.1/../../../../arm-none-eabi/lib/thumb/v7-m/nofp/libc_nano.a(libc_a-reent.o)
 .ARM.attributes
                0x00000a87       0x2d /Applications/ArmGNUToolchain/15.2.rel1/arm-none-eabi/bin/../lib/gcc/arm-none-eabi/15.2.1/../../../../arm-none-eabi/lib/thumb/v7-m/nofp/libc_nano.a(libc_a-fstatr.o)
 .ARM.attributes
                0x00000ab4       0x2d /Applications/ArmGNUToolchain/15.2.rel1/arm-none-eabi/bin/../lib/gcc/arm-none-eabi/15.2.1/../../../../arm-none-eabi/lib/thumb/v7-m/nofp/libc_nano.a(libc_a-memchr-stub.o)
 .ARM.attributes
                0x00000ae1       0x2d /Applications/ArmGNUToolchain/15.2.rel1/arm-none-eabi/bin/../lib/gcc/arm-none-eabi/15.2.1/../../../../arm-none-eabi/lib/thumb/v7-m/nofp/libc_nano.a(libc_a-freer.o)
 .ARM.attributes
                0x00000b0e       0x2d /Applications/ArmGNUToolchain/15.2.rel1/arm-none-eabi/bin/../lib/gcc/arm-none-eabi/15.2.1/../../../../arm-none-eabi/lib/thumb/v7-m/nofp/libc_nano.a(libc_a-msizer.o)
 .ARM.attributes
                0x00000b3b       0x2d /Applications/ArmGNUToolchain/15.2.rel1/arm-none-eabi/bin/../lib/gcc/arm-none-eabi/15.2.1/thumb/v7-m/nofp/crtend.o
 .ARM.attributes
                0x00000b68       0x1d /Applications/ArmGNUToolchain/15.2.rel1/arm-none-eabi/bin/../lib/gcc/arm-none-eabi/15.2.1/thumb/v7-m/nofp/crtn.o

.comment        0x00000000       0x45
 .comment       0x00000000       0x45 build/main.o
                                 0x46 (size before relaxing)
 .comment       0x00000045        0x0 build/gpio.o
                                 0x46 (size before relaxing)
 .comment       0x00000045        0x0 build/tim.o
                                 0x46 (size before relaxing)
 .comment       0x00000045        0x0 build/usart.o
                                 0x46 (size before relaxing)
 .comment       0x00000045        0x0 build/stm32f1xx_it.o
                                 0x46 (size before relaxing)
 .comment       0x00000045        0x0 build/stm32f1xx_hal_msp.o
                                 0x46 (size before relaxing)
 .comment       0x00000045        0x0 build/stm32f1xx_hal_tim.o
                                 0x46 (size before relaxing)
 .comment       0x00000045        0x0 build/stm32f1xx_hal_tim_ex.o
                                 0x46 (size before relaxing)
 .comment       0x00000045        0x0 build/stm32f1xx_hal.o
                                 0x46 (size before relaxing)
 .comment       0x00000045        0x0 build/stm32f1xx_hal_rcc.o
                                 0x46 (size before relaxing)
 .comment       0x00000045        0x0 build/stm32f1xx_hal_gpio.o
                                 0x46 (size before relaxing)
 .comment       0x00000045        0x0 build/stm32f1xx_hal_cortex.o
                                 0x46 (size before relaxing)
 .comment       0x00000045        0x0 build/stm32f1xx_hal_uart.o
                                 0x46 (size before relaxing)
 .comment       0x00000045        0x0 build/system_stm32f1xx.o
                                 0x46 (size before relaxing)
 .comment       0x00000045        0x0 build/sysmem.o
                                 0x46 (size before relaxing)
 .comment       0x00000045        0x0 build/syscalls.o
                                 0x46 (size before relaxing)
 .comment       0x00000045        0x0 build/LCD.o
                                 0x46 (size before relaxing)
 .comment       0x00000045        0x0 build/tachometer.o
                                 0x46 (size before relaxing)
 .comment       0x00000045        0x0 build/fan_control.o
                                 0x46 (size before relaxing)
 .comment       0x00000045        0x0 build/led_status.o
                                 0x46 (size before relaxing)
 .comment       0x00000045        0x0 build/ui_lcd.o
                                 0x46 (size before relaxing)
 .comment       0x00000045        0x0 build/uart_cmd.o
                                 0x46 (size before relaxing)
 .comment       0x00000045        0x0 build/Profil.o
                                 0x46 (size before relaxing)
 .comment       0x00000045        0x0 build/AFLCalcul.o
                                 0x46 (size before relaxing)
 .comment       0x00000045        0x0 build/button.o
                                 0x46 (size before relaxing)
 .comment       0x00000045        0x0 build/temperature_stub.o
                                 0x46 (size before relaxing)

.debug_info     0x00000000    0x16a8e
 .debug_info    0x00000000     0x1c8c build/main.o
 .debug_info    0x00001c8c      0x40b build/gpio.o
 .debug_info    0x00002097     0x11e0 build/tim.o
 .debug_info    0x00003277      0x945 build/usart.o
 .debug_info    0x00003bbc      0x7b8 build/stm32f1xx_it.o
 .debug_info    0x00004374      0x238 build/stm32f1xx_hal_msp.o
 .debug_info    0x000045ac     0x41d9 build/stm32f1xx_hal_tim.o
 .debug_info    0x00008785     0x1d68 build/stm32f1xx_hal_tim_ex.o
 .debug_info    0x0000a4ed      0x87b build/stm32f1xx_hal.o
 .debug_info    0x0000ad68      0xb10 build/stm32f1xx_hal_rcc.o
 .debug_info    0x0000b878      0x6d7 build/stm32f1xx_hal_gpio.o
 .debug_info    0x0000bf4f      0xe3f build/stm32f1xx_hal_cortex.o
 .debug_info    0x0000cd8e     0x3f51 build/stm32f1xx_hal_uart.o
 .debug_info    0x00010cdf      0x26e build/system_stm32f1xx.o
 .debug_info    0x00010f4d      0x18c build/sysmem.o
 .debug_info    0x000110d9      0x854 build/syscalls.o
 .debug_info    0x0001192d      0x963 build/LCD.o
 .debug_info    0x00012290      0xb77 build/tachometer.o
 .debug_info    0x00012e07     0x113d build/fan_control.o
 .debug_info    0x00013f44      0x4a1 build/led_status.o
 .debug_info    0x000143e5      0xfe6 build/ui_lcd.o
 .debug_info    0x000153cb      0xd36 build/uart_cmd.o
 .debug_info    0x00016101      0x366 build/Profil.o
 .debug_info    0x00016467      0x3dd build/AFLCalcul.o
 .debug_info    0x00016844       0xb5 build/button.o
 .debug_info    0x000168f9      0x165 build/temperature_stub.o
 .debug_info    0x00016a5e       0x30 build/startup_stm32f103xb.o

.debug_abbrev   0x00000000     0x35f2
 .debug_abbrev  0x00000000      0x354 build/main.o
 .debug_abbrev  0x00000354      0x14e build/gpio.o
 .debug_abbrev  0x000004a2      0x257 build/tim.o
 .debug_abbrev  0x000006f9      0x1fd build/usart.o
 .debug_abbrev  0x000008f6      0x190 build/stm32f1xx_it.o
 .debug_abbrev  0x00000a86       0xe7 build/stm32f1xx_hal_msp.o
 .debug_abbrev  0x00000b6d      0x2bd build/stm32f1xx_hal_tim.o
 .debug_abbrev  0x00000e2a      0x2b7 build/stm32f1xx_hal_tim_ex.o
 .debug_abbrev  0x000010e1      0x232 build/stm32f1xx_hal.o
 .debug_abbrev  0x00001313      0x2d6 build/stm32f1xx_hal_rcc.o
 .debug_abbrev  0x000015e9      0x222 build/stm32f1xx_hal_gpio.o
 .debug_abbrev  0x0000180b      0x3aa build/stm32f1xx_hal_cortex.o
 .debug_abbrev  0x00001bb5      0x363 build/stm32f1xx_hal_uart.o
 .debug_abbrev  0x00001f18      0x140 build/system_stm32f1xx.o
 .debug_abbrev  0x00002058       0xeb build/sysmem.o
 .debug_abbrev  0x00002143      0x1ec build/syscalls.o
 .debug_abbrev  0x0000232f      0x225 build/LCD.o
 .debug_abbrev  0x00002554      0x26e build/tachometer.o
 .debug_abbrev  0x000027c2      0x2db build/fan_control.o
 .debug_abbrev  0x00002a9d      0x1f1 build/led_status.o
 .debug_abbrev  0x00002c8e      0x2fd build/ui_lcd.o
 .debug_abbrev  0x00002f8b      0x290 build/uart_cmd.o
 .debug_abbrev  0x0000321b      0x149 build/Profil.o
 .debug_abbrev  0x00003364      0x101 build/AFLCalcul.o
 .debug_abbrev  0x00003465       0x68 build/button.o
 .debug_abbrev  0x000034cd      0x108 build/temperature_stub.o
 .debug_abbrev  0x000035d5       0x1d build/startup_stm32f103xb.o

.debug_loc      0x00000000    0x11c30
 .debug_loc     0x00000000      0x634 build/main.o
 .debug_loc     0x00000634       0x39 build/gpio.o
 .debug_loc     0x0000066d      0x236 build/tim.o
 .debug_loc     0x000008a3      0x120 build/usart.o
 .debug_loc     0x000009c3       0x40 build/stm32f1xx_it.o
 .debug_loc     0x00000a03       0x41 build/stm32f1xx_hal_msp.o
 .debug_loc     0x00000a44     0x61e6 build/stm32f1xx_hal_tim.o
 .debug_loc     0x00006c2a     0x231d build/stm32f1xx_hal_tim_ex.o
 .debug_loc     0x00008f47      0x1f9 build/stm32f1xx_hal.o
 .debug_loc     0x00009140      0x7c6 build/stm32f1xx_hal_rcc.o
 .debug_loc     0x00009906      0x538 build/stm32f1xx_hal_gpio.o
 .debug_loc     0x00009e3e      0x84b build/stm32f1xx_hal_cortex.o
 .debug_loc     0x0000a689     0x4715 build/stm32f1xx_hal_uart.o
 .debug_loc     0x0000ed9e      0x11b build/system_stm32f1xx.o
 .debug_loc     0x0000eeb9       0x90 build/sysmem.o
 .debug_loc     0x0000ef49      0x583 build/syscalls.o
 .debug_loc     0x0000f4cc      0x79d build/LCD.o
 .debug_loc     0x0000fc69      0x60d build/tachometer.o
 .debug_loc     0x00010276      0x853 build/fan_control.o
 .debug_loc     0x00010ac9      0x1fe build/led_status.o
 .debug_loc     0x00010cc7      0x81d build/ui_lcd.o
 .debug_loc     0x000114e4      0x29a build/uart_cmd.o
 .debug_loc     0x0001177e      0x224 build/Profil.o
 .debug_loc     0x000119a2      0x23f build/AFLCalcul.o
 .debug_loc     0x00011be1       0x4f build/temperature_stub.o

.debug_aranges  0x00000000      0xff0
 .debug_aranges
                0x00000000       0x70 build/main.o
 .debug_aranges
                0x00000070       0x20 build/gpio.o
 .debug_aranges
                0x00000090       0x40 build/tim.o
 .debug_aranges
                0x000000d0       0x30 build/usart.o
 .debug_aranges
                0x00000100       0x68 build/stm32f1xx_it.o
 .debug_aranges
                0x00000168       0x20 build/stm32f1xx_hal_msp.o
 .debug_aranges
                0x00000188      0x3d0 build/stm32f1xx_hal_tim.o
 .debug_aranges
                0x00000558      0x168 build/stm32f1xx_hal_tim_ex.o
 .debug_aranges
                0x000006c0       0xe0 build/stm32f1xx_hal.o
 .debug_aranges
                0x000007a0       0x90 build/stm32f1xx_hal_rcc.o
 .debug_aranges
                0x00000830       0x58 build/stm32f1xx_hal_gpio.o
 .debug_aranges
                0x00000888       0xc0 build/stm32f1xx_hal_cortex.o
 .debug_aranges
                0x00000948      0x208 build/stm32f1xx_hal_uart.o
 .debug_aranges
                0x00000b50       0x28 build/system_stm32f1xx.o
 .debug_aranges
                0x00000b78       0x20 build/sysmem.o
 .debug_aranges
                0x00000b98       0xa8 build/syscalls.o
 .debug_aranges
                0x00000c40       0x90 build/LCD.o
 .debug_aranges
                0x00000cd0       0x58 build/tachometer.o
 .debug_aranges
                0x00000d28       0xa8 build/fan_control.o
 .debug_aranges
                0x00000dd0       0x40 build/led_status.o
 .debug_aranges
                0x00000e10       0xa0 build/ui_lcd.o
 .debug_aranges
                0x00000eb0       0x50 build/uart_cmd.o
 .debug_aranges
                0x00000f00       0x38 build/Profil.o
 .debug_aranges
                0x00000f38       0x20 build/AFLCalcul.o
 .debug_aranges
                0x00000f58       0x40 build/button.o
 .debug_aranges
                0x00000f98       0x30 build/temperature_stub.o
 .debug_aranges
                0x00000fc8       0x28 build/startup_stm32f103xb.o

.debug_ranges   0x00000000      0xfb8
 .debug_ranges  0x00000000       0x78 build/main.o
 .debug_ranges  0x00000078       0x10 build/gpio.o
 .debug_ranges  0x00000088       0x30 build/tim.o
 .debug_ranges  0x000000b8       0x20 build/usart.o
 .debug_ranges  0x000000d8       0x58 build/stm32f1xx_it.o
 .debug_ranges  0x00000130       0x10 build/stm32f1xx_hal_msp.o
 .debug_ranges  0x00000140      0x3c0 build/stm32f1xx_hal_tim.o
 .debug_ranges  0x00000500      0x158 build/stm32f1xx_hal_tim_ex.o
 .debug_ranges  0x00000658       0xd0 build/stm32f1xx_hal.o
 .debug_ranges  0x00000728       0xa0 build/stm32f1xx_hal_rcc.o
 .debug_ranges  0x000007c8       0x48 build/stm32f1xx_hal_gpio.o
 .debug_ranges  0x00000810       0xb0 build/stm32f1xx_hal_cortex.o
 .debug_ranges  0x000008c0      0x210 build/stm32f1xx_hal_uart.o
 .debug_ranges  0x00000ad0       0x18 build/system_stm32f1xx.o
 .debug_ranges  0x00000ae8       0x10 build/sysmem.o
 .debug_ranges  0x00000af8       0x98 build/syscalls.o
 .debug_ranges  0x00000b90       0xe0 build/LCD.o
 .debug_ranges  0x00000c70       0x78 build/tachometer.o
 .debug_ranges  0x00000ce8       0x98 build/fan_control.o
 .debug_ranges  0x00000d80       0x30 build/led_status.o
 .debug_ranges  0x00000db0       0xd8 build/ui_lcd.o
 .debug_ranges  0x00000e88       0x58 build/uart_cmd.o
 .debug_ranges  0x00000ee0       0x40 build/Profil.o
 .debug_ranges  0x00000f20       0x28 build/AFLCalcul.o
 .debug_ranges  0x00000f48       0x30 build/button.o
 .debug_ranges  0x00000f78       0x20 build/temperature_stub.o
 .debug_ranges  0x00000f98       0x20 build/startup_stm32f103xb.o

.debug_line     0x00000000     0xfc48
 .debug_line    0x00000000      0x8f4 build/main.o
 .debug_line    0x000008f4      0x21f build/gpio.o
 .debug_line    0x00000b13      0x540 build/tim.o
 .debug_line    0x00001053      0x2e1 build/usart.o
 .debug_line    0x00001334      0x29b build/stm32f1xx_it.o
 .debug_line    0x000015cf      0x166 build/stm32f1xx_hal_msp.o
 .debug_line    0x00001735     0x45e6 build/stm32f1xx_hal_tim.o
 .debug_line    0x00005d1b     0x1963 build/stm32f1xx_hal_tim_ex.o
 .debug_line    0x0000767e      0x51a build/stm32f1xx_hal.o
 .debug_line    0x00007b98      0xc9d build/stm32f1xx_hal_rcc.o
 .debug_line    0x00008835      0x5d1 build/stm32f1xx_hal_gpio.o
 .debug_line    0x00008e06      0x6a0 build/stm32f1xx_hal_cortex.o
 .debug_line    0x000094a6     0x337f build/stm32f1xx_hal_uart.o
 .debug_line    0x0000c825      0x22f build/system_stm32f1xx.o
 .debug_line    0x0000ca54      0x1cf build/sysmem.o
 .debug_line    0x0000cc23      0x3e2 build/syscalls.o
 .debug_line    0x0000d005      0x5f5 build/LCD.o
 .debug_line    0x0000d5fa      0x593 build/tachometer.o
 .debug_line    0x0000db8d      0x8ac build/fan_control.o
 .debug_line    0x0000e439      0x30f build/led_status.o
 .debug_line    0x0000e748      0x8fd build/ui_lcd.o
 .debug_line    0x0000f045      0x4a5 build/uart_cmd.o
 .debug_line    0x0000f4ea      0x258 build/Profil.o
 .debug_line    0x0000f742      0x237 build/AFLCalcul.o
 .debug_line    0x0000f979       0xab build/button.o
 .debug_line    0x0000fa24      0x1b3 build/temperature_stub.o
 .debug_line    0x0000fbd7       0x71 build/startup_stm32f103xb.o

.debug_str      0x00000000     0x47e6
 .debug_str     0x00000000     0x47e6 build/main.o
                               0x131b (size before relaxing)
 .debug_str     0x000047e6        0x0 build/gpio.o
                                0x263 (size before relaxing)
 .debug_str     0x000047e6        0x0 build/tim.o
                                0xcb5 (size before relaxing)
 .debug_str     0x000047e6        0x0 build/usart.o
                                0x6aa (size before relaxing)
 .debug_str     0x000047e6        0x0 build/stm32f1xx_it.o
                                0x6eb (size before relaxing)
 .debug_str     0x000047e6        0x0 build/stm32f1xx_hal_msp.o
                                0x1f7 (size before relaxing)
 .debug_str     0x000047e6        0x0 build/stm32f1xx_hal_tim.o
                               0x165d (size before relaxing)
 .debug_str     0x000047e6        0x0 build/stm32f1xx_hal_tim_ex.o
                                0xe69 (size before relaxing)
 .debug_str     0x000047e6        0x0 build/stm32f1xx_hal.o
                                0x806 (size before relaxing)
 .debug_str     0x000047e6        0x0 build/stm32f1xx_hal_rcc.o
                                0x603 (size before relaxing)
 .debug_str     0x000047e6        0x0 build/stm32f1xx_hal_gpio.o
                                0x3d8 (size before relaxing)
 .debug_str     0x000047e6        0x0 build/stm32f1xx_hal_cortex.o
                                0x8ab (size before relaxing)
 .debug_str     0x000047e6        0x0 build/stm32f1xx_hal_uart.o
                                0xccc (size before relaxing)
 .debug_str     0x000047e6        0x0 build/system_stm32f1xx.o
                                0x22c (size before relaxing)
 .debug_str     0x000047e6        0x0 build/sysmem.o
                                0x1f0 (size before relaxing)
 .debug_str     0x000047e6        0x0 build/syscalls.o
                                0x3c4 (size before relaxing)
 .debug_str     0x000047e6        0x0 build/LCD.o
                                0x2e8 (size before relaxing)
 .debug_str     0x000047e6        0x0 build/tachometer.o
                                0x873 (size before relaxing)
 .debug_str     0x000047e6        0x0 build/fan_control.o
                                0xb17 (size before relaxing)
 .debug_str     0x000047e6        0x0 build/led_status.o
                                0x377 (size before relaxing)
 .debug_str     0x000047e6        0x0 build/ui_lcd.o
                                0x72e (size before relaxing)
 .debug_str     0x000047e6        0x0 build/uart_cmd.o
                                0x906 (size before relaxing)
 .debug_str     0x000047e6        0x0 build/Profil.o
                                0x2f5 (size before relaxing)
 .debug_str     0x000047e6        0x0 build/AFLCalcul.o
                                0x36b (size before relaxing)
 .debug_str     0x000047e6        0x0 build/button.o
                                0x140 (size before relaxing)
 .debug_str     0x000047e6        0x0 build/temperature_stub.o
                                0x1fd (size before relaxing)
 .debug_str     0x000047e6        0x0 build/startup_stm32f103xb.o
                                 0x63 (size before relaxing)

.debug_frame    0x00000000     0x32b0
 .debug_frame   0x00000000      0x120 build/main.o
 .debug_frame   0x00000120       0x38 build/gpio.o
 .debug_frame   0x00000158       0xa8 build/tim.o
 .debug_frame   0x00000200       0x60 build/usart.o
 .debug_frame   0x00000260       0xc0 build/stm32f1xx_it.o
 .debug_frame   0x00000320       0x28 build/stm32f1xx_hal_msp.o
 .debug_frame   0x00000348      0xab0 build/stm32f1xx_hal_tim.o
 .debug_frame   0x00000df8      0x3e8 build/stm32f1xx_hal_tim_ex.o
 .debug_frame   0x000011e0      0x1cc build/stm32f1xx_hal.o
 .debug_frame   0x000013ac      0x184 build/stm32f1xx_hal_rcc.o
 .debug_frame   0x00001530       0xe4 build/stm32f1xx_hal_gpio.o
 .debug_frame   0x00001614      0x19c build/stm32f1xx_hal_cortex.o
 .debug_frame   0x000017b0      0x5e0 build/stm32f1xx_hal_uart.o
 .debug_frame   0x00001d90       0x30 build/system_stm32f1xx.o
 .debug_frame   0x00001dc0       0x28 build/sysmem.o
 .debug_frame   0x00001de8      0x190 build/syscalls.o
 .debug_frame   0x00001f78      0x1d8 build/LCD.o
 .debug_frame   0x00002150       0xc8 build/tachometer.o
 .debug_frame   0x00002218      0x1d4 build/fan_control.o
 .debug_frame   0x000023ec       0x84 build/led_status.o
 .debug_frame   0x00002470      0x1e8 build/ui_lcd.o
 .debug_frame   0x00002658       0xe4 build/uart_cmd.o
 .debug_frame   0x0000273c       0x64 build/Profil.o
 .debug_frame   0x000027a0       0x38 build/AFLCalcul.o
 .debug_frame   0x000027d8       0x60 build/button.o
 .debug_frame   0x00002838       0x40 build/temperature_stub.o
 .debug_frame   0x00002878       0x7c /Applications/ArmGNUToolchain/15.2.rel1/arm-none-eabi/bin/../lib/gcc/arm-none-eabi/15.2.1/../../../../arm-none-eabi/lib/thumb/v7-m/nofp/libc_nano.a(libc_a-snprintf.o)
 .debug_frame   0x000028f4      0x144 /Applications/ArmGNUToolchain/15.2.rel1/arm-none-eabi/bin/../lib/gcc/arm-none-eabi/15.2.1/../../../../arm-none-eabi/lib/thumb/v7-m/nofp/libc_nano.a(libc_a-findfp.o)
 .debug_frame   0x00002a38       0x34 /Applications/ArmGNUToolchain/15.2.rel1/arm-none-eabi/bin/../lib/gcc/arm-none-eabi/15.2.1/../../../../arm-none-eabi/lib/thumb/v7-m/nofp/libc_nano.a(libc_a-fwalk.o)
 .debug_frame   0x00002a6c       0x6c /Applications/ArmGNUToolchain/15.2.rel1/arm-none-eabi/bin/../lib/gcc/arm-none-eabi/15.2.1/../../../../arm-none-eabi/lib/thumb/v7-m/nofp/libc_nano.a(libc_a-printf.o)
 .debug_frame   0x00002ad8       0x3c /Applications/ArmGNUToolchain/15.2.rel1/arm-none-eabi/bin/../lib/gcc/arm-none-eabi/15.2.1/../../../../arm-none-eabi/lib/thumb/v7-m/nofp/libc_nano.a(libc_a-puts.o)
 .debug_frame   0x00002b14       0x20 /Applications/ArmGNUToolchain/15.2.rel1/arm-none-eabi/bin/../lib/gcc/arm-none-eabi/15.2.1/../../../../arm-none-eabi/lib/thumb/v7-m/nofp/libc_nano.a(libc_a-memset.o)
 .debug_frame   0x00002b34       0x28 /Applications/ArmGNUToolchain/15.2.rel1/arm-none-eabi/bin/../lib/gcc/arm-none-eabi/15.2.1/../../../../arm-none-eabi/lib/thumb/v7-m/nofp/libc_nano.a(libc_a-strncmp.o)
 .debug_frame   0x00002b5c       0x20 /Applications/ArmGNUToolchain/15.2.rel1/arm-none-eabi/bin/../lib/gcc/arm-none-eabi/15.2.1/../../../../arm-none-eabi/lib/thumb/v7-m/nofp/libc_nano.a(libc_a-errno.o)
 .debug_frame   0x00002b7c       0x2c /Applications/ArmGNUToolchain/15.2.rel1/arm-none-eabi/bin/../lib/gcc/arm-none-eabi/15.2.1/../../../../arm-none-eabi/lib/thumb/v7-m/nofp/libc_nano.a(libc_a-init.o)
 .debug_frame   0x00002ba8       0xb0 /Applications/ArmGNUToolchain/15.2.rel1/arm-none-eabi/bin/../lib/gcc/arm-none-eabi/15.2.1/../../../../arm-none-eabi/lib/thumb/v7-m/nofp/libc_nano.a(libc_a-lock.o)
 .debug_frame   0x00002c58       0x28 /Applications/ArmGNUToolchain/15.2.rel1/arm-none-eabi/bin/../lib/gcc/arm-none-eabi/15.2.1/../../../../arm-none-eabi/lib/thumb/v7-m/nofp/libc_nano.a(libc_a-memcpy-stub.o)
 .debug_frame   0x00002c80       0x20 /Applications/ArmGNUToolchain/15.2.rel1/arm-none-eabi/bin/../lib/gcc/arm-none-eabi/15.2.1/../../../../arm-none-eabi/lib/thumb/v7-m/nofp/libc_nano.a(libc_a-strlen.o)
 .debug_frame   0x00002ca0       0x90 /Applications/ArmGNUToolchain/15.2.rel1/arm-none-eabi/bin/../lib/gcc/arm-none-eabi/15.2.1/../../../../arm-none-eabi/lib/thumb/v7-m/nofp/libc_nano.a(libc_a-nano-svfprintf.o)
 .debug_frame   0x00002d30       0x50 /Applications/ArmGNUToolchain/15.2.rel1/arm-none-eabi/bin/../lib/gcc/arm-none-eabi/15.2.1/../../../../arm-none-eabi/lib/thumb/v7-m/nofp/libc_nano.a(libc_a-mallocr.o)
 .debug_frame   0x00002d80       0xa8 /Applications/ArmGNUToolchain/15.2.rel1/arm-none-eabi/bin/../lib/gcc/arm-none-eabi/15.2.1/../../../../arm-none-eabi/lib/thumb/v7-m/nofp/libc_nano.a(libc_a-nano-vfprintf.o)
 .debug_frame   0x00002e28       0x60 /Applications/ArmGNUToolchain/15.2.rel1/arm-none-eabi/bin/../lib/gcc/arm-none-eabi/15.2.1/../../../../arm-none-eabi/lib/thumb/v7-m/nofp/libc_nano.a(libc_a-nano-vfprintf_i.o)
 .debug_frame   0x00002e88       0x30 /Applications/ArmGNUToolchain/15.2.rel1/arm-none-eabi/bin/../lib/gcc/arm-none-eabi/15.2.1/../../../../arm-none-eabi/lib/thumb/v7-m/nofp/libc_nano.a(libc_a-mlock.o)
 .debug_frame   0x00002eb8       0x88 /Applications/ArmGNUToolchain/15.2.rel1/arm-none-eabi/bin/../lib/gcc/arm-none-eabi/15.2.1/../../../../arm-none-eabi/lib/thumb/v7-m/nofp/libc_nano.a(libc_a-stdio.o)
 .debug_frame   0x00002f40       0x5c /Applications/ArmGNUToolchain/15.2.rel1/arm-none-eabi/bin/../lib/gcc/arm-none-eabi/15.2.1/../../../../arm-none-eabi/lib/thumb/v7-m/nofp/libc_nano.a(libc_a-fflush.o)
 .debug_frame   0x00002f9c       0x3c /Applications/ArmGNUToolchain/15.2.rel1/arm-none-eabi/bin/../lib/gcc/arm-none-eabi/15.2.1/../../../../arm-none-eabi/lib/thumb/v7-m/nofp/libc_nano.a(libc_a-reallocr.o)
 .debug_frame   0x00002fd8       0x40 /Applications/ArmGNUToolchain/15.2.rel1/arm-none-eabi/bin/../lib/gcc/arm-none-eabi/15.2.1/../../../../arm-none-eabi/lib/thumb/v7-m/nofp/libc_nano.a(libc_a-wbuf.o)
 .debug_frame   0x00003018       0x2c /Applications/ArmGNUToolchain/15.2.rel1/arm-none-eabi/bin/../lib/gcc/arm-none-eabi/15.2.1/../../../../arm-none-eabi/lib/thumb/v7-m/nofp/libc_nano.a(libc_a-wsetup.o)
 .debug_frame   0x00003044       0x58 /Applications/ArmGNUToolchain/15.2.rel1/arm-none-eabi/bin/../lib/gcc/arm-none-eabi/15.2.1/../../../../arm-none-eabi/lib/thumb/v7-m/nofp/libc_nano.a(libc_a-makebuf.o)
 .debug_frame   0x0000309c       0x28 /Applications/ArmGNUToolchain/15.2.rel1/arm-none-eabi/bin/../lib/gcc/arm-none-eabi/15.2.1/../../../../arm-none-eabi/lib/thumb/v7-m/nofp/libc_nano.a(libc_a-memmove.o)
 .debug_frame   0x000030c4       0x2c /Applications/ArmGNUToolchain/15.2.rel1/arm-none-eabi/bin/../lib/gcc/arm-none-eabi/15.2.1/../../../../arm-none-eabi/lib/thumb/v7-m/nofp/libc_nano.a(libc_a-isattyr.o)
 .debug_frame   0x000030f0       0x2c /Applications/ArmGNUToolchain/15.2.rel1/arm-none-eabi/bin/../lib/gcc/arm-none-eabi/15.2.1/../../../../arm-none-eabi/lib/thumb/v7-m/nofp/libc_nano.a(libc_a-lseekr.o)
 .debug_frame   0x0000311c       0x2c /Applications/ArmGNUToolchain/15.2.rel1/arm-none-eabi/bin/../lib/gcc/arm-none-eabi/15.2.1/../../../../arm-none-eabi/lib/thumb/v7-m/nofp/libc_nano.a(libc_a-readr.o)
 .debug_frame   0x00003148       0x2c /Applications/ArmGNUToolchain/15.2.rel1/arm-none-eabi/bin/../lib/gcc/arm-none-eabi/15.2.1/../../../../arm-none-eabi/lib/thumb/v7-m/nofp/libc_nano.a(libc_a-sbrkr.o)
 .debug_frame   0x00003174       0x2c /Applications/ArmGNUToolchain/15.2.rel1/arm-none-eabi/bin/../lib/gcc/arm-none-eabi/15.2.1/../../../../arm-none-eabi/lib/thumb/v7-m/nofp/libc_nano.a(libc_a-writer.o)
 .debug_frame   0x000031a0       0x2c /Applications/ArmGNUToolchain/15.2.rel1/arm-none-eabi/bin/../lib/gcc/arm-none-eabi/15.2.1/../../../../arm-none-eabi/lib/thumb/v7-m/nofp/libc_nano.a(libc_a-closer.o)
 .debug_frame   0x000031cc       0x38 /Applications/ArmGNUToolchain/15.2.rel1/arm-none-eabi/bin/../lib/gcc/arm-none-eabi/15.2.1/../../../../arm-none-eabi/lib/thumb/v7-m/nofp/libc_nano.a(libc_a-reent.o)